Component: ARM Compiler 5.06 update 5 (build 528) Tool: armlink [4d35e2]

==============================================================================

Section Cross References

    spectrum.o(i.Task0) refers to daddsub_clz.o(x$fpl$dsub) for __aeabi_dsub
    spectrum.o(i.Task0) refers to ddiv.o(x$fpl$ddiv) for __aeabi_ddiv
    spectrum.o(i.Task0) refers to daddsub_clz.o(x$fpl$dadd) for __aeabi_dadd
    spectrum.o(i.Task0) refers to dmul.o(x$fpl$dmul) for __aeabi_dmul
    spectrum.o(i.Task0) refers to spectrum.o(.bss) for real
    spectrum.o(i.Task1) refers to bsp.o(i.BSP_Time_Get) for BSP_Time_Get
    spectrum.o(i.Task1) refers to bsp.o(i.BSP_Microphone_Input) for BSP_Microphone_Input
    spectrum.o(i.Task1) refers to dflt_clz.o(x$fpl$dfltu) for __aeabi_ui2d
    spectrum.o(i.Task1) refers to fft.o(i.FFT) for FFT
    spectrum.o(i.Task1) refers to dmul.o(x$fpl$dmul) for __aeabi_dmul
    spectrum.o(i.Task1) refers to daddsub_clz.o(x$fpl$dadd) for __aeabi_dadd
    spectrum.o(i.Task1) refers to sqrt.o(i.sqrt) for sqrt
    spectrum.o(i.Task1) refers to ddiv.o(x$fpl$ddiv) for __aeabi_ddiv
    spectrum.o(i.Task1) refers to spectrum.o(.data) for kfft
    spectrum.o(i.Task1) refers to spectrum.o(.bss) for real
    spectrum.o(i.Task3) refers to bsp.o(i.BSP_Button1_Input) for BSP_Button1_Input
    spectrum.o(i.Task3) refers to bsp.o(i.BSP_LCD_Color565) for BSP_LCD_Color565
    spectrum.o(i.Task3) refers to bsp.o(i.BSP_LCD_FillScreen) for BSP_LCD_FillScreen
    spectrum.o(i.Task3) refers to bsp.o(i.BSP_Button2_Input) for BSP_Button2_Input
    spectrum.o(i.Task3) refers to spectrum.o(.data) for prev1
    spectrum.o(i.Task4) refers to bsp.o(i.BSP_LCD_Drawaxes) for BSP_LCD_Drawaxes
    spectrum.o(i.Task4) refers to dfix.o(x$fpl$dfix) for __aeabi_d2iz
    spectrum.o(i.Task4) refers to bsp.o(i.BSP_LCD_PlotPoint) for BSP_LCD_PlotPoint
    spectrum.o(i.Task4) refers to bsp.o(i.BSP_LCD_PlotIncrement) for BSP_LCD_PlotIncrement
    spectrum.o(i.Task4) refers to bsp.o(i.BSP_LCD_DrawString) for BSP_LCD_DrawString
    spectrum.o(i.Task4) refers to bsp.o(i.BSP_LCD_SetCursor) for BSP_LCD_SetCursor
    spectrum.o(i.Task4) refers to bsp.o(i.BSP_LCD_OutUDec) for BSP_LCD_OutUDec
    spectrum.o(i.Task4) refers to bsp.o(i.BSP_Microphone_Input) for BSP_Microphone_Input
    spectrum.o(i.Task4) refers to dflt_clz.o(x$fpl$dflt) for __aeabi_i2d
    spectrum.o(i.Task4) refers to dleqf.o(x$fpl$dleqf) for __aeabi_cdcmple
    spectrum.o(i.Task4) refers to bsp.o(i.BSP_LCD_FillRect) for BSP_LCD_FillRect
    spectrum.o(i.Task4) refers to spectrum.o(.data) for ReDrawAxes
    spectrum.o(i.Task4) refers to spectrum.o(.bss) for real
    spectrum.o(i.main) refers to startup_tm4c123.o(.text) for DisableInterrupts
    spectrum.o(i.main) refers to bsp.o(i.BSP_Clock_InitFastest) for BSP_Clock_InitFastest
    spectrum.o(i.main) refers to profile.o(i.Profile_Init) for Profile_Init
    spectrum.o(i.main) refers to texas.o(i.TExaS_Init) for TExaS_Init
    spectrum.o(i.main) refers to bsp.o(i.BSP_Button1_Init) for BSP_Button1_Init
    spectrum.o(i.main) refers to bsp.o(i.BSP_Button2_Init) for BSP_Button2_Init
    spectrum.o(i.main) refers to bsp.o(i.BSP_Microphone_Init) for BSP_Microphone_Init
    spectrum.o(i.main) refers to bsp.o(i.BSP_LCD_Init) for BSP_LCD_Init
    spectrum.o(i.main) refers to bsp.o(i.BSP_LCD_Color565) for BSP_LCD_Color565
    spectrum.o(i.main) refers to bsp.o(i.BSP_LCD_FillScreen) for BSP_LCD_FillScreen
    spectrum.o(i.main) refers to spectrum.o(i.Task1) for Task1
    spectrum.o(i.main) refers to spectrum.o(i.Task0) for Task0
    spectrum.o(i.main) refers to spectrum.o(i.Task3) for Task3
    spectrum.o(i.main) refers to spectrum.o(i.Task4) for Task4
    spectrum.o(i.main) refers to spectrum.o(.data) for PlotState
    bsp.o(i.BSP_Accelerometer_Init) refers to bsp.o(i.adcinit) for adcinit
    bsp.o(i.BSP_Buzzer_Init) refers to bsp.o(.data) for ClockFrequency
    bsp.o(i.BSP_Buzzer_Set) refers to bsp.o(.data) for PWMCycles
    bsp.o(i.BSP_Clock_GetFreq) refers to bsp.o(.data) for ClockFrequency
    bsp.o(i.BSP_Clock_InitFastest) refers to bsp.o(.data) for ClockFrequency
    bsp.o(i.BSP_Delay1ms) refers to bsp.o(.emb_text) for parrotdelay
    bsp.o(i.BSP_Joystick_Init) refers to bsp.o(i.adcinit) for adcinit
    bsp.o(i.BSP_LCD_DrawBitmap) refers to bsp.o(i.setAddrWindow) for setAddrWindow
    bsp.o(i.BSP_LCD_DrawBitmap) refers to bsp.o(i.writedata) for writedata
    bsp.o(i.BSP_LCD_DrawBitmap) refers to bsp.o(.data) for _width
    bsp.o(i.BSP_LCD_DrawChar) refers to bsp.o(i.setAddrWindow) for setAddrWindow
    bsp.o(i.BSP_LCD_DrawChar) refers to bsp.o(i.pushColor) for pushColor
    bsp.o(i.BSP_LCD_DrawChar) refers to bsp.o(.data) for _width
    bsp.o(i.BSP_LCD_DrawChar) refers to bsp.o(.constdata) for Font
    bsp.o(i.BSP_LCD_DrawCharS) refers to bsp.o(i.BSP_LCD_DrawPixel) for BSP_LCD_DrawPixel
[...]
    rtexit.o(.ARM.Collect$$rtexit$$00000000) refers (Special) to rtexit2.o(.ARM.Collect$$rtexit$$00000003) for __rt_exit_ls
    rtexit.o(.ARM.Collect$$rtexit$$00000000) refers (Special) to rtexit2.o(.ARM.Collect$$rtexit$$00000002) for __rt_exit_prels_1
    rtexit.o(.ARM.exidx) refers (Special) to rtexit2.o(.ARM.Collect$$rtexit$$00000004) for __rt_exit_exit
    rtexit.o(.ARM.exidx) refers (Special) to rtexit2.o(.ARM.Collect$$rtexit$$00000003) for __rt_exit_ls
    rtexit.o(.ARM.exidx) refers (Special) to rtexit2.o(.ARM.Collect$$rtexit$$00000002) for __rt_exit_prels_1
    rtexit.o(.ARM.exidx) refers to rtexit.o(.ARM.Collect$$rtexit$$00000000) for .ARM.Collect$$rtexit$$00000000
    libinit2.o(.ARM.Collect$$libinit$$00000010) refers to libinit2.o(.ARM.Collect$$libinit$$0000000F) for .ARM.Collect$$libinit$$0000000F
    libinit2.o(.ARM.Collect$$libinit$$00000012) refers to libinit2.o(.ARM.Collect$$libinit$$0000000F) for .ARM.Collect$$libinit$$0000000F
    libinit2.o(.ARM.Collect$$libinit$$00000014) refers to libinit2.o(.ARM.Collect$$libinit$$0000000F) for .ARM.Collect$$libinit$$0000000F
    libinit2.o(.ARM.Collect$$libinit$$00000016) refers to libinit2.o(.ARM.Collect$$libinit$$0000000F) for .ARM.Collect$$libinit$$0000000F
    libinit2.o(.ARM.Collect$$libinit$$00000018) refers to libinit2.o(.ARM.Collect$$libinit$$0000000F) for .ARM.Collect$$libinit$$0000000F
    libinit2.o(.ARM.Collect$$libinit$$00000026) refers to argv_veneer.o(.emb_text) for __ARM_argv_veneer
    libinit2.o(.ARM.Collect$$libinit$$00000027) refers to argv_veneer.o(.emb_text) for __ARM_argv_veneer
    rtexit2.o(.ARM.Collect$$rtexit$$00000003) refers to libshutdown.o(.ARM.Collect$$libshutdown$$00000000) for __rt_lib_shutdown
    rtexit2.o(.ARM.Collect$$rtexit$$00000004) refers to sys_exit.o(.text) for _sys_exit
    rtexit2.o(.ARM.exidx) refers to rtexit2.o(.ARM.Collect$$rtexit$$00000001) for .ARM.Collect$$rtexit$$00000001
    rtexit2.o(.ARM.exidx) refers to rtexit2.o(.ARM.Collect$$rtexit$$00000003) for .ARM.Collect$$rtexit$$00000003
    rtexit2.o(.ARM.exidx) refers to rtexit2.o(.ARM.Collect$$rtexit$$00000004) for .ARM.Collect$$rtexit$$00000004
    argv_veneer.o(.emb_text) refers to no_argv.o(.text) for __ARM_get_argv
    sys_exit.o(.text) refers (Special) to use_no_semi.o(.text) for __I$use$semihosting
    sys_exit.o(.text) refers (Special) to indicate_semi.o(.text) for __semihosting_library_function
    _get_argv_nomalloc.o(.text) refers (Special) to hrguard.o(.text) for __heap_region$guard
    _get_argv_nomalloc.o(.text) refers to defsig_rtmem_outer.o(.text) for __rt_SIGRTMEM
    _get_argv_nomalloc.o(.text) refers to sys_command.o(.text) for _sys_command_string
    libshutdown.o(.ARM.Collect$$libshutdown$$00000000) refers (Special) to libshutdown2.o(.ARM.Collect$$libshutdown$$00000002) for __rt_lib_shutdown_cpp_1
    libshutdown.o(.ARM.Collect$$libshutdown$$00000000) refers (Special) to libshutdown2.o(.ARM.Collect$$libshutdown$$00000007) for __rt_lib_shutdown_fp_trap_1
    libshutdown.o(.ARM.Collect$$libshutdown$$00000000) refers (Special) to libshutdown2.o(.ARM.Collect$$libshutdown$$0000000F) for __rt_lib_shutdown_heap_1
    libshutdown.o(.ARM.Collect$$libshutdown$$00000000) refers (Special) to libshutdown2.o(.ARM.Collect$$libshutdown$$00000010) for __rt_lib_shutdown_return
    libshutdown.o(.ARM.Collect$$libshutdown$$00000000) refers (Special) to libshutdown2.o(.ARM.Collect$$libshutdown$$0000000A) for __rt_lib_shutdown_signal_1
    libshutdown.o(.ARM.Collect$$libshutdown$$00000000) refers (Special) to libshutdown2.o(.ARM.Collect$$libshutdown$$00000004) for __rt_lib_shutdown_stdio_1
    libshutdown.o(.ARM.Collect$$libshutdown$$00000000) refers (Special) to libshutdown2.o(.ARM.Collect$$libshutdown$$0000000C) for __rt_lib_shutdown_user_alloc_1
    sys_command.o(.text) refers (Special) to use_no_semi.o(.text) for __I$use$semihosting
    sys_command.o(.text) refers (Special) to indicate_semi.o(.text) for __semihosting_library_function
    defsig_rtmem_outer.o(.text) refers to defsig_rtmem_inner.o(.text) for __rt_SIGRTMEM_inner
    defsig_rtmem_outer.o(.text) refers to defsig_exit.o(.text) for __sig_exit
    defsig_rtmem_formal.o(.text) refers to rt_raise.o(.text) for __rt_raise
    rt_raise.o(.text) refers to __raise.o(.text) for __raise
    rt_raise.o(.text) refers to sys_exit.o(.text) for _sys_exit
    defsig_exit.o(.text) refers to sys_exit.o(.text) for _sys_exit
    defsig_rtmem_inner.o(.text) refers to defsig_general.o(.text) for __default_signal_display
    __raise.o(.text) refers to defsig.o(CL$$defsig) for __default_signal_handler
    defsig_general.o(.text) refers to sys_wrch.o(.text) for _ttywrch
    sys_wrch.o(.text) refers (Special) to use_no_semi.o(.text) for __I$use$semihosting
    sys_wrch.o(.text) refers (Special) to indicate_semi.o(.text) for __semihosting_library_function
    defsig.o(CL$$defsig) refers to defsig_rtmem_inner.o(.text) for __rt_SIGRTMEM_inner
    defsig_abrt_inner.o(.text) refers to defsig_general.o(.text) for __default_signal_display
    defsig_fpe_inner.o(.text) refers to defsig_general.o(.text) for __default_signal_display
    defsig_rtred_inner.o(.text) refers to defsig_general.o(.text) for __default_signal_display
    defsig_stak_inner.o(.text) refers to defsig_general.o(.text) for __default_signal_display
    defsig_pvfn_inner.o(.text) refers to defsig_general.o(.text) for __default_signal_display
    defsig_cppl_inner.o(.text) refers to defsig_general.o(.text) for __default_signal_display
    defsig_segv_inner.o(.text) refers to defsig_general.o(.text) for __default_signal_display
    defsig_other.o(.text) refers to defsig_general.o(.text) for __default_signal_display


==============================================================================

Removing Unused input sections from the image.

    Removing bsp.o(i.BSP_Accelerometer_Init), (176 bytes).
    Removing bsp.o(i.BSP_Accelerometer_Input), (72 bytes).
    Removing bsp.o(i.BSP_Buzzer_Init), (212 bytes).
    Removing bsp.o(i.BSP_Buzzer_Set), (32 bytes).
    Removing bsp.o(i.BSP_Joystick_Init), (304 bytes).
    Removing bsp.o(i.BSP_Joystick_Input), (64 bytes).
    Removing bsp.o(i.BSP_LCD_DrawBitmap), (288 bytes).
    Removing bsp.o(i.BSP_LCD_DrawCharS), (248 bytes).
    Removing bsp.o(i.BSP_LCD_OutUDec4), (136 bytes).
    Removing bsp.o(i.BSP_LCD_OutUDec5), (136 bytes).
    Removing bsp.o(i.BSP_LCD_OutUFix2_1), (112 bytes).
    Removing bsp.o(i.BSP_LCD_OutUHex2), (112 bytes).
    Removing bsp.o(i.BSP_LCD_SwapColor), (18 bytes).
    Removing bsp.o(i.BSP_LightSensor_End), (68 bytes).
    Removing bsp.o(i.BSP_LightSensor_Init), (84 bytes).
    Removing bsp.o(i.BSP_LightSensor_Input), (52 bytes).
    Removing bsp.o(i.BSP_LightSensor_Start), (28 bytes).
    Removing bsp.o(i.BSP_PeriodicTask_Init), (192 bytes).
    Removing bsp.o(i.BSP_PeriodicTask_InitB), (188 bytes).
    Removing bsp.o(i.BSP_PeriodicTask_InitC), (188 bytes).
    Removing bsp.o(i.BSP_PeriodicTask_Restart), (24 bytes).
    Removing bsp.o(i.BSP_PeriodicTask_Stop), (24 bytes).
    Removing bsp.o(i.BSP_PeriodicTask_StopB), (24 bytes).
    Removing bsp.o(i.BSP_PeriodicTask_StopC), (24 bytes).
    Removing bsp.o(i.BSP_RGB_D_Init), (344 bytes).
    Removing bsp.o(i.BSP_RGB_D_Set), (64 bytes).
    Removing bsp.o(i.BSP_RGB_D_Toggle), (60 bytes).
    Removing bsp.o(i.BSP_RGB_Init), (576 bytes).
    Removing bsp.o(i.BSP_RGB_Set), (80 bytes).
    Removing bsp.o(i.BSP_TempSensor_End), (76 bytes).
    Removing bsp.o(i.BSP_TempSensor_Init), (84 bytes).
    Removing bsp.o(i.BSP_TempSensor_Input), (60 bytes).
    Removing bsp.o(i.BSP_TempSensor_Start), (28 bytes).
    Removing bsp.o(i.I2C_Recv2), (120 bytes).
    Removing bsp.o(i.I2C_Send1), (72 bytes).
    Removing bsp.o(i.I2C_Send3), (176 bytes).
    Removing bsp.o(i.fillmessage2_1), (96 bytes).
    Removing bsp.o(i.fillmessage2_Hex), (84 bytes).
    Removing bsp.o(i.fillmessage4), (100 bytes).
    Removing bsp.o(i.fillmessage5), (128 bytes).
    Removing bsp.o(i.i2cinit), (148 bytes).
    Removing bsp.o(i.lightsensorend), (80 bytes).
    Removing bsp.o(i.lightsensorstart), (36 bytes).
    Removing bsp.o(i.tempsensorend), (68 bytes).
    Removing bsp.o(i.tempsensorstart), (18 bytes).
    Removing profile.o(i.Profile_Get), (76 bytes).
    Removing texas.o(i.TExaS_Task0), (108 bytes).
    Removing texas.o(i.TExaS_Task1), (108 bytes).
    Removing texas.o(i.TExaS_Task2), (108 bytes).
    Removing texas.o(i.TExaS_Task3), (108 bytes).
    Removing texas.o(i.TExaS_Task4), (108 bytes).
    Removing texas.o(i.TExaS_Task5), (108 bytes).
    Removing texas.o(i.UART_InChar), (28 bytes).
    Removing texas.o(i.UART_InCharNonBlocking), (28 bytes).
    Removing texas.o(i.UART_InString), (66 bytes).
    Removing texas.o(i.UART_InUDec), (76 bytes).
    Removing texas.o(i.UART_InUHex), (104 bytes).
    Removing texas.o(i.UART_OutCharNonBlock), (12 bytes).
    Removing texas.o(i.UART_OutUDec4), (68 bytes).
    Removing texas.o(i.UART_OutUHex), (52 bytes).
    Removing texas.o(i.fillmessage4b), (88 bytes).
    Removing system_tm4c123.o(.rev16_text), (4 bytes).
    Removing system_tm4c123.o(.revsh_text), (4 bytes).
    Removing system_tm4c123.o(.rrx_text), (6 bytes).
    Removing system_tm4c123.o(i.SystemCoreClockUpdate), (196 bytes).
    Removing system_tm4c123.o(i.SystemInit), (136 bytes).
    Removing system_tm4c123.o(i.getOscClk), (248 bytes).
    Removing system_tm4c123.o(.data), (4 bytes).

68 unused section(s) (total 7148 bytes) removed from the image.

==============================================================================

Image Symbol Table

    Local Symbols

    Symbol Name                              Value     Ov Type        Size  Object(Section)

    RESET                                    0x00000000   Section      620  startup_tm4c123.o(RESET)
    ../clib/angel/boardlib.s                 0x00000000   Number         0  boardshut.o ABSOLUTE
    ../clib/angel/boardlib.s                 0x00000000   Number         0  boardinit1.o ABSOLUTE
    ../clib/angel/boardlib.s                 0x00000000   Number         0  boardinit2.o ABSOLUTE
    ../clib/angel/boardlib.s                 0x00000000   Number         0  boardinit3.o ABSOLUTE
    ../clib/angel/handlers.s                 0x00000000   Number         0  __scatter_zi.o ABSOLUTE
    ../clib/angel/handlers.s                 0x00000000   Number         0  __scatter_copy.o ABSOLUTE
    ../clib/angel/kernel.s                   0x00000000   Number         0  __rtentry2.o ABSOLUTE
    ../clib/angel/kernel.s                   0x00000000   Number         0  __rtentry4.o ABSOLUTE
    ../clib/angel/kernel.s                   0x00000000   Number         0  rtexit2.o ABSOLUTE
    ../clib/angel/kernel.s                   0x00000000   Number         0  __rtentry.o ABSOLUTE
    ../clib/angel/kernel.s                   0x00000000   Number         0  rtexit.o ABSOLUTE
    ../clib/angel/rt.s                       0x00000000   Number         0  rt_errno_addr.o ABSOLUTE
    ../clib/angel/rt.s                       0x00000000   Number         0  rt_errno_addr_intlibspace.o ABSOLUTE
    ../clib/angel/rt.s                       0x00000000   Number         0  rt_raise.o ABSOLUTE
    ../clib/angel/scatter.s                  0x00000000   Number         0  __scatter.o ABSOLUTE
    ../clib/angel/startup.s                  0x00000000   Number         0  __main.o ABSOLUTE
    ../clib/angel/sys.s                      0x00000000   Number         0  libspace.o ABSOLUTE
    ../clib/angel/sys.s                      0x00000000   Number         0  use_no_semi.o ABSOLUTE
    ../clib/angel/sys.s                      0x00000000   Number         0  indicate_semi.o ABSOLUTE
    ../clib/angel/sys.s                      0x00000000   Number         0  sys_stackheap_outer.o ABSOLUTE
    ../clib/angel/sysapp.c                   0x00000000   Number         0  sys_exit.o ABSOLUTE
    ../clib/angel/sysapp.c                   0x00000000   Number         0  sys_command.o ABSOLUTE
    ../clib/angel/sysapp.c                   0x00000000   Number         0  sys_wrch.o ABSOLUTE
    ../clib/armsys.c                         0x00000000   Number         0  argv_veneer.o ABSOLUTE
    ../clib/armsys.c                         0x00000000   Number         0  argv_veneer.o ABSOLUTE
    ../clib/armsys.c                         0x00000000   Number         0  _get_argv_nomalloc.o ABSOLUTE
    ../clib/armsys.c                         0x00000000   Number         0  no_argv.o ABSOLUTE
    ../clib/fenv.c                           0x00000000   Number         0  _rserrno.o ABSOLUTE
    ../clib/heapalloc.c                      0x00000000   Number         0  hrguard.o ABSOLUTE
    ../clib/heapaux.c                        0x00000000   Number         0  heapauxi.o ABSOLUTE
    ../clib/libinit.s                        0x00000000   Number         0  libinit2.o ABSOLUTE
    ../clib/libinit.s                        0x00000000   Number         0  libshutdown2.o ABSOLUTE
    ../clib/libinit.s                        0x00000000   Number         0  libinit.o ABSOLUTE
    ../clib/libinit.s                        0x00000000   Number         0  libshutdown.o ABSOLUTE
    ../clib/signal.c                         0x00000000   Number         0  defsig_abrt_inner.o ABSOLUTE
    ../clib/signal.c                         0x00000000   Number         0  defsig_stak_inner.o ABSOLUTE
    ../clib/signal.c                         0x00000000   Number         0  defsig_pvfn_inner.o ABSOLUTE
    ../clib/signal.c                         0x00000000   Number         0  defsig_general.o ABSOLUTE
    ../clib/signal.c                         0x00000000   Number         0  __raise.o ABSOLUTE
    ../clib/signal.c                         0x00000000   Number         0  defsig_rtmem_inner.o ABSOLUTE
    ../clib/signal.c                         0x00000000   Number         0  defsig_exit.o ABSOLUTE
    ../clib/signal.c                         0x00000000   Number         0  defsig_cppl_inner.o ABSOLUTE
    ../clib/signal.c                         0x00000000   Number         0  defsig_segv_inner.o ABSOLUTE
    ../clib/signal.c                         0x00000000   Number         0  defsig_other.o ABSOLUTE
    ../clib/signal.c                         0x00000000   Number         0  defsig_rtred_inner.o ABSOLUTE
    ../clib/signal.c                         0x00000000   Number         0  defsig_rtmem_formal.o ABSOLUTE
    ../clib/signal.c                         0x00000000   Number         0  defsig_fpe_inner.o ABSOLUTE
    ../clib/signal.c                         0x00000000   Number         0  defsig_rtmem_outer.o ABSOLUTE
    ../clib/signal.s                         0x00000000   Number         0  defsig.o ABSOLUTE
    ../clib/stdlib.c                         0x00000000   Number         0  exit.o ABSOLUTE
    ../fplib/daddsub.s                       0x00000000   Number         0  daddsub_clz.o ABSOLUTE
    ../fplib/dcmpi.s                         0x00000000   Number         0  dcmpi.o ABSOLUTE
    ../fplib/ddiv.s                          0x00000000   Number         0  ddiv.o ABSOLUTE
    ../fplib/dfix.s                          0x00000000   Number         0  dfix.o ABSOLUTE
    ../fplib/dflt.s                          0x00000000   Number         0  dflt_clz.o ABSOLUTE
    ../fplib/dleqf.s                         0x00000000   Number         0  dleqf.o ABSOLUTE
    ../fplib/dmul.s                          0x00000000   Number         0  dmul.o ABSOLUTE
    ../fplib/dnaninf.s                       0x00000000   Number         0  dnaninf.o ABSOLUTE
    ../fplib/dretinf.s                       0x00000000   Number         0  dretinf.o ABSOLUTE
    ../fplib/dsqrt.s                         0x00000000   Number         0  dsqrt_umaal.o ABSOLUTE
    ../fplib/fpinit.s                        0x00000000   Number         0  fpinit.o ABSOLUTE
    ../fplib/usenofp.s                       0x00000000   Number         0  usenofp.o ABSOLUTE
    ../mathlib/sqrt.c                        0x00000000   Number         0  sqrt_x.o ABSOLUTE
    ../mathlib/sqrt.c                        0x00000000   Number         0  sqrt.o ABSOLUTE
    ..\\inc\\BSP.c                           0x00000000   Number         0  bsp.o ABSOLUTE
    ..\inc\BSP.c                             0x00000000   Number         0  bsp.o ABSOLUTE
    ..\inc\Profile.c                         0x00000000   Number         0  profile.o ABSOLUTE
    FFT.c                                    0x00000000   Number         0  fft.o ABSOLUTE
    RTE\Device\TM4C123GH6PM\startup_TM4C123.s 0x00000000   Number         0  startup_tm4c123.o ABSOLUTE
    RTE\Device\TM4C123GH6PM\system_TM4C123.c 0x00000000   Number         0  system_tm4c123.o ABSOLUTE
    RTE\\Device\\TM4C123GH6PM\\system_TM4C123.c 0x00000000   Number         0  system_tm4c123.o ABSOLUTE
    Spectrum.c                               0x00000000   Number         0  spectrum.o ABSOLUTE
    Texas.c                                  0x00000000   Number         0  texas.o ABSOLUTE
    dc.s                                     0x00000000   Number         0  dc.o ABSOLUTE
    !!!main                                  0x0000026c   Section        8  __main.o(!!!main)
    !!!scatter                               0x00000274   Section       52  __scatter.o(!!!scatter)
    !!handler_copy                           0x000002a8   Section       26  __scatter_copy.o(!!handler_copy)
    !!handler_zi                             0x000002c4   Section       28  __scatter_zi.o(!!handler_zi)
    .ARM.Collect$$libinit$$00000000          0x000002e0   Section        2  libinit.o(.ARM.Collect$$libinit$$00000000)
    .ARM.Collect$$libinit$$00000002          0x000002e2   Section        0  libinit2.o(.ARM.Collect$$libinit$$00000002)
    .ARM.Collect$$libinit$$00000004          0x000002e2   Section        0  libinit2.o(.ARM.Collect$$libinit$$00000004)
    .ARM.Collect$$libinit$$0000000A          0x000002e2   Section        0  libinit2.o(.ARM.Collect$$libinit$$0000000A)
    .ARM.Collect$$libinit$$0000000C          0x000002e2   Section        0  libinit2.o(.ARM.Collect$$libinit$$0000000C)
    .ARM.Collect$$libinit$$0000000E          0x000002e2   Section        0  libinit2.o(.ARM.Collect$$libinit$$0000000E)
    .ARM.Collect$$libinit$$00000011          0x000002e2   Section        0  libinit2.o(.ARM.Collect$$libinit$$00000011)
    .ARM.Collect$$libinit$$00000013          0x000002e2   Section        0  libinit2.o(.ARM.Collect$$libinit$$00000013)
    .ARM.Collect$$libinit$$00000015          0x000002e2   Section        0  libinit2.o(.ARM.Collect$$libinit$$00000015)
    .ARM.Collect$$libinit$$00000017          0x000002e2   Section        0  libinit2.o(.ARM.Collect$$libinit$$00000017)
    .ARM.Collect$$libinit$$00000019          0x000002e2   Section        0  libinit2.o(.ARM.Collect$$libinit$$00000019)
    .ARM.Collect$$libinit$$0000001B          0x000002e2   Section        0  libinit2.o(.ARM.Collect$$libinit$$0000001B)
    .ARM.Collect$$libinit$$0000001D          0x000002e2   Section        0  libinit2.o(.ARM.Collect$$libinit$$0000001D)
    .ARM.Collect$$libinit$$0000001F          0x000002e2   Section        0  libinit2.o(.ARM.Collect$$libinit$$0000001F)
    .ARM.Collect$$libinit$$00000021          0x000002e2   Section        0  libinit2.o(.ARM.Collect$$libinit$$00000021)
    .ARM.Collect$$libinit$$00000023          0x000002e2   Section        0  libinit2.o(.ARM.Collect$$libinit$$00000023)
    .ARM.Collect$$libinit$$00000025          0x000002e2   Section        0  libinit2.o(.ARM.Collect$$libinit$$00000025)
    .ARM.Collect$$libinit$$0000002C          0x000002e2   Section        0  libinit2.o(.ARM.Collect$$libinit$$0000002C)
    .ARM.Collect$$libinit$$0000002E          0x000002e2   Section        0  libinit2.o(.ARM.Collect$$libinit$$0000002E)
    .ARM.Collect$$libinit$$00000030          0x000002e2   Section        0  libinit2.o(.ARM.Collect$$libinit$$00000030)
    .ARM.Collect$$libinit$$00000032          0x000002e2   Section        0  libinit2.o(.ARM.Collect$$libinit$$00000032)
    .ARM.Collect$$libinit$$00000033          0x000002e2   Section        2  libinit2.o(.ARM.Collect$$libinit$$00000033)
    .ARM.Collect$$libshutdown$$00000000      0x000002e4   Section        2  libshutdown.o(.ARM.Collect$$libshutdown$$00000000)
    .ARM.Collect$$libshutdown$$00000002      0x000002e6   Section        0  libshutdown2.o(.ARM.Collect$$libshutdown$$00000002)
    .ARM.Collect$$libshutdown$$00000004      0x000002e6   Section        0  libshutdown2.o(.ARM.Collect$$libshutdown$$00000004)
    .ARM.Collect$$libshutdown$$00000007      0x000002e6   Section        0  libshutdown2.o(.ARM.Collect$$libshutdown$$00000007)
    .ARM.Collect$$libshutdown$$0000000A      0x000002e6   Section        0  libshutdown2.o(.ARM.Collect$$libshutdown$$0000000A)
    .ARM.Collect$$libshutdown$$0000000C      0x000002e6   Section        0  libshutdown2.o(.ARM.Collect$$libshutdown$$0000000C)
    .ARM.Collect$$libshutdown$$0000000F      0x000002e6   Section        0  libshutdown2.o(.ARM.Collect$$libshutdown$$0000000F)
    .ARM.Collect$$libshutdown$$00000010      0x000002e6   Section        2  libshutdown2.o(.ARM.Collect$$libshutdown$$00000010)
    .ARM.Collect$$rtentry$$00000000          0x000002e8   Section        0  __rtentry.o(.ARM.Collect$$rtentry$$00000000)
    .ARM.Collect$$rtentry$$00000002          0x000002e8   Section        0  __rtentry2.o(.ARM.Collect$$rtentry$$00000002)
    .ARM.Collect$$rtentry$$00000004          0x000002e8   Section        6  __rtentry4.o(.ARM.Collect$$rtentry$$00000004)
    .ARM.Collect$$rtentry$$00000009          0x000002ee   Section        0  __rtentry2.o(.ARM.Collect$$rtentry$$00000009)
    .ARM.Collect$$rtentry$$0000000A          0x000002ee   Section        4  __rtentry2.o(.ARM.Collect$$rtentry$$0000000A)
    .ARM.Collect$$rtentry$$0000000C          0x000002f2   Section        0  __rtentry2.o(.ARM.Collect$$rtentry$$0000000C)
    .ARM.Collect$$rtentry$$0000000D          0x000002f2   Section        8  __rtentry2.o(.ARM.Collect$$rtentry$$0000000D)
    .ARM.Collect$$rtexit$$00000000           0x000002fa   Section        2  rtexit.o(.ARM.Collect$$rtexit$$00000000)
    .ARM.Collect$$rtexit$$00000002           0x000002fc   Section        0  rtexit2.o(.ARM.Collect$$rtexit$$00000002)
    .ARM.Collect$$rtexit$$00000003           0x000002fc   Section        4  rtexit2.o(.ARM.Collect$$rtexit$$00000003)
    .ARM.Collect$$rtexit$$00000004           0x00000300   Section        6  rtexit2.o(.ARM.Collect$$rtexit$$00000004)
    .emb_text                                0x00000308   Section        6  bsp.o(.emb_text)
    .text                                    0x00000310   Section      292  startup_tm4c123.o(.text)
    .text                                    0x00000434   Section        0  heapauxi.o(.text)
    .text                                    0x0000043a   Section        0  _rserrno.o(.text)
    .text                                    0x00000450   Section        8  rt_errno_addr_intlibspace.o(.text)
    .text                                    0x00000458   Section        8  libspace.o(.text)
    .text                                    0x00000460   Section       74  sys_stackheap_outer.o(.text)
    .text                                    0x000004aa   Section        0  exit.o(.text)
    .text                                    0x000004bc   Section        0  sys_exit.o(.text)
    .text                                    0x000004c8   Section        2  use_no_semi.o(.text)
    .text                                    0x000004ca   Section        0  indicate_semi.o(.text)
    i.BSP_Button1_Init                       0x000004cc   Section        0  bsp.o(i.BSP_Button1_Init)
    i.BSP_Button1_Input                      0x0000054c   Section        0  bsp.o(i.BSP_Button1_Input)
    i.BSP_Button2_Init                       0x00000558   Section        0  bsp.o(i.BSP_Button2_Init)
    i.BSP_Button2_Input                      0x000005e8   Section        0  bsp.o(i.BSP_Button2_Input)
    i.BSP_Clock_GetFreq                      0x000005f4   Section        0  bsp.o(i.BSP_Clock_GetFreq)
    i.BSP_Clock_InitFastest                  0x00000600   Section        0  bsp.o(i.BSP_Clock_InitFastest)
    i.BSP_Delay1ms                           0x0000068c   Section        0  bsp.o(i.BSP_Delay1ms)
    i.BSP_LCD_Color565                       0x000006a2   Section        0  bsp.o(i.BSP_LCD_Color565)
    i.BSP_LCD_DrawChar                       0x000006bc   Section        0  bsp.o(i.BSP_LCD_DrawChar)
    i.BSP_LCD_DrawFastHLine                  0x000007cc   Section        0  bsp.o(i.BSP_LCD_DrawFastHLine)
    i.BSP_LCD_DrawFastVLine                  0x00000848   Section        0  bsp.o(i.BSP_LCD_DrawFastVLine)
    i.BSP_LCD_DrawPixel                      0x000008c4   Section        0  bsp.o(i.BSP_LCD_DrawPixel)
    i.BSP_LCD_DrawString                     0x0000090c   Section        0  bsp.o(i.BSP_LCD_DrawString)
    i.BSP_LCD_Drawaxes                       0x00000964   Section        0  bsp.o(i.BSP_LCD_Drawaxes)
    i.BSP_LCD_FillRect                       0x00000a88   Section        0  bsp.o(i.BSP_LCD_FillRect)
    i.BSP_LCD_FillScreen                     0x00000b34   Section        0  bsp.o(i.BSP_LCD_FillScreen)
    i.BSP_LCD_Init                           0x00000b58   Section        0  bsp.o(i.BSP_LCD_Init)
    i.BSP_LCD_OutUDec                        0x00000b64   Section        0  bsp.o(i.BSP_LCD_OutUDec)
    i.BSP_LCD_PlotIncrement                  0x00000bf4   Section        0  bsp.o(i.BSP_LCD_PlotIncrement)
    i.BSP_LCD_PlotPoint                      0x00000c2c   Section        0  bsp.o(i.BSP_LCD_PlotPoint)
    i.BSP_LCD_SetCursor                      0x00000c90   Section        0  bsp.o(i.BSP_LCD_SetCursor)
    i.BSP_Microphone_Init                    0x00000cb0   Section        0  bsp.o(i.BSP_Microphone_Init)
    i.BSP_Microphone_Input                   0x00000d5c   Section        0  bsp.o(i.BSP_Microphone_Input)
    i.BSP_Time_Get                           0x00000d88   Section        0  bsp.o(i.BSP_Time_Get)
    i.BSP_Time_Init                          0x00000d98   Section        0  bsp.o(i.BSP_Time_Init)
    i.Encrypt                                0x00000e04   Section        0  texas.o(i.Encrypt)
    Encrypt                                  0x00000e05   Thumb Code    86  texas.o(i.Encrypt)
    i.FFT                                    0x00000e6c   Section        0  fft.o(i.FFT)
    i.Grader                                 0x000010f8   Section        0  texas.o(i.Grader)
    i.LogicAnalyzer                          0x00001604   Section        0  texas.o(i.LogicAnalyzer)
    i.PeriodicTask2_Init                     0x00001618   Section        0  texas.o(i.PeriodicTask2_Init)
    i.PeriodicTask2_Stop                     0x000016d4   Section        0  texas.o(i.PeriodicTask2_Stop)
    i.Profile_Init                           0x000016f8   Section        0  profile.o(i.Profile_Init)
    i.ST7735_InitR                           0x000018cc   Section        0  bsp.o(i.ST7735_InitR)
    ST7735_InitR                             0x000018cd   Thumb Code    86  bsp.o(i.ST7735_InitR)
    i.SetGrade                               0x00001940   Section        0  texas.o(i.SetGrade)
    SetGrade                                 0x00001941   Thumb Code   196  texas.o(i.SetGrade)
    i.TExaS_Init                             0x00001a0c   Section        0  texas.o(i.TExaS_Init)
    i.TExaS_Stop                             0x00001b60   Section        0  texas.o(i.TExaS_Stop)
    i.TIMER5A_Handler                        0x00001b68   Section        0  texas.o(i.TIMER5A_Handler)
    i.Task0                                  0x00001b80   Section        0  spectrum.o(i.Task0)
    i.Task1                                  0x00001e50   Section        0  spectrum.o(i.Task1)
    i.Task3                                  0x00001f88   Section        0  spectrum.o(i.Task3)
    i.Task4                                  0x0000206c   Section        0  spectrum.o(i.Task4)
    i.UART_Init                              0x0000227c   Section        0  texas.o(i.UART_Init)
    i.UART_OutChar                           0x00002320   Section        0  texas.o(i.UART_OutChar)
    i.UART_OutString                         0x00002338   Section        0  texas.o(i.UART_OutString)
    i.UART_OutUDec                           0x00002350   Section        0  texas.o(i.UART_OutUDec)
    i.UART_OutUDec5                          0x0000237c   Section        0  texas.o(i.UART_OutUDec5)
    i.UART_OutUDec7                          0x000023c0   Section        0  texas.o(i.UART_OutUDec7)
    i.UART_OutUFix1                          0x00002404   Section        0  texas.o(i.UART_OutUFix1)
    i.WideTimer3A_Handler                    0x00002434   Section        0  bsp.o(i.WideTimer3A_Handler)
    i.WideTimer4A_Handler                    0x0000244c   Section        0  bsp.o(i.WideTimer4A_Handler)
    i.WideTimer5A_Handler                    0x00002464   Section        0  bsp.o(i.WideTimer5A_Handler)
    i.adcinit                                0x0000247c   Section        0  bsp.o(i.adcinit)
    adcinit                                  0x0000247d   Thumb Code    58  bsp.o(i.adcinit)
    i.commandList                            0x000024c8   Section        0  bsp.o(i.commandList)
    commandList                              0x000024c9   Thumb Code    86  bsp.o(i.commandList)
    i.commonInit                             0x00002520   Section        0  bsp.o(i.commonInit)
    commonInit                               0x00002521   Thumb Code   452  bsp.o(i.commonInit)
    i.fillmessage                            0x00002724   Section        0  bsp.o(i.fillmessage)
    fillmessage                              0x00002725   Thumb Code    64  bsp.o(i.fillmessage)
    i.fillmessage5b                          0x0000276c   Section        0  texas.o(i.fillmessage5b)
    fillmessage5b                            0x0000276d   Thumb Code   116  texas.o(i.fillmessage5b)
    i.fillmessage7b                          0x000027ec   Section        0  texas.o(i.fillmessage7b)
    fillmessage7b                            0x000027ed   Thumb Code   174  texas.o(i.fillmessage7b)
    i.fillmessageb                           0x000028b0   Section        0  texas.o(i.fillmessageb)
    fillmessageb                             0x000028b1   Thumb Code    64  texas.o(i.fillmessageb)
    i.main                                   0x000028f8   Section        0  spectrum.o(i.main)
    i.pushColor                              0x0000295c   Section        0  bsp.o(i.pushColor)
    pushColor                                0x0000295d   Thumb Code    18  bsp.o(i.pushColor)
    i.setAddrWindow                          0x00002970   Section        0  bsp.o(i.setAddrWindow)
    setAddrWindow                            0x00002971   Thumb Code   106  bsp.o(i.setAddrWindow)
    i.sqrt                                   0x000029e4   Section        0  sqrt.o(i.sqrt)
    i.writecommand                           0x00002a30   Section        0  bsp.o(i.writecommand)
    writecommand                             0x00002a31   Thumb Code    62  bsp.o(i.writecommand)
    i.writedata                              0x00002a78   Section        0  bsp.o(i.writedata)
    writedata                                0x00002a79   Thumb Code    64  bsp.o(i.writedata)
    x$fpl$dadd                               0x00002ac0   Section      336  daddsub_clz.o(x$fpl$dadd)
    _dadd1                                   0x00002ad1   Thumb Code     0  daddsub_clz.o(x$fpl$dadd)
    x$fpl$dcmpinf                            0x00002c10   Section       24  dcmpi.o(x$fpl$dcmpinf)
    x$fpl$ddiv                               0x00002c28   Section      688  ddiv.o(x$fpl$ddiv)
    ddiv_entry                               0x00002c2f   Thumb Code     0  ddiv.o(x$fpl$ddiv)
    x$fpl$dfix                               0x00002ed8   Section       94  dfix.o(x$fpl$dfix)
    x$fpl$dflt                               0x00002f36   Section       46  dflt_clz.o(x$fpl$dflt)
    x$fpl$dfltu                              0x00002f64   Section       38  dflt_clz.o(x$fpl$dfltu)
    x$fpl$dleqf                              0x00002f8c   Section      120  dleqf.o(x$fpl$dleqf)
    x$fpl$dmul                               0x00003004   Section      340  dmul.o(x$fpl$dmul)
    x$fpl$dnaninf                            0x00003158   Section      156  dnaninf.o(x$fpl$dnaninf)
    x$fpl$dretinf                            0x000031f4   Section       12  dretinf.o(x$fpl$dretinf)
    x$fpl$dsqrt                              0x00003200   Section      408  dsqrt_umaal.o(x$fpl$dsqrt)
    x$fpl$dsub                               0x00003398   Section      468  daddsub_clz.o(x$fpl$dsub)
    _dsub1                                   0x000033a9   Thumb Code     0  daddsub_clz.o(x$fpl$dsub)
    .constdata                               0x0000356c   Section     1403  bsp.o(.constdata)
    x$fpl$usenofp                            0x0000356c   Section        0  usenofp.o(x$fpl$usenofp)
    Font                                     0x0000356c   Data        1275  bsp.o(.constdata)
    Rcmd1                                    0x00003a67   Data          59  bsp.o(.constdata)
    Rcmd2green                               0x00003aa2   Data          13  bsp.o(.constdata)
    Rcmd2red                                 0x00003aaf   Data          13  bsp.o(.constdata)
    Rcmd3                                    0x00003abc   Data          43  bsp.o(.constdata)
    .constdata                               0x00003ae8   Section       72  texas.o(.constdata)
    .data                                    0x20000000   Section       23  spectrum.o(.data)
    prev1                                    0x20000015   Data           1  spectrum.o(.data)
    prev2                                    0x20000016   Data           1  spectrum.o(.data)
    .data                                    0x20000018   Section       68  bsp.o(.data)
    ClockFrequency                           0x20000018   Data           4  bsp.o(.data)
    PWMCycles                                0x2000001c   Data           2  bsp.o(.data)
    ColStart                                 0x2000002a   Data           1  bsp.o(.data)
    RowStart                                 0x2000002b   Data           1  bsp.o(.data)
    _width                                   0x2000002c   Data           2  bsp.o(.data)
    _height                                  0x2000002e   Data           2  bsp.o(.data)
    .data                                    0x2000005c   Section      148  texas.o(.data)
    count                                    0x200000ec   Data           4  texas.o(.data)
    .bss                                     0x200000f0   Section     8272  spectrum.o(.bss)
    .bss                                     0x20002140   Section       12  bsp.o(.bss)
    .bss                                     0x2000214c   Section       20  texas.o(.bss)
    .bss                                     0x20002160   Section       96  libspace.o(.bss)
    HEAP                                     0x200021c0   Section        0  startup_tm4c123.o(HEAP)
    STACK                                    0x200021c0   Section      512  startup_tm4c123.o(STACK)
    Heap_Mem                                 0x200021c0   Data           0  startup_tm4c123.o(HEAP)
    Stack_Mem                                0x200021c0   Data         512  startup_tm4c123.o(STACK)
    __initial_sp                             0x200023c0   Data           0  startup_tm4c123.o(STACK)

    Global Symbols

    Symbol Name                              Value     Ov Type        Size  Object(Section)

    BuildAttributes$$THM_ISAv4$E$P$D$K$B$S$7EM$PE$A:L22UL41UL21$X:L11$S22US41US21$IEEE1$IW$USESV6$~STKCKD$USESV7$~SHL$OTIME$ROPI$IEEEJ$EBA8$UX$STANDARDLIB$REQ8$PRES8$EABIv2 0x00000000   Number         0  anon$$obj.o ABSOLUTE
    __ARM_use_no_argv                        0x00000000   Number         0  spectrum.o ABSOLUTE
    __Vectors                                0x00000000   Data           4  startup_tm4c123.o(RESET)
    __ARM_exceptions_init                     - Undefined Weak Reference
    __alloca_initialize                       - Undefined Weak Reference
    __arm_preinit_                            - Undefined Weak Reference
    __cpp_initialize__aeabi_                  - Undefined Weak Reference
    __cxa_finalize                            - Undefined Weak Reference
    __rt_locale                               - Undefined Weak Reference
    __sigvec_lookup                           - Undefined Weak Reference
    _atexit_init                              - Undefined Weak Reference
    _call_atexit_fns                          - Undefined Weak Reference
    _clock_init                               - Undefined Weak Reference
    _fp_trap_init                             - Undefined Weak Reference
    _fp_trap_shutdown                         - Undefined Weak Reference
    _get_lc_collate                           - Undefined Weak Reference
    _get_lc_ctype                             - Undefined Weak Reference
    _get_lc_monetary                          - Undefined Weak Reference
    _get_lc_numeric                           - Undefined Weak Reference
    _get_lc_time                              - Undefined Weak Reference
    _getenv_init                              - Undefined Weak Reference
    _handle_redirection                       - Undefined Weak Reference
    _init_alloc                               - Undefined Weak Reference
    _init_user_alloc                          - Undefined Weak Reference
    _initio                                   - Undefined Weak Reference
    _rand_init                                - Undefined Weak Reference
    _signal_finish                            - Undefined Weak Reference
    _signal_init                              - Undefined Weak Reference
    _terminate_alloc                          - Undefined Weak Reference
    _terminate_user_alloc                     - Undefined Weak Reference
    _terminateio                              - Undefined Weak Reference
    __Vectors_End                            0x0000026c   Data           0  startup_tm4c123.o(RESET)
    __Vectors_Size                           0x0000026c   Number         0  startup_tm4c123.o ABSOLUTE
    __main                                   0x0000026d   Thumb Code     8  __main.o(!!!main)
    __scatterload                            0x00000275   Thumb Code     0  __scatter.o(!!!scatter)
    __scatterload_rt2                        0x00000275   Thumb Code    44  __scatter.o(!!!scatter)
    __scatterload_rt2_thumb_only             0x00000275   Thumb Code     0  __scatter.o(!!!scatter)
    __scatterload_null                       0x00000283   Thumb Code     0  __scatter.o(!!!scatter)
    __scatterload_copy                       0x000002a9   Thumb Code    26  __scatter_copy.o(!!handler_copy)
    __scatterload_zeroinit                   0x000002c5   Thumb Code    28  __scatter_zi.o(!!handler_zi)
    __rt_lib_init                            0x000002e1   Thumb Code     0  libinit.o(.ARM.Collect$$libinit$$00000000)
    __rt_lib_init_alloca_1                   0x000002e3   Thumb Code     0  libinit2.o(.ARM.Collect$$libinit$$0000002E)
    __rt_lib_init_argv_1                     0x000002e3   Thumb Code     0  libinit2.o(.ARM.Collect$$libinit$$0000002C)
    __rt_lib_init_atexit_1                   0x000002e3   Thumb Code     0  libinit2.o(.ARM.Collect$$libinit$$0000001B)
    __rt_lib_init_clock_1                    0x000002e3   Thumb Code     0  libinit2.o(.ARM.Collect$$libinit$$00000021)
    __rt_lib_init_cpp_1                      0x000002e3   Thumb Code     0  libinit2.o(.ARM.Collect$$libinit$$00000032)
    __rt_lib_init_exceptions_1               0x000002e3   Thumb Code     0  libinit2.o(.ARM.Collect$$libinit$$00000030)
    __rt_lib_init_fp_1                       0x000002e3   Thumb Code     0  libinit2.o(.ARM.Collect$$libinit$$00000002)
    __rt_lib_init_fp_trap_1                  0x000002e3   Thumb Code     0  libinit2.o(.ARM.Collect$$libinit$$0000001F)
    __rt_lib_init_getenv_1                   0x000002e3   Thumb Code     0  libinit2.o(.ARM.Collect$$libinit$$00000023)
    __rt_lib_init_heap_1                     0x000002e3   Thumb Code     0  libinit2.o(.ARM.Collect$$libinit$$0000000A)
    __rt_lib_init_lc_collate_1               0x000002e3   Thumb Code     0  libinit2.o(.ARM.Collect$$libinit$$00000011)
    __rt_lib_init_lc_ctype_1                 0x000002e3   Thumb Code     0  libinit2.o(.ARM.Collect$$libinit$$00000013)
    __rt_lib_init_lc_monetary_1              0x000002e3   Thumb Code     0  libinit2.o(.ARM.Collect$$libinit$$00000015)
    __rt_lib_init_lc_numeric_1               0x000002e3   Thumb Code     0  libinit2.o(.ARM.Collect$$libinit$$00000017)
    __rt_lib_init_lc_time_1                  0x000002e3   Thumb Code     0  libinit2.o(.ARM.Collect$$libinit$$00000019)
    __rt_lib_init_preinit_1                  0x000002e3   Thumb Code     0  libinit2.o(.ARM.Collect$$libinit$$00000004)
    __rt_lib_init_rand_1                     0x000002e3   Thumb Code     0  libinit2.o(.ARM.Collect$$libinit$$0000000E)
    __rt_lib_init_return                     0x000002e3   Thumb Code     0  libinit2.o(.ARM.Collect$$libinit$$00000033)
    __rt_lib_init_signal_1                   0x000002e3   Thumb Code     0  libinit2.o(.ARM.Collect$$libinit$$0000001D)
    __rt_lib_init_stdio_1                    0x000002e3   Thumb Code     0  libinit2.o(.ARM.Collect$$libinit$$00000025)
    __rt_lib_init_user_alloc_1               0x000002e3   Thumb Code     0  libinit2.o(.ARM.Collect$$libinit$$0000000C)
    __rt_lib_shutdown                        0x000002e5   Thumb Code     0  libshutdown.o(.ARM.Collect$$libshutdown$$00000000)
    __rt_lib_shutdown_cpp_1                  0x000002e7   Thumb Code     0  libshutdown2.o(.ARM.Collect$$libshutdown$$00000002)
    __rt_lib_shutdown_fp_trap_1              0x000002e7   Thumb Code     0  libshutdown2.o(.ARM.Collect$$libshutdown$$00000007)
    __rt_lib_shutdown_heap_1                 0x000002e7   Thumb Code     0  libshutdown2.o(.ARM.Collect$$libshutdown$$0000000F)
    __rt_lib_shutdown_return                 0x000002e7   Thumb Code     0  libshutdown2.o(.ARM.Collect$$libshutdown$$00000010)
    __rt_lib_shutdown_signal_1               0x000002e7   Thumb Code     0  libshutdown2.o(.ARM.Collect$$libshutdown$$0000000A)
    __rt_lib_shutdown_stdio_1                0x000002e7   Thumb Code     0  libshutdown2.o(.ARM.Collect$$libshutdown$$00000004)
    __rt_lib_shutdown_user_alloc_1           0x000002e7   Thumb Code     0  libshutdown2.o(.ARM.Collect$$libshutdown$$0000000C)
    __rt_entry                               0x000002e9   Thumb Code     0  __rtentry.o(.ARM.Collect$$rtentry$$00000000)
    __rt_entry_presh_1                       0x000002e9   Thumb Code     0  __rtentry2.o(.ARM.Collect$$rtentry$$00000002)
    __rt_entry_sh                            0x000002e9   Thumb Code     0  __rtentry4.o(.ARM.Collect$$rtentry$$00000004)
    __rt_entry_li                            0x000002ef   Thumb Code     0  __rtentry2.o(.ARM.Collect$$rtentry$$0000000A)
    __rt_entry_postsh_1                      0x000002ef   Thumb Code     0  __rtentry2.o(.ARM.Collect$$rtentry$$00000009)
    __rt_entry_main                          0x000002f3   Thumb Code     0  __rtentry2.o(.ARM.Collect$$rtentry$$0000000D)
    __rt_entry_postli_1                      0x000002f3   Thumb Code     0  __rtentry2.o(.ARM.Collect$$rtentry$$0000000C)
    __rt_exit                                0x000002fb   Thumb Code     0  rtexit.o(.ARM.Collect$$rtexit$$00000000)
    __rt_exit_ls                             0x000002fd   Thumb Code     0  rtexit2.o(.ARM.Collect$$rtexit$$00000003)
    __rt_exit_prels_1                        0x000002fd   Thumb Code     0  rtexit2.o(.ARM.Collect$$rtexit$$00000002)
    __rt_exit_exit                           0x00000301   Thumb Code     0  rtexit2.o(.ARM.Collect$$rtexit$$00000004)
    parrotdelay                              0x00000309   Thumb Code     6  bsp.o(.emb_text)
    Reset_Handler                            0x00000311   Thumb Code     4  startup_tm4c123.o(.text)
    NMI_Handler                              0x00000315   Thumb Code     2  startup_tm4c123.o(.text)
    HardFault_Handler                        0x00000317   Thumb Code     2  startup_tm4c123.o(.text)
    MemManage_Handler                        0x00000319   Thumb Code     2  startup_tm4c123.o(.text)
    BusFault_Handler                         0x0000031b   Thumb Code     2  startup_tm4c123.o(.text)
    UsageFault_Handler                       0x0000031d   Thumb Code     2  startup_tm4c123.o(.text)
    SVC_Handler                              0x0000031f   Thumb Code     2  startup_tm4c123.o(.text)
    DebugMon_Handler                         0x00000321   Thumb Code     2  startup_tm4c123.o(.text)
    PendSV_Handler                           0x00000323   Thumb Code     2  startup_tm4c123.o(.text)
    SysTick_Handler                          0x00000325   Thumb Code     2  startup_tm4c123.o(.text)
    GPIOPortA_Handler                        0x00000327   Thumb Code     2  startup_tm4c123.o(.text)
    GPIOPortB_Handler                        0x00000329   Thumb Code     2  startup_tm4c123.o(.text)
    GPIOPortC_Handler                        0x0000032b   Thumb Code     2  startup_tm4c123.o(.text)
    GPIOPortD_Handler                        0x0000032d   Thumb Code     2  startup_tm4c123.o(.text)
    GPIOPortE_Handler                        0x0000032f   Thumb Code     2  startup_tm4c123.o(.text)
    UART0_Handler                            0x00000331   Thumb Code     2  startup_tm4c123.o(.text)
    UART1_Handler                            0x00000333   Thumb Code     2  startup_tm4c123.o(.text)
    SSI0_Handler                             0x00000335   Thumb Code     2  startup_tm4c123.o(.text)
    I2C0_Handler                             0x00000337   Thumb Code     2  startup_tm4c123.o(.text)
    PMW0_FAULT_Handler                       0x00000339   Thumb Code     2  startup_tm4c123.o(.text)
    PWM0Generator0_Handler                   0x0000033b   Thumb Code     2  startup_tm4c123.o(.text)
    PWM0Generator1_Handler                   0x0000033d   Thumb Code     2  startup_tm4c123.o(.text)
    PWM0Generator2_Handler                   0x0000033f   Thumb Code     2  startup_tm4c123.o(.text)
    Quadrature0_Handler                      0x00000341   Thumb Code     2  startup_tm4c123.o(.text)
    ADC0Seq0_Handler                         0x00000343   Thumb Code     2  startup_tm4c123.o(.text)
    ADC0Seq1_Handler                         0x00000345   Thumb Code     2  startup_tm4c123.o(.text)
    ADC0Seq2_Handler                         0x00000347   Thumb Code     2  startup_tm4c123.o(.text)
    ADC0Seq3_Handler                         0x00000349   Thumb Code     2  startup_tm4c123.o(.text)
    WDT_Handler                              0x0000034b   Thumb Code     2  startup_tm4c123.o(.text)
    TIMER0A_Handler                          0x0000034d   Thumb Code     2  startup_tm4c123.o(.text)
    TIMER0B_Handler                          0x0000034f   Thumb Code     2  startup_tm4c123.o(.text)
    TIMER1A_Handler                          0x00000351   Thumb Code     2  startup_tm4c123.o(.text)
    TIMER1B_Handler                          0x00000353   Thumb Code     2  startup_tm4c123.o(.text)
    TIMER2A_Handler                          0x00000355   Thumb Code     2  startup_tm4c123.o(.text)
    TIMER2B_Handler                          0x00000357   Thumb Code     2  startup_tm4c123.o(.text)
    COMP0_Handler                            0x00000359   Thumb Code     2  startup_tm4c123.o(.text)
    COMP1_Handler                            0x0000035b   Thumb Code     2  startup_tm4c123.o(.text)
    COMP2_Handler                            0x0000035d   Thumb Code     2  startup_tm4c123.o(.text)
    SYSCTL_Handler                           0x0000035f   Thumb Code     2  startup_tm4c123.o(.text)
    FlashCtl_Handler                         0x00000361   Thumb Code     2  startup_tm4c123.o(.text)
    GPIOPortF_Handler                        0x00000363   Thumb Code     2  startup_tm4c123.o(.text)
    GPIOPortG_Handler                        0x00000365   Thumb Code     2  startup_tm4c123.o(.text)
    GPIOPortH_Handler                        0x00000367   Thumb Code     2  startup_tm4c123.o(.text)
    UART2_Handler                            0x00000369   Thumb Code     2  startup_tm4c123.o(.text)
    SSI1_Handler                             0x0000036b   Thumb Code     2  startup_tm4c123.o(.text)
    TIMER3A_Handler                          0x0000036d   Thumb Code     2  startup_tm4c123.o(.text)
    TIMER3B_Handler                          0x0000036f   Thumb Code     2  startup_tm4c123.o(.text)
    I2C1_Handler                             0x00000371   Thumb Code     2  startup_tm4c123.o(.text)
    Quadrature1_Handler                      0x00000373   Thumb Code     2  startup_tm4c123.o(.text)
    CAN0_Handler                             0x00000375   Thumb Code     2  startup_tm4c123.o(.text)
    CAN1_Handler                             0x00000377   Thumb Code     2  startup_tm4c123.o(.text)
    CAN2_Handler                             0x00000379   Thumb Code     2  startup_tm4c123.o(.text)
    Hibernate_Handler                        0x0000037b   Thumb Code     2  startup_tm4c123.o(.text)
    USB0_Handler                             0x0000037d   Thumb Code     2  startup_tm4c123.o(.text)
    PWM0Generator3_Handler                   0x0000037f   Thumb Code     2  startup_tm4c123.o(.text)
    UDMA_Handler                             0x00000381   Thumb Code     2  startup_tm4c123.o(.text)
    UDMAERR_Handler                          0x00000383   Thumb Code     2  startup_tm4c123.o(.text)
    ADC1Seq0_Handler                         0x00000385   Thumb Code     2  startup_tm4c123.o(.text)
    ADC1Seq1_Handler                         0x00000387   Thumb Code     2  startup_tm4c123.o(.text)
    ADC1Seq2_Handler                         0x00000389   Thumb Code     2  startup_tm4c123.o(.text)
    ADC1Seq3_Handler                         0x0000038b   Thumb Code     2  startup_tm4c123.o(.text)
    GPIOPortJ_Handler                        0x0000038d   Thumb Code     2  startup_tm4c123.o(.text)
    GPIOPortK_Handler                        0x0000038f   Thumb Code     2  startup_tm4c123.o(.text)
    GPIOPortL_Handler                        0x00000391   Thumb Code     2  startup_tm4c123.o(.text)
    SSI2_Handler                             0x00000393   Thumb Code     2  startup_tm4c123.o(.text)
    SSI3_Handler                             0x00000395   Thumb Code     2  startup_tm4c123.o(.text)
    UART3_Handler                            0x00000397   Thumb Code     2  startup_tm4c123.o(.text)
    UART4_Handler                            0x00000399   Thumb Code     2  startup_tm4c123.o(.text)
    UART5_Handler                            0x0000039b   Thumb Code     2  startup_tm4c123.o(.text)
    UART6_Handler                            0x0000039d   Thumb Code     2  startup_tm4c123.o(.text)
    UART7_Handler                            0x0000039f   Thumb Code     2  startup_tm4c123.o(.text)
    I2C2_Handler                             0x000003a1   Thumb Code     2  startup_tm4c123.o(.text)
    I2C3_Handler                             0x000003a3   Thumb Code     2  startup_tm4c123.o(.text)
    TIMER4A_Handler                          0x000003a5   Thumb Code     2  startup_tm4c123.o(.text)
    TIMER4B_Handler                          0x000003a7   Thumb Code     2  startup_tm4c123.o(.text)
    TIMER5B_Handler                          0x000003ab   Thumb Code     2  startup_tm4c123.o(.text)
    WideTimer0A_Handler                      0x000003ad   Thumb Code     2  startup_tm4c123.o(.text)
    WideTimer0B_Handler                      0x000003af   Thumb Code     2  startup_tm4c123.o(.text)
    WideTimer1A_Handler                      0x000003b1   Thumb Code     2  startup_tm4c123.o(.text)
    WideTimer1B_Handler                      0x000003b3   Thumb Code     2  startup_tm4c123.o(.text)
    WideTimer2A_Handler                      0x000003b5   Thumb Code     2  startup_tm4c123.o(.text)
    WideTimer2B_Handler                      0x000003b7   Thumb Code     2  startup_tm4c123.o(.text)
    WideTimer3B_Handler                      0x000003bb   Thumb Code     2  startup_tm4c123.o(.text)
    WideTimer4B_Handler                      0x000003bf   Thumb Code     2  startup_tm4c123.o(.text)
    WideTimer5B_Handler                      0x000003c3   Thumb Code     2  startup_tm4c123.o(.text)
    FPU_Handler                              0x000003c5   Thumb Code     2  startup_tm4c123.o(.text)
    I2C4_Handler                             0x000003c7   Thumb Code     2  startup_tm4c123.o(.text)
    I2C5_Handler                             0x000003c9   Thumb Code     2  startup_tm4c123.o(.text)
    GPIOPortM_Handler                        0x000003cb   Thumb Code     2  startup_tm4c123.o(.text)
    GPIOPortN_Handler                        0x000003cd   Thumb Code     2  startup_tm4c123.o(.text)
    QEI2_Handler                             0x000003cf   Thumb Code     2  startup_tm4c123.o(.text)
    GPIOPortP0_Handler                       0x000003d1   Thumb Code     2  startup_tm4c123.o(.text)
    GPIOPortP1_Handler                       0x000003d3   Thumb Code     2  startup_tm4c123.o(.text)
    GPIOPortP2_Handler                       0x000003d5   Thumb Code     2  startup_tm4c123.o(.text)
    GPIOPortP3_Handler                       0x000003d7   Thumb Code     2  startup_tm4c123.o(.text)
    GPIOPortP4_Handler                       0x000003d9   Thumb Code     2  startup_tm4c123.o(.text)
    GPIOPortP5_Handler                       0x000003db   Thumb Code     2  startup_tm4c123.o(.text)
    GPIOPortP6_Handler                       0x000003dd   Thumb Code     2  startup_tm4c123.o(.text)
    GPIOPortP7_Handler                       0x000003df   Thumb Code     2  startup_tm4c123.o(.text)
    GPIOPortQ0_Handler                       0x000003e1   Thumb Code     2  startup_tm4c123.o(.text)
    GPIOPortQ1_Handler                       0x000003e3   Thumb Code     2  startup_tm4c123.o(.text)
    GPIOPortQ2_Handler                       0x000003e5   Thumb Code     2  startup_tm4c123.o(.text)
    GPIOPortQ3_Handler                       0x000003e7   Thumb Code     2  startup_tm4c123.o(.text)
    GPIOPortQ4_Handler                       0x000003e9   Thumb Code     2  startup_tm4c123.o(.text)
    GPIOPortQ5_Handler                       0x000003eb   Thumb Code     2  startup_tm4c123.o(.text)
    GPIOPortQ6_Handler                       0x000003ed   Thumb Code     2  startup_tm4c123.o(.text)
    GPIOPortQ7_Handler                       0x000003ef   Thumb Code     2  startup_tm4c123.o(.text)
    GPIOPortR_Handler                        0x000003f1   Thumb Code     2  startup_tm4c123.o(.text)
    GPIOPortS_Handler                        0x000003f3   Thumb Code     2  startup_tm4c123.o(.text)
    PWM1Generator0_Handler                   0x000003f5   Thumb Code     2  startup_tm4c123.o(.text)
    PWM1Generator1_Handler                   0x000003f7   Thumb Code     2  startup_tm4c123.o(.text)
    PWM1Generator2_Handler                   0x000003f9   Thumb Code     2  startup_tm4c123.o(.text)
    PWM1Generator3_Handler                   0x000003fb   Thumb Code     2  startup_tm4c123.o(.text)
    PWM1Fault_Handler                        0x000003fd   Thumb Code     2  startup_tm4c123.o(.text)
    DisableInterrupts                        0x00000405   Thumb Code     0  startup_tm4c123.o(.text)
    EnableInterrupts                         0x00000409   Thumb Code     0  startup_tm4c123.o(.text)
    StartCritical                            0x0000040d   Thumb Code     0  startup_tm4c123.o(.text)
    EndCritical                              0x00000415   Thumb Code     0  startup_tm4c123.o(.text)
    WaitForInterrupt                         0x0000041b   Thumb Code     0  startup_tm4c123.o(.text)
    __user_initial_stackheap                 0x0000041f   Thumb Code     0  startup_tm4c123.o(.text)
    __use_two_region_memory                  0x00000435   Thumb Code     2  heapauxi.o(.text)
    __rt_heap_escrow$2region                 0x00000437   Thumb Code     2  heapauxi.o(.text)
    __rt_heap_expand$2region                 0x00000439   Thumb Code     2  heapauxi.o(.text)
    __read_errno                             0x0000043b   Thumb Code    10  _rserrno.o(.text)
    __set_errno                              0x00000445   Thumb Code    12  _rserrno.o(.text)
    __aeabi_errno_addr                       0x00000451   Thumb Code     8  rt_errno_addr_intlibspace.o(.text)
    __errno$intlibspace                      0x00000451   Thumb Code     0  rt_errno_addr_intlibspace.o(.text)
    __rt_errno_addr$intlibspace              0x00000451   Thumb Code     0  rt_errno_addr_intlibspace.o(.text)
    __user_libspace                          0x00000459   Thumb Code     8  libspace.o(.text)
    __user_perproc_libspace                  0x00000459   Thumb Code     0  libspace.o(.text)
    __user_perthread_libspace                0x00000459   Thumb Code     0  libspace.o(.text)
    __user_setup_stackheap                   0x00000461   Thumb Code    74  sys_stackheap_outer.o(.text)
    exit                                     0x000004ab   Thumb Code    18  exit.o(.text)
    _sys_exit                                0x000004bd   Thumb Code     8  sys_exit.o(.text)
    __I$use$semihosting                      0x000004c9   Thumb Code     0  use_no_semi.o(.text)
    __use_no_semihosting_swi                 0x000004c9   Thumb Code     2  use_no_semi.o(.text)
    __semihosting_library_function           0x000004cb   Thumb Code     0  indicate_semi.o(.text)
    BSP_Button1_Init                         0x000004cd   Thumb Code   112  bsp.o(i.BSP_Button1_Init)
    BSP_Button1_Input                        0x0000054d   Thumb Code     8  bsp.o(i.BSP_Button1_Input)
    BSP_Button2_Init                         0x00000559   Thumb Code   124  bsp.o(i.BSP_Button2_Init)
    BSP_Button2_Input                        0x000005e9   Thumb Code     8  bsp.o(i.BSP_Button2_Input)
    BSP_Clock_GetFreq                        0x000005f5   Thumb Code     6  bsp.o(i.BSP_Clock_GetFreq)
    BSP_Clock_InitFastest                    0x00000601   Thumb Code   126  bsp.o(i.BSP_Clock_InitFastest)
    BSP_Delay1ms                             0x0000068d   Thumb Code    22  bsp.o(i.BSP_Delay1ms)
    BSP_LCD_Color565                         0x000006a3   Thumb Code    24  bsp.o(i.BSP_LCD_Color565)
    BSP_LCD_DrawChar                         0x000006bd   Thumb Code   260  bsp.o(i.BSP_LCD_DrawChar)
    BSP_LCD_DrawFastHLine                    0x000007cd   Thumb Code   116  bsp.o(i.BSP_LCD_DrawFastHLine)
    BSP_LCD_DrawFastVLine                    0x00000849   Thumb Code   116  bsp.o(i.BSP_LCD_DrawFastVLine)
    BSP_LCD_DrawPixel                        0x000008c5   Thumb Code    64  bsp.o(i.BSP_LCD_DrawPixel)
    BSP_LCD_DrawString                       0x0000090d   Thumb Code    86  bsp.o(i.BSP_LCD_DrawString)
    BSP_LCD_Drawaxes                         0x00000965   Thumb Code   272  bsp.o(i.BSP_LCD_Drawaxes)
    BSP_LCD_FillRect                         0x00000a89   Thumb Code   164  bsp.o(i.BSP_LCD_FillRect)
    BSP_LCD_FillScreen                       0x00000b35   Thumb Code    28  bsp.o(i.BSP_LCD_FillScreen)
    BSP_LCD_Init                             0x00000b59   Thumb Code    10  bsp.o(i.BSP_LCD_Init)
    BSP_LCD_OutUDec                          0x00000b65   Thumb Code   120  bsp.o(i.BSP_LCD_OutUDec)
    BSP_LCD_PlotIncrement                    0x00000bf5   Thumb Code    46  bsp.o(i.BSP_LCD_PlotIncrement)
    BSP_LCD_PlotPoint                        0x00000c2d   Thumb Code    86  bsp.o(i.BSP_LCD_PlotPoint)
    BSP_LCD_SetCursor                        0x00000c91   Thumb Code    22  bsp.o(i.BSP_LCD_SetCursor)
    BSP_Microphone_Init                      0x00000cb1   Thumb Code   152  bsp.o(i.BSP_Microphone_Init)
    BSP_Microphone_Input                     0x00000d5d   Thumb Code    40  bsp.o(i.BSP_Microphone_Input)
    BSP_Time_Get                             0x00000d89   Thumb Code    10  bsp.o(i.BSP_Time_Get)
    BSP_Time_Init                            0x00000d99   Thumb Code    94  bsp.o(i.BSP_Time_Init)
    FFT                                      0x00000e6d   Thumb Code   644  fft.o(i.FFT)
    Grader                                   0x000010f9   Thumb Code   956  texas.o(i.Grader)
    LogicAnalyzer                            0x00001605   Thumb Code    12  texas.o(i.LogicAnalyzer)
    PeriodicTask2_Init                       0x00001619   Thumb Code   164  texas.o(i.PeriodicTask2_Init)
    PeriodicTask2_Stop                       0x000016d5   Thumb Code    24  texas.o(i.PeriodicTask2_Stop)
    Profile_Init                             0x000016f9   Thumb Code   418  profile.o(i.Profile_Init)
    TExaS_Init                               0x00001a0d   Thumb Code   170  texas.o(i.TExaS_Init)
    TExaS_Stop                               0x00001b61   Thumb Code     8  texas.o(i.TExaS_Stop)
    TIMER5A_Handler                          0x00001b69   Thumb Code    16  texas.o(i.TIMER5A_Handler)
    Task0                                    0x00001b81   Thumb Code   684  spectrum.o(i.Task0)
    Task1                                    0x00001e51   Thumb Code   278  spectrum.o(i.Task1)
    Task3                                    0x00001f89   Thumb Code   212  spectrum.o(i.Task3)
    Task4                                    0x0000206d   Thumb Code   448  spectrum.o(i.Task4)
    UART_Init                                0x0000227d   Thumb Code   148  texas.o(i.UART_Init)
    UART_OutChar                             0x00002321   Thumb Code    20  texas.o(i.UART_OutChar)
    UART_OutString                           0x00002339   Thumb Code    24  texas.o(i.UART_OutString)
    UART_OutUDec                             0x00002351   Thumb Code    42  texas.o(i.UART_OutUDec)
    UART_OutUDec5                            0x0000237d   Thumb Code    48  texas.o(i.UART_OutUDec5)
    UART_OutUDec7                            0x000023c1   Thumb Code    48  texas.o(i.UART_OutUDec7)
    UART_OutUFix1                            0x00002405   Thumb Code    46  texas.o(i.UART_OutUFix1)
    WideTimer3A_Handler                      0x00002435   Thumb Code    16  bsp.o(i.WideTimer3A_Handler)
    WideTimer4A_Handler                      0x0000244d   Thumb Code    16  bsp.o(i.WideTimer4A_Handler)
    WideTimer5A_Handler                      0x00002465   Thumb Code    16  bsp.o(i.WideTimer5A_Handler)
    main                                     0x000028f9   Thumb Code    96  spectrum.o(i.main)
    sqrt                                     0x000029e5   Thumb Code    76  sqrt.o(i.sqrt)
    __aeabi_dadd                             0x00002ac1   Thumb Code     0  daddsub_clz.o(x$fpl$dadd)
    _dadd                                    0x00002ac1   Thumb Code   332  daddsub_clz.o(x$fpl$dadd)
    __fpl_dcmp_Inf                           0x00002c11   Thumb Code    24  dcmpi.o(x$fpl$dcmpinf)
    __aeabi_ddiv                             0x00002c29   Thumb Code     0  ddiv.o(x$fpl$ddiv)
    _ddiv                                    0x00002c29   Thumb Code   552  ddiv.o(x$fpl$ddiv)
    __aeabi_d2iz                             0x00002ed9   Thumb Code     0  dfix.o(x$fpl$dfix)
    _dfix                                    0x00002ed9   Thumb Code    94  dfix.o(x$fpl$dfix)
    __aeabi_i2d                              0x00002f37   Thumb Code     0  dflt_clz.o(x$fpl$dflt)
    _dflt                                    0x00002f37   Thumb Code    46  dflt_clz.o(x$fpl$dflt)
    __aeabi_ui2d                             0x00002f65   Thumb Code     0  dflt_clz.o(x$fpl$dfltu)
    _dfltu                                   0x00002f65   Thumb Code    38  dflt_clz.o(x$fpl$dfltu)
    __aeabi_cdcmple                          0x00002f8d   Thumb Code     0  dleqf.o(x$fpl$dleqf)
    _dcmple                                  0x00002f8d   Thumb Code   120  dleqf.o(x$fpl$dleqf)
    __fpl_dcmple_InfNaN                      0x00002fef   Thumb Code     0  dleqf.o(x$fpl$dleqf)
    __aeabi_dmul                             0x00003005   Thumb Code     0  dmul.o(x$fpl$dmul)
    _dmul                                    0x00003005   Thumb Code   332  dmul.o(x$fpl$dmul)
    __fpl_dnaninf                            0x00003159   Thumb Code   156  dnaninf.o(x$fpl$dnaninf)
    __fpl_dretinf                            0x000031f5   Thumb Code    12  dretinf.o(x$fpl$dretinf)
    _dsqrt                                   0x00003201   Thumb Code   404  dsqrt_umaal.o(x$fpl$dsqrt)
    __aeabi_dsub                             0x00003399   Thumb Code     0  daddsub_clz.o(x$fpl$dsub)
    _dsub                                    0x00003399   Thumb Code   464  daddsub_clz.o(x$fpl$dsub)
    __I$use$fp                               0x0000356c   Number         0  usenofp.o(x$fpl$usenofp)
    Key                                      0x00003ae8   Data           8  texas.o(.constdata)
    Scramble                                 0x00003af0   Data          32  texas.o(.constdata)
    DeScramble                               0x00003b10   Data          32  texas.o(.constdata)
    Region$$Table$$Base                      0x00003b30   Number         0  anon$$obj.o(Region$$Table)
    Region$$Table$$Limit                     0x00003b50   Number         0  anon$$obj.o(Region$$Table)
    SoundData                                0x20000000   Data           2  spectrum.o(.data)
    ReDrawAxes                               0x20000004   Data           4  spectrum.o(.data)
    sampleTime                               0x20000008   Data           4  spectrum.o(.data)
    FFTtime                                  0x2000000c   Data           4  spectrum.o(.data)
    kfft                                     0x20000010   Data           4  spectrum.o(.data)
    PlotState                                0x20000014   Data           1  spectrum.o(.data)
    StX                                      0x20000020   Data           4  bsp.o(.data)
    StY                                      0x20000024   Data           4  bsp.o(.data)
    StTextColor                              0x20000028   Data           2  bsp.o(.data)
    Messageindex                             0x20000030   Data           4  bsp.o(.data)
    TimeIndex                                0x20000034   Data           4  bsp.o(.data)
    Ymax                                     0x20000038   Data           4  bsp.o(.data)
    Ymin                                     0x2000003c   Data           4  bsp.o(.data)
    Yrange                                   0x20000040   Data           4  bsp.o(.data)
    PlotBGColor                              0x20000044   Data           2  bsp.o(.data)
    PeriodicTask                             0x20000048   Data           4  bsp.o(.data)
    PeriodicTaskB                            0x2000004c   Data           4  bsp.o(.data)
    PeriodicTaskC                            0x20000050   Data           4  bsp.o(.data)
    LightBusy                                0x20000054   Data           4  bsp.o(.data)
    TempBusy                                 0x20000058   Data           4  bsp.o(.data)
    LogicData                                0x2000005c   Data           1  texas.o(.data)
    Id                                       0x20000060   Data           4  texas.o(.data)
    Index0                                   0x20000064   Data           4  texas.o(.data)
    Index1                                   0x20000068   Data           4  texas.o(.data)
    Index2                                   0x2000006c   Data           4  texas.o(.data)
    Index3                                   0x20000070   Data           4  texas.o(.data)
    Index4                                   0x20000074   Data           4  texas.o(.data)
    Index5                                   0x20000078   Data           4  texas.o(.data)
    Sum0                                     0x2000007c   Data           4  texas.o(.data)
    Sum1                                     0x20000080   Data           4  texas.o(.data)
    Sum2                                     0x20000084   Data           4  texas.o(.data)
    Sum3                                     0x20000088   Data           4  texas.o(.data)
    Sum4                                     0x2000008c   Data           4  texas.o(.data)
    Sum5                                     0x20000090   Data           4  texas.o(.data)
    Max0                                     0x20000094   Data           4  texas.o(.data)
    Max1                                     0x20000098   Data           4  texas.o(.data)
    Max2                                     0x2000009c   Data           4  texas.o(.data)
    Max3                                     0x200000a0   Data           4  texas.o(.data)
    Max4                                     0x200000a4   Data           4  texas.o(.data)
    Max5                                     0x200000a8   Data           4  texas.o(.data)
    Min0                                     0x200000ac   Data           4  texas.o(.data)
    Min1                                     0x200000b0   Data           4  texas.o(.data)
    Min2                                     0x200000b4   Data           4  texas.o(.data)
    Min3                                     0x200000b8   Data           4  texas.o(.data)
    Min4                                     0x200000bc   Data           4  texas.o(.data)
    Min5                                     0x200000c0   Data           4  texas.o(.data)
    Last0                                    0x200000c4   Data           4  texas.o(.data)
    Last1                                    0x200000c8   Data           4  texas.o(.data)
    Last2                                    0x200000cc   Data           4  texas.o(.data)
    Last3                                    0x200000d0   Data           4  texas.o(.data)
    Last4                                    0x200000d4   Data           4  texas.o(.data)
    Last5                                    0x200000d8   Data           4  texas.o(.data)
    PeriodicTask2                            0x200000dc   Data           4  texas.o(.data)
    Messageindexb                            0x200000e0   Data           4  texas.o(.data)
    Messageb                                 0x200000e4   Data           8  texas.o(.data)
    real                                     0x200000f0   Data        4096  spectrum.o(.bss)
    imag                                     0x200010f0   Data        4096  spectrum.o(.bss)
    V                                        0x200020f0   Data          80  spectrum.o(.bss)
    Message                                  0x20002140   Data          12  bsp.o(.bss)
    MagicCode                                0x2000214c   Data          10  texas.o(.bss)
    EncriptedMagicCode                       0x20002156   Data          10  texas.o(.bss)
    __libspace_start                         0x20002160   Data          96  libspace.o(.bss)
    __temporary_stack_top$libspace           0x200021c0   Data           0  libspace.o(.bss)



==============================================================================

Memory Map of the image

  Image Entry point : 0x00000311

  Load Region LR_1 (Base: 0x00000000, Size: 0x00003c40, Max: 0xffffffff, ABSOLUTE)

    Execution Region ER_RO (Exec base: 0x00000000, Load base: 0x00000000, Size: 0x00003b50, Max: 0xffffffff, ABSOLUTE)

    Exec Addr    Load Addr    Size         Type   Attr      Idx    E Section Name        Object

    0x00000000   0x00000000   0x0000026c   Data   RO          807    RESET               startup_tm4c123.o
    0x0000026c   0x0000026c   0x00000008   Code   RO          873  * !!!main             c_w.l(__main.o)
    0x00000274   0x00000274   0x00000034   Code   RO         1078    !!!scatter          c_w.l(__scatter.o)
    0x000002a8   0x000002a8   0x0000001a   Code   RO         1080    !!handler_copy      c_w.l(__scatter_copy.o)
    0x000002c2   0x000002c2   0x00000002   PAD
    0x000002c4   0x000002c4   0x0000001c   Code   RO         1082    !!handler_zi        c_w.l(__scatter_zi.o)
    0x000002e0   0x000002e0   0x00000002   Code   RO          951    .ARM.Collect$$libinit$$00000000  c_w.l(libinit.o)
    0x000002e2   0x000002e2   0x00000000   Code   RO          955    .ARM.Collect$$libinit$$00000002  c_w.l(libinit2.o)
    0x000002e2   0x000002e2   0x00000000   Code   RO          957    .ARM.Collect$$libinit$$00000004  c_w.l(libinit2.o)
    0x000002e2   0x000002e2   0x00000000   Code   RO          960    .ARM.Collect$$libinit$$0000000A  c_w.l(libinit2.o)
    0x000002e2   0x000002e2   0x00000000   Code   RO          962    .ARM.Collect$$libinit$$0000000C  c_w.l(libinit2.o)
    0x000002e2   0x000002e2   0x00000000   Code   RO          964    .ARM.Collect$$libinit$$0000000E  c_w.l(libinit2.o)
    0x000002e2   0x000002e2   0x00000000   Code   RO          967    .ARM.Collect$$libinit$$00000011  c_w.l(libinit2.o)
    0x000002e2   0x000002e2   0x00000000   Code   RO          969    .ARM.Collect$$libinit$$00000013  c_w.l(libinit2.o)
    0x000002e2   0x000002e2   0x00000000   Code   RO          971    .ARM.Collect$$libinit$$00000015  c_w.l(libinit2.o)
    0x000002e2   0x000002e2   0x00000000   Code   RO          973    .ARM.Collect$$libinit$$00000017  c_w.l(libinit2.o)
    0x000002e2   0x000002e2   0x00000000   Code   RO          975    .ARM.Collect$$libinit$$00000019  c_w.l(libinit2.o)
    0x000002e2   0x000002e2   0x00000000   Code   RO          977    .ARM.Collect$$libinit$$0000001B  c_w.l(libinit2.o)
    0x000002e2   0x000002e2   0x00000000   Code   RO          979    .ARM.Collect$$libinit$$0000001D  c_w.l(libinit2.o)
    0x000002e2   0x000002e2   0x00000000   Code   RO          981    .ARM.Collect$$libinit$$0000001F  c_w.l(libinit2.o)
    0x000002e2   0x000002e2   0x00000000   Code   RO          983    .ARM.Collect$$libinit$$00000021  c_w.l(libinit2.o)
    0x000002e2   0x000002e2   0x00000000   Code   RO          985    .ARM.Collect$$libinit$$00000023  c_w.l(libinit2.o)
    0x000002e2   0x000002e2   0x00000000   Code   RO          987    .ARM.Collect$$libinit$$00000025  c_w.l(libinit2.o)
    0x000002e2   0x000002e2   0x00000000   Code   RO          991    .ARM.Collect$$libinit$$0000002C  c_w.l(libinit2.o)
    0x000002e2   0x000002e2   0x00000000   Code   RO          993    .ARM.Collect$$libinit$$0000002E  c_w.l(libinit2.o)
    0x000002e2   0x000002e2   0x00000000   Code   RO          995    .ARM.Collect$$libinit$$00000030  c_w.l(libinit2.o)
    0x000002e2   0x000002e2   0x00000000   Code   RO          997    .ARM.Collect$$libinit$$00000032  c_w.l(libinit2.o)
    0x000002e2   0x000002e2   0x00000002   Code   RO          998    .ARM.Collect$$libinit$$00000033  c_w.l(libinit2.o)
    0x000002e4   0x000002e4   0x00000002   Code   RO         1018    .ARM.Collect$$libshutdown$$00000000  c_w.l(libshutdown.o)
    0x000002e6   0x000002e6   0x00000000   Code   RO         1031    .ARM.Collect$$libshutdown$$00000002  c_w.l(libshutdown2.o)
    0x000002e6   0x000002e6   0x00000000   Code   RO         1033    .ARM.Collect$$libshutdown$$00000004  c_w.l(libshutdown2.o)
    0x000002e6   0x000002e6   0x00000000   Code   RO         1036    .ARM.Collect$$libshutdown$$00000007  c_w.l(libshutdown2.o)
    0x000002e6   0x000002e6   0x00000000   Code   RO         1039    .ARM.Collect$$libshutdown$$0000000A  c_w.l(libshutdown2.o)
    0x000002e6   0x000002e6   0x00000000   Code   RO         1041    .ARM.Collect$$libshutdown$$0000000C  c_w.l(libshutdown2.o)
    0x000002e6   0x000002e6   0x00000000   Code   RO         1044    .ARM.Collect$$libshutdown$$0000000F  c_w.l(libshutdown2.o)
    0x000002e6   0x000002e6   0x00000002   Code   RO         1045    .ARM.Collect$$libshutdown$$00000010  c_w.l(libshutdown2.o)
    0x000002e8   0x000002e8   0x00000000   Code   RO          907    .ARM.Collect$$rtentry$$00000000  c_w.l(__rtentry.o)
    0x000002e8   0x000002e8   0x00000000   Code   RO          920    .ARM.Collect$$rtentry$$00000002  c_w.l(__rtentry2.o)
    0x000002e8   0x000002e8   0x00000006   Code   RO          932    .ARM.Collect$$rtentry$$00000004  c_w.l(__rtentry4.o)
    0x000002ee   0x000002ee   0x00000000   Code   RO          922    .ARM.Collect$$rtentry$$00000009  c_w.l(__rtentry2.o)
    0x000002ee   0x000002ee   0x00000004   Code   RO          923    .ARM.Collect$$rtentry$$0000000A  c_w.l(__rtentry2.o)
    0x000002f2   0x000002f2   0x00000000   Code   RO          925    .ARM.Collect$$rtentry$$0000000C  c_w.l(__rtentry2.o)
    0x000002f2   0x000002f2   0x00000008   Code   RO          926    .ARM.Collect$$rtentry$$0000000D  c_w.l(__rtentry2.o)
    0x000002fa   0x000002fa   0x00000002   Code   RO          952    .ARM.Collect$$rtexit$$00000000  c_w.l(rtexit.o)
    0x000002fc   0x000002fc   0x00000000   Code   RO         1000    .ARM.Collect$$rtexit$$00000002  c_w.l(rtexit2.o)
    0x000002fc   0x000002fc   0x00000004   Code   RO         1001    .ARM.Collect$$rtexit$$00000003  c_w.l(rtexit2.o)
    0x00000300   0x00000300   0x00000006   Code   RO         1002    .ARM.Collect$$rtexit$$00000004  c_w.l(rtexit2.o)
    0x00000306   0x00000306   0x00000002   PAD
    0x00000308   0x00000308   0x00000006   Code   RO           60    .emb_text           bsp.o
    0x0000030e   0x0000030e   0x00000002   PAD
    0x00000310   0x00000310   0x00000124   Code   RO          808  * .text               startup_tm4c123.o
    0x00000434   0x00000434   0x00000006   Code   RO          871    .text               c_w.l(heapauxi.o)
    0x0000043a   0x0000043a   0x00000016   Code   RO          908    .text               c_w.l(_rserrno.o)
    0x00000450   0x00000450   0x00000008   Code   RO          937    .text               c_w.l(rt_errno_addr_intlibspace.o)
    0x00000458   0x00000458   0x00000008   Code   RO          939    .text               c_w.l(libspace.o)
    0x00000460   0x00000460   0x0000004a   Code   RO          942    .text               c_w.l(sys_stackheap_outer.o)
    0x000004aa   0x000004aa   0x00000012   Code   RO          944    .text               c_w.l(exit.o)
    0x000004bc   0x000004bc   0x0000000c   Code   RO         1010    .text               c_w.l(sys_exit.o)
    0x000004c8   0x000004c8   0x00000002   Code   RO         1021    .text               c_w.l(use_no_semi.o)
    0x000004ca   0x000004ca   0x00000000   Code   RO         1023    .text               c_w.l(indicate_semi.o)
    0x000004ca   0x000004ca   0x00000002   PAD
    0x000004cc   0x000004cc   0x00000080   Code   RO           63    i.BSP_Button1_Init  bsp.o
    0x0000054c   0x0000054c   0x0000000c   Code   RO           64    i.BSP_Button1_Input  bsp.o
    0x00000558   0x00000558   0x00000090   Code   RO           65    i.BSP_Button2_Init  bsp.o
    0x000005e8   0x000005e8   0x0000000c   Code   RO           66    i.BSP_Button2_Input  bsp.o
    0x000005f4   0x000005f4   0x0000000c   Code   RO           69    i.BSP_Clock_GetFreq  bsp.o
    0x00000600   0x00000600   0x0000008c   Code   RO           70    i.BSP_Clock_InitFastest  bsp.o
    0x0000068c   0x0000068c   0x00000016   Code   RO           71    i.BSP_Delay1ms      bsp.o
    0x000006a2   0x000006a2   0x00000018   Code   RO           74    i.BSP_LCD_Color565  bsp.o
    0x000006ba   0x000006ba   0x00000002   PAD
    0x000006bc   0x000006bc   0x00000110   Code   RO           76    i.BSP_LCD_DrawChar  bsp.o
    0x000007cc   0x000007cc   0x0000007c   Code   RO           78    i.BSP_LCD_DrawFastHLine  bsp.o
    0x00000848   0x00000848   0x0000007c   Code   RO           79    i.BSP_LCD_DrawFastVLine  bsp.o
    0x000008c4   0x000008c4   0x00000048   Code   RO           80    i.BSP_LCD_DrawPixel  bsp.o
    0x0000090c   0x0000090c   0x00000056   Code   RO           81    i.BSP_LCD_DrawString  bsp.o
    0x00000962   0x00000962   0x00000002   PAD
    0x00000964   0x00000964   0x00000124   Code   RO           82    i.BSP_LCD_Drawaxes  bsp.o
    0x00000a88   0x00000a88   0x000000ac   Code   RO           83    i.BSP_LCD_FillRect  bsp.o
    0x00000b34   0x00000b34   0x00000024   Code   RO           84    i.BSP_LCD_FillScreen  bsp.o
    0x00000b58   0x00000b58   0x0000000a   Code   RO           85    i.BSP_LCD_Init      bsp.o
    0x00000b62   0x00000b62   0x00000002   PAD
    0x00000b64   0x00000b64   0x00000090   Code   RO           86    i.BSP_LCD_OutUDec   bsp.o
    0x00000bf4   0x00000bf4   0x00000038   Code   RO           91    i.BSP_LCD_PlotIncrement  bsp.o
    0x00000c2c   0x00000c2c   0x00000064   Code   RO           92    i.BSP_LCD_PlotPoint  bsp.o
    0x00000c90   0x00000c90   0x00000020   Code   RO           93    i.BSP_LCD_SetCursor  bsp.o
    0x00000cb0   0x00000cb0   0x000000ac   Code   RO           99    i.BSP_Microphone_Init  bsp.o
    0x00000d5c   0x00000d5c   0x0000002c   Code   RO          100    i.BSP_Microphone_Input  bsp.o
    0x00000d88   0x00000d88   0x00000010   Code   RO          117    i.BSP_Time_Get      bsp.o
    0x00000d98   0x00000d98   0x0000006c   Code   RO          118    i.BSP_Time_Init     bsp.o
    0x00000e04   0x00000e04   0x00000068   Code   RO          583    i.Encrypt           texas.o
    0x00000e6c   0x00000e6c   0x0000028c   Code   RO          571    i.FFT               fft.o
    0x000010f8   0x000010f8   0x0000050c   Code   RO          584    i.Grader            texas.o
    0x00001604   0x00001604   0x00000014   Code   RO          585    i.LogicAnalyzer     texas.o
    0x00001618   0x00001618   0x000000bc   Code   RO          586    i.PeriodicTask2_Init  texas.o
    0x000016d4   0x000016d4   0x00000024   Code   RO          587    i.PeriodicTask2_Stop  texas.o
    0x000016f8   0x000016f8   0x000001d4   Code   RO          554    i.Profile_Init      profile.o
    0x000018cc   0x000018cc   0x00000074   Code   RO          122    i.ST7735_InitR      bsp.o
    0x00001940   0x00001940   0x000000cc   Code   RO          588    i.SetGrade          texas.o
    0x00001a0c   0x00001a0c   0x00000154   Code   RO          589    i.TExaS_Init        texas.o
    0x00001b60   0x00001b60   0x00000008   Code   RO          590    i.TExaS_Stop        texas.o
    0x00001b68   0x00001b68   0x00000018   Code   RO          597    i.TIMER5A_Handler   texas.o
    0x00001b80   0x00001b80   0x000002d0   Code   RO            1    i.Task0             spectrum.o
    0x00001e50   0x00001e50   0x00000138   Code   RO            2    i.Task1             spectrum.o
    0x00001f88   0x00001f88   0x000000e4   Code   RO            3    i.Task3             spectrum.o
    0x0000206c   0x0000206c   0x00000210   Code   RO            4    i.Task4             spectrum.o
    0x0000227c   0x0000227c   0x000000a4   Code   RO          603    i.UART_Init         texas.o
    0x00002320   0x00002320   0x00000018   Code   RO          604    i.UART_OutChar      texas.o
    0x00002338   0x00002338   0x00000018   Code   RO          606    i.UART_OutString    texas.o
    0x00002350   0x00002350   0x0000002a   Code   RO          607    i.UART_OutUDec      texas.o
    0x0000237a   0x0000237a   0x00000002   PAD
    0x0000237c   0x0000237c   0x00000044   Code   RO          609    i.UART_OutUDec5     texas.o
    0x000023c0   0x000023c0   0x00000044   Code   RO          610    i.UART_OutUDec7     texas.o
    0x00002404   0x00002404   0x0000002e   Code   RO          611    i.UART_OutUFix1     texas.o
    0x00002432   0x00002432   0x00000002   PAD
    0x00002434   0x00002434   0x00000018   Code   RO          123    i.WideTimer3A_Handler  bsp.o
    0x0000244c   0x0000244c   0x00000018   Code   RO          124    i.WideTimer4A_Handler  bsp.o
    0x00002464   0x00002464   0x00000018   Code   RO          125    i.WideTimer5A_Handler  bsp.o
    0x0000247c   0x0000247c   0x0000004c   Code   RO          126    i.adcinit           bsp.o
    0x000024c8   0x000024c8   0x00000056   Code   RO          127    i.commandList       bsp.o
    0x0000251e   0x0000251e   0x00000002   PAD
    0x00002520   0x00002520   0x00000204   Code   RO          128    i.commonInit        bsp.o
    0x00002724   0x00002724   0x00000048   Code   RO          129    i.fillmessage       bsp.o
    0x0000276c   0x0000276c   0x00000080   Code   RO          614    i.fillmessage5b     texas.o
    0x000027ec   0x000027ec   0x000000c4   Code   RO          615    i.fillmessage7b     texas.o
    0x000028b0   0x000028b0   0x00000048   Code   RO          616    i.fillmessageb      texas.o
    0x000028f8   0x000028f8   0x00000064   Code   RO            5    i.main              spectrum.o
    0x0000295c   0x0000295c   0x00000012   Code   RO          137    i.pushColor         bsp.o
    0x0000296e   0x0000296e   0x00000002   PAD
    0x00002970   0x00002970   0x00000074   Code   RO          138    i.setAddrWindow     bsp.o
    0x000029e4   0x000029e4   0x0000004c   Code   RO          900    i.sqrt              m_ws.l(sqrt.o)
    0x00002a30   0x00002a30   0x00000048   Code   RO          141    i.writecommand      bsp.o
    0x00002a78   0x00002a78   0x00000048   Code   RO          142    i.writedata         bsp.o
    0x00002ac0   0x00002ac0   0x00000150   Code   RO          875    x$fpl$dadd          fz_ws.l(daddsub_clz.o)
    0x00002c10   0x00002c10   0x00000018   Code   RO          910    x$fpl$dcmpinf       fz_ws.l(dcmpi.o)
    0x00002c28   0x00002c28   0x000002b0   Code   RO          882    x$fpl$ddiv          fz_ws.l(ddiv.o)
    0x00002ed8   0x00002ed8   0x0000005e   Code   RO          885    x$fpl$dfix          fz_ws.l(dfix.o)
    0x00002f36   0x00002f36   0x0000002e   Code   RO          890    x$fpl$dflt          fz_ws.l(dflt_clz.o)
    0x00002f64   0x00002f64   0x00000026   Code   RO          889    x$fpl$dfltu         fz_ws.l(dflt_clz.o)
    0x00002f8a   0x00002f8a   0x00000002   PAD
    0x00002f8c   0x00002f8c   0x00000078   Code   RO          895    x$fpl$dleqf         fz_ws.l(dleqf.o)
    0x00003004   0x00003004   0x00000154   Code   RO          897    x$fpl$dmul          fz_ws.l(dmul.o)
    0x00003158   0x00003158   0x0000009c   Code   RO          912    x$fpl$dnaninf       fz_ws.l(dnaninf.o)
    0x000031f4   0x000031f4   0x0000000c   Code   RO          914    x$fpl$dretinf       fz_ws.l(dretinf.o)
    0x00003200   0x00003200   0x00000198   Code   RO          916    x$fpl$dsqrt         fz_ws.l(dsqrt_umaal.o)
    0x00003398   0x00003398   0x000001d4   Code   RO          877    x$fpl$dsub          fz_ws.l(daddsub_clz.o)
    0x0000356c   0x0000356c   0x00000000   Code   RO          918    x$fpl$usenofp       fz_ws.l(usenofp.o)
    0x0000356c   0x0000356c   0x0000057b   Data   RO          144    .constdata          bsp.o
    0x00003ae7   0x00003ae7   0x00000001   PAD
    0x00003ae8   0x00003ae8   0x00000048   Data   RO          618    .constdata          texas.o
    0x00003b30   0x00003b30   0x00000020   Data   RO         1076    Region$$Table       anon$$obj.o


    Execution Region ER_RW (Exec base: 0x20000000, Load base: 0x00003b50, Size: 0x000000f0, Max: 0xffffffff, ABSOLUTE)

    Exec Addr    Load Addr    Size         Type   Attr      Idx    E Section Name        Object

    0x20000000   0x00003b50   0x00000017   Data   RW            7    .data               spectrum.o
    0x20000017   0x00003b67   0x00000001   PAD
    0x20000018   0x00003b68   0x00000044   Data   RW          145    .data               bsp.o
    0x2000005c   0x00003bac   0x00000094   Data   RW          619    .data               texas.o


    Execution Region ER_ZI (Exec base: 0x200000f0, Load base: 0x00003c40, Size: 0x000022d0, Max: 0xffffffff, ABSOLUTE)

    Exec Addr    Load Addr    Size         Type   Attr      Idx    E Section Name        Object

    0x200000f0        -       0x00002050   Zero   RW            6    .bss                spectrum.o
    0x20002140        -       0x0000000c   Zero   RW          143    .bss                bsp.o
    0x2000214c        -       0x00000014   Zero   RW          617    .bss                texas.o
    0x20002160        -       0x00000060   Zero   RW          940    .bss                c_w.l(libspace.o)
    0x200021c0        -       0x00000000   Zero   RW          806    HEAP                startup_tm4c123.o
    0x200021c0        -       0x00000200   Zero   RW          805    STACK               startup_tm4c123.o


==============================================================================

Image component sizes


      Code (inc. data)   RO Data    RW Data    ZI Data      Debug   Object Name

      3576        410       1403         68         12      23444   bsp.o
       652          8          0          0          0       1262   fft.o
       468         50          0          0          0        527   profile.o
      1888        170          0         23       8272       8708   spectrum.o
       292         18        620          0        512       5668   startup_tm4c123.o
      3048        686         72        148         20      15403   texas.o

    ----------------------------------------------------------------------
      9940       1342       2128        240       8816      55012   Object Totals
         0          0         32          0          0          0   (incl. Generated)
        16          0          1          1          0          0   (incl. Padding)

    ----------------------------------------------------------------------

      Code (inc. data)   RO Data    RW Data    ZI Data      Debug   Library Member Name

         8          0          0          0          0         68   __main.o
         0          0          0          0          0          0   __rtentry.o
        12          0          0          0          0          0   __rtentry2.o
         6          0          0          0          0          0   __rtentry4.o
        52          8          0          0          0          0   __scatter.o
        26          0          0          0          0          0   __scatter_copy.o
        28          0          0          0          0          0   __scatter_zi.o
        22          0          0          0          0        100   _rserrno.o
        18          0          0          0          0         80   exit.o
         6          0          0          0          0        152   heapauxi.o
         0          0          0          0          0          0   indicate_semi.o
         2          0          0          0          0          0   libinit.o
         2          0          0          0          0          0   libinit2.o
         2          0          0          0          0          0   libshutdown.o
         2          0          0          0          0          0   libshutdown2.o
         8          4          0          0         96         68   libspace.o
         8          4          0          0          0         68   rt_errno_addr_intlibspace.o
         2          0          0          0          0          0   rtexit.o
        10          0          0          0          0          0   rtexit2.o
        12          4          0          0          0         68   sys_exit.o
        74          0          0          0          0         80   sys_stackheap_outer.o
         2          0          0          0          0         68   use_no_semi.o
       804         16          0          0          0        272   daddsub_clz.o
        24          0          0          0          0         68   dcmpi.o
       688        140          0          0          0        208   ddiv.o
        94          4          0          0          0         92   dfix.o
        84          0          0          0          0        136   dflt_clz.o
       120          4          0          0          0         92   dleqf.o
       340         12          0          0          0        104   dmul.o
       156          4          0          0          0         92   dnaninf.o
        12          0          0          0          0         68   dretinf.o
       408         56          0          0          0        120   dsqrt_umaal.o
         0          0          0          0          0          0   usenofp.o
        76          0          0          0          0         84   sqrt.o

    ----------------------------------------------------------------------
      3116        256          0          0         96       2088   Library Totals
         8          0          0          0          0          0   (incl. Padding)

    ----------------------------------------------------------------------

      Code (inc. data)   RO Data    RW Data    ZI Data      Debug   Library Name

       302         20          0          0         96        752   c_w.l
      2730        236          0          0          0       1252   fz_ws.l
        76          0          0          0          0         84   m_ws.l

    ----------------------------------------------------------------------
      3116        256          0          0         96       2088   Library Totals

    ----------------------------------------------------------------------

==============================================================================


      Code (inc. data)   RO Data    RW Data    ZI Data      Debug   

     13056       1598       2128        240       8912      53040   Grand Totals
     13056       1598       2128        240       8912      53040   ELF Image Totals
     13056       1598       2128        240          0          0   ROM Totals

==============================================================================

    Total RO  Size (Code + RO Data)                15184 (  14.83kB)
    Total RW  Size (RW Data + ZI Data)              9152 (   8.94kB)
    Total ROM Size (Code + RO Data + RW Data)      15424 (  15.06kB)

==============================================================================

