Component: ARM Compiler 5.06 update 5 (build 528) Tool: armlink [4d35e2]

==============================================================================

Section Cross References

    spectrum.o(i.Task0) refers to daddsub_clz.o(x$fpl$dsub) for __aeabi_dsub
    spectrum.o(i.Task0) refers to ddiv.o(x$fpl$ddiv) for __aeabi_ddiv
    spectrum.o(i.Task0) refers to daddsub_clz.o(x$fpl$dadd) for __aeabi_dadd
    spectrum.o(i.Task0) refers to dmul.o(x$fpl$dmul) for __aeabi_dmul
    spectrum.o(i.Task0) refers to spectrum.o(.bss) for real
    spectrum.o(i.Task0) refers to spectrum.o(.data) for V
    spectrum.o(i.Task0_Init) refers to bsp.o(i.BSP_Microphone_Init) for BSP_Microphone_Init
    spectrum.o(i.Task1) refers to texas.o(i.TExaS_Task1) for TExaS_Task1
    spectrum.o(i.Task1) refers to bsp.o(i.BSP_Time_Get) for BSP_Time_Get
    spectrum.o(i.Task1) refers to bsp.o(i.BSP_Microphone_Input) for BSP_Microphone_Input
    spectrum.o(i.Task1) refers to dflt_clz.o(x$fpl$dfltu) for __aeabi_ui2d
    spectrum.o(i.Task1) refers to fft.o(i.FFT) for FFT
    spectrum.o(i.Task1) refers to dmul.o(x$fpl$dmul) for __aeabi_dmul
    spectrum.o(i.Task1) refers to daddsub_clz.o(x$fpl$dadd) for __aeabi_dadd
    spectrum.o(i.Task1) refers to sqrt.o(i.sqrt) for sqrt
    spectrum.o(i.Task1) refers to spectrum.o(.data) for kfft
    spectrum.o(i.Task1) refers to spectrum.o(.bss) for real
    spectrum.o(i.Task3) refers to texas.o(i.TExaS_Task3) for TExaS_Task3
    spectrum.o(i.Task3) refers to bsp.o(i.BSP_Button1_Input) for BSP_Button1_Input
    spectrum.o(i.Task3) refers to bsp.o(i.BSP_LCD_Color565) for BSP_LCD_Color565
    spectrum.o(i.Task3) refers to bsp.o(i.BSP_LCD_FillScreen) for BSP_LCD_FillScreen
    spectrum.o(i.Task3) refers to bsp.o(i.BSP_Button2_Input) for BSP_Button2_Input
    spectrum.o(i.Task3) refers to spectrum.o(.data) for prev1
    spectrum.o(i.Task3_Init) refers to bsp.o(i.BSP_Button1_Init) for BSP_Button1_Init
    spectrum.o(i.Task3_Init) refers to bsp.o(i.BSP_Button2_Init) for BSP_Button2_Init
    spectrum.o(i.Task4) refers to texas.o(i.TExaS_Task4) for TExaS_Task4
    spectrum.o(i.Task4) refers to spectrum.o(i.drawaxes) for drawaxes
    spectrum.o(i.Task4) refers to dfix.o(x$fpl$dfix) for __aeabi_d2iz
    spectrum.o(i.Task4) refers to bsp.o(i.BSP_LCD_PlotPoint) for BSP_LCD_PlotPoint
    spectrum.o(i.Task4) refers to bsp.o(i.BSP_LCD_PlotIncrement) for BSP_LCD_PlotIncrement
    spectrum.o(i.Task4) refers to bsp.o(i.BSP_LCD_DrawString) for BSP_LCD_DrawString
    spectrum.o(i.Task4) refers to bsp.o(i.BSP_LCD_SetCursor) for BSP_LCD_SetCursor
    spectrum.o(i.Task4) refers to bsp.o(i.BSP_LCD_OutUDec) for BSP_LCD_OutUDec
    spectrum.o(i.Task4) refers to bsp.o(i.BSP_Microphone_Input) for BSP_Microphone_Input
    spectrum.o(i.Task4) refers to dflt_clz.o(x$fpl$dflt) for __aeabi_i2d
    spectrum.o(i.Task4) refers to dleqf.o(x$fpl$dleqf) for __aeabi_cdcmple
    spectrum.o(i.Task4) refers to bsp.o(i.BSP_LCD_FillRect) for BSP_LCD_FillRect
    spectrum.o(i.Task4) refers to spectrum.o(.data) for ReDrawAxes
    spectrum.o(i.Task4) refers to spectrum.o(.bss) for real
    spectrum.o(i.Task4_Init) refers to bsp.o(i.BSP_LCD_Init) for BSP_LCD_Init
    spectrum.o(i.Task4_Init) refers to bsp.o(i.BSP_LCD_Color565) for BSP_LCD_Color565
    spectrum.o(i.Task4_Init) refers to bsp.o(i.BSP_LCD_FillScreen) for BSP_LCD_FillScreen
    spectrum.o(i.Task4_Init) refers to spectrum.o(i.drawaxes) for drawaxes
    spectrum.o(i.Task4_Init) refers to spectrum.o(.data) for ReDrawAxes
    spectrum.o(i.drawaxes) refers to bsp.o(i.BSP_LCD_Drawaxes) for BSP_LCD_Drawaxes
    spectrum.o(i.drawaxes) refers to spectrum.o(.data) for PlotState
    spectrum.o(i.main) refers to startup_tm4c123.o(.text) for DisableInterrupts
    spectrum.o(i.main) refers to bsp.o(i.BSP_Clock_InitFastest) for BSP_Clock_InitFastest
    spectrum.o(i.main) refers to profile.o(i.Profile_Init) for Profile_Init
    spectrum.o(i.main) refers to texas.o(i.TExaS_Init) for TExaS_Init
    spectrum.o(i.main) refers to spectrum.o(i.Task0_Init) for Task0_Init
    spectrum.o(i.main) refers to spectrum.o(i.Task3_Init) for Task3_Init
    spectrum.o(i.main) refers to spectrum.o(i.Task4_Init) for Task4_Init
    spectrum.o(i.main) refers to spectrum.o(i.Task1) for Task1
    spectrum.o(i.main) refers to spectrum.o(i.Task0) for Task0
    spectrum.o(i.main) refers to spectrum.o(i.Task3) for Task3
    spectrum.o(i.main) refers to spectrum.o(i.Task4) for Task4
    spectrum.o(i.main) refers to spectrum.o(.data) for ReDrawAxes
    bsp.o(i.BSP_Accelerometer_Init) refers to bsp.o(i.adcinit) for adcinit
    bsp.o(i.BSP_Buzzer_Init) refers to bsp.o(.data) for ClockFrequency
    bsp.o(i.BSP_Buzzer_Set) refers to bsp.o(.data) for PWMCycles
    bsp.o(i.BSP_Clock_GetFreq) refers to bsp.o(.data) for ClockFrequency
    bsp.o(i.BSP_Clock_InitFastest) refers to bsp.o(.data) for ClockFrequency
    bsp.o(i.BSP_Delay1ms) refers to bsp.o(.emb_text) for parrotdelay
[...]
    sys_exit.o(.text) refers (Special) to indicate_semi.o(.text) for __semihosting_library_function
    _get_argv_nomalloc.o(.text) refers (Special) to hrguard.o(.text) for __heap_region$guard
    _get_argv_nomalloc.o(.text) refers to defsig_rtmem_outer.o(.text) for __rt_SIGRTMEM
    _get_argv_nomalloc.o(.text) refers to sys_command.o(.text) for _sys_command_string
    libshutdown.o(.ARM.Collect$$libshutdown$$00000000) refers (Special) to libshutdown2.o(.ARM.Collect$$libshutdown$$00000002) for __rt_lib_shutdown_cpp_1
    libshutdown.o(.ARM.Collect$$libshutdown$$00000000) refers (Special) to libshutdown2.o(.ARM.Collect$$libshutdown$$00000007) for __rt_lib_shutdown_fp_trap_1
    libshutdown.o(.ARM.Collect$$libshutdown$$00000000) refers (Special) to libshutdown2.o(.ARM.Collect$$libshutdown$$0000000F) for __rt_lib_shutdown_heap_1
    libshutdown.o(.ARM.Collect$$libshutdown$$00000000) refers (Special) to libshutdown2.o(.ARM.Collect$$libshutdown$$00000010) for __rt_lib_shutdown_return
    libshutdown.o(.ARM.Collect$$libshutdown$$00000000) refers (Special) to libshutdown2.o(.ARM.Collect$$libshutdown$$0000000A) for __rt_lib_shutdown_signal_1
    libshutdown.o(.ARM.Collect$$libshutdown$$00000000) refers (Special) to libshutdown2.o(.ARM.Collect$$libshutdown$$00000004) for __rt_lib_shutdown_stdio_1
    libshutdown.o(.ARM.Collect$$libshutdown$$00000000) refers (Special) to libshutdown2.o(.ARM.Collect$$libshutdown$$0000000C) for __rt_lib_shutdown_user_alloc_1
    sys_command.o(.text) refers (Special) to use_no_semi.o(.text) for __I$use$semihosting
    sys_command.o(.text) refers (Special) to indicate_semi.o(.text) for __semihosting_library_function
    defsig_rtmem_outer.o(.text) refers to defsig_rtmem_inner.o(.text) for __rt_SIGRTMEM_inner
    defsig_rtmem_outer.o(.text) refers to defsig_exit.o(.text) for __sig_exit
    defsig_rtmem_formal.o(.text) refers to rt_raise.o(.text) for __rt_raise
    rt_raise.o(.text) refers to __raise.o(.text) for __raise
    rt_raise.o(.text) refers to sys_exit.o(.text) for _sys_exit
    defsig_exit.o(.text) refers to sys_exit.o(.text) for _sys_exit
    defsig_rtmem_inner.o(.text) refers to defsig_general.o(.text) for __default_signal_display
    __raise.o(.text) refers to defsig.o(CL$$defsig) for __default_signal_handler
    defsig_general.o(.text) refers to sys_wrch.o(.text) for _ttywrch
    sys_wrch.o(.text) refers (Special) to use_no_semi.o(.text) for __I$use$semihosting
    sys_wrch.o(.text) refers (Special) to indicate_semi.o(.text) for __semihosting_library_function
    defsig.o(CL$$defsig) refers to defsig_rtmem_inner.o(.text) for __rt_SIGRTMEM_inner
    defsig_abrt_inner.o(.text) refers to defsig_general.o(.text) for __default_signal_display
    defsig_fpe_inner.o(.text) refers to defsig_general.o(.text) for __default_signal_display
    defsig_rtred_inner.o(.text) refers to defsig_general.o(.text) for __default_signal_display
    defsig_stak_inner.o(.text) refers to defsig_general.o(.text) for __default_signal_display
    defsig_pvfn_inner.o(.text) refers to defsig_general.o(.text) for __default_signal_display
    defsig_cppl_inner.o(.text) refers to defsig_general.o(.text) for __default_signal_display
    defsig_segv_inner.o(.text) refers to defsig_general.o(.text) for __default_signal_display
    defsig_other.o(.text) refers to defsig_general.o(.text) for __default_signal_display


==============================================================================

Removing Unused input sections from the image.

    Removing spectrum.o(i.numlength), (116 bytes).
    Removing spectrum.o(i.sqrt32), (30 bytes).
    Removing bsp.o(i.BSP_Accelerometer_Init), (176 bytes).
    Removing bsp.o(i.BSP_Accelerometer_Input), (72 bytes).
    Removing bsp.o(i.BSP_Buzzer_Init), (212 bytes).
    Removing bsp.o(i.BSP_Buzzer_Set), (32 bytes).
    Removing bsp.o(i.BSP_Joystick_Init), (304 bytes).
    Removing bsp.o(i.BSP_Joystick_Input), (64 bytes).
    Removing bsp.o(i.BSP_LCD_DrawBitmap), (288 bytes).
    Removing bsp.o(i.BSP_LCD_DrawCharS), (248 bytes).
    Removing bsp.o(i.BSP_LCD_OutUDec4), (136 bytes).
    Removing bsp.o(i.BSP_LCD_OutUDec5), (136 bytes).
    Removing bsp.o(i.BSP_LCD_OutUFix2_1), (112 bytes).
    Removing bsp.o(i.BSP_LCD_OutUHex2), (112 bytes).
    Removing bsp.o(i.BSP_LCD_SwapColor), (18 bytes).
    Removing bsp.o(i.BSP_LightSensor_End), (68 bytes).
    Removing bsp.o(i.BSP_LightSensor_Init), (84 bytes).
    Removing bsp.o(i.BSP_LightSensor_Input), (52 bytes).
    Removing bsp.o(i.BSP_LightSensor_Start), (28 bytes).
    Removing bsp.o(i.BSP_PeriodicTask_Init), (192 bytes).
    Removing bsp.o(i.BSP_PeriodicTask_InitB), (188 bytes).
    Removing bsp.o(i.BSP_PeriodicTask_InitC), (188 bytes).
    Removing bsp.o(i.BSP_PeriodicTask_Restart), (24 bytes).
    Removing bsp.o(i.BSP_PeriodicTask_Stop), (24 bytes).
    Removing bsp.o(i.BSP_PeriodicTask_StopB), (24 bytes).
    Removing bsp.o(i.BSP_PeriodicTask_StopC), (24 bytes).
    Removing bsp.o(i.BSP_RGB_D_Init), (344 bytes).
    Removing bsp.o(i.BSP_RGB_D_Set), (64 bytes).
    Removing bsp.o(i.BSP_RGB_D_Toggle), (60 bytes).
    Removing bsp.o(i.BSP_RGB_Init), (576 bytes).
    Removing bsp.o(i.BSP_RGB_Set), (80 bytes).
    Removing bsp.o(i.BSP_TempSensor_End), (76 bytes).
    Removing bsp.o(i.BSP_TempSensor_Init), (84 bytes).
    Removing bsp.o(i.BSP_TempSensor_Input), (60 bytes).
    Removing bsp.o(i.BSP_TempSensor_Start), (28 bytes).
    Removing bsp.o(i.I2C_Recv2), (120 bytes).
    Removing bsp.o(i.I2C_Send1), (72 bytes).
    Removing bsp.o(i.I2C_Send3), (176 bytes).
    Removing bsp.o(i.fillmessage2_1), (96 bytes).
    Removing bsp.o(i.fillmessage2_Hex), (84 bytes).
    Removing bsp.o(i.fillmessage4), (100 bytes).
    Removing bsp.o(i.fillmessage5), (128 bytes).
    Removing bsp.o(i.i2cinit), (148 bytes).
    Removing bsp.o(i.lightsensorend), (80 bytes).
    Removing bsp.o(i.lightsensorstart), (36 bytes).
    Removing bsp.o(i.tempsensorend), (68 bytes).
    Removing bsp.o(i.tempsensorstart), (18 bytes).
    Removing profile.o(i.Profile_Get), (76 bytes).
    Removing texas.o(i.TExaS_Task0), (108 bytes).
    Removing texas.o(i.TExaS_Task2), (108 bytes).
    Removing texas.o(i.TExaS_Task5), (108 bytes).
    Removing texas.o(i.UART_InChar), (28 bytes).
    Removing texas.o(i.UART_InCharNonBlocking), (28 bytes).
    Removing texas.o(i.UART_InString), (66 bytes).
    Removing texas.o(i.UART_InUDec), (76 bytes).
    Removing texas.o(i.UART_InUHex), (104 bytes).
    Removing texas.o(i.UART_OutCharNonBlock), (12 bytes).
    Removing texas.o(i.UART_OutUDec4), (68 bytes).
    Removing texas.o(i.UART_OutUHex), (52 bytes).
    Removing texas.o(i.fillmessage4b), (88 bytes).
    Removing system_tm4c123.o(.rev16_text), (4 bytes).
    Removing system_tm4c123.o(.revsh_text), (4 bytes).
    Removing system_tm4c123.o(.rrx_text), (6 bytes).
    Removing system_tm4c123.o(i.SystemCoreClockUpdate), (196 bytes).
    Removing system_tm4c123.o(i.SystemInit), (136 bytes).
    Removing system_tm4c123.o(i.getOscClk), (248 bytes).
    Removing system_tm4c123.o(.data), (4 bytes).

67 unused section(s) (total 6970 bytes) removed from the image.

==============================================================================

Image Symbol Table

    Local Symbols

    Symbol Name                              Value     Ov Type        Size  Object(Section)

    RESET                                    0x00000000   Section      620  startup_tm4c123.o(RESET)
    ../clib/angel/boardlib.s                 0x00000000   Number         0  boardinit3.o ABSOLUTE
    ../clib/angel/boardlib.s                 0x00000000   Number         0  boardinit1.o ABSOLUTE
    ../clib/angel/boardlib.s                 0x00000000   Number         0  boardinit2.o ABSOLUTE
    ../clib/angel/boardlib.s                 0x00000000   Number         0  boardshut.o ABSOLUTE
    ../clib/angel/dczerorl2.s                0x00000000   Number         0  __dczerorl2.o ABSOLUTE
    ../clib/angel/handlers.s                 0x00000000   Number         0  __scatter_zi.o ABSOLUTE
    ../clib/angel/kernel.s                   0x00000000   Number         0  rtexit.o ABSOLUTE
    ../clib/angel/kernel.s                   0x00000000   Number         0  __rtentry4.o ABSOLUTE
    ../clib/angel/kernel.s                   0x00000000   Number         0  __rtentry2.o ABSOLUTE
    ../clib/angel/kernel.s                   0x00000000   Number         0  rtexit2.o ABSOLUTE
    ../clib/angel/kernel.s                   0x00000000   Number         0  __rtentry.o ABSOLUTE
    ../clib/angel/rt.s                       0x00000000   Number         0  rt_raise.o ABSOLUTE
    ../clib/angel/rt.s                       0x00000000   Number         0  rt_errno_addr_intlibspace.o ABSOLUTE
    ../clib/angel/rt.s                       0x00000000   Number         0  rt_errno_addr.o ABSOLUTE
    ../clib/angel/scatter.s                  0x00000000   Number         0  __scatter.o ABSOLUTE
    ../clib/angel/startup.s                  0x00000000   Number         0  __main.o ABSOLUTE
    ../clib/angel/sys.s                      0x00000000   Number         0  indicate_semi.o ABSOLUTE
    ../clib/angel/sys.s                      0x00000000   Number         0  sys_stackheap_outer.o ABSOLUTE
    ../clib/angel/sys.s                      0x00000000   Number         0  libspace.o ABSOLUTE
    ../clib/angel/sys.s                      0x00000000   Number         0  use_no_semi.o ABSOLUTE
    ../clib/angel/sysapp.c                   0x00000000   Number         0  sys_wrch.o ABSOLUTE
    ../clib/angel/sysapp.c                   0x00000000   Number         0  sys_exit.o ABSOLUTE
    ../clib/angel/sysapp.c                   0x00000000   Number         0  sys_command.o ABSOLUTE
    ../clib/armsys.c                         0x00000000   Number         0  argv_veneer.o ABSOLUTE
    ../clib/armsys.c                         0x00000000   Number         0  argv_veneer.o ABSOLUTE
    ../clib/armsys.c                         0x00000000   Number         0  no_argv.o ABSOLUTE
    ../clib/armsys.c                         0x00000000   Number         0  _get_argv_nomalloc.o ABSOLUTE
    ../clib/fenv.c                           0x00000000   Number         0  _rserrno.o ABSOLUTE
    ../clib/heapalloc.c                      0x00000000   Number         0  hrguard.o ABSOLUTE
    ../clib/heapaux.c                        0x00000000   Number         0  heapauxi.o ABSOLUTE
    ../clib/libinit.s                        0x00000000   Number         0  libinit2.o ABSOLUTE
    ../clib/libinit.s                        0x00000000   Number         0  libinit.o ABSOLUTE
    ../clib/libinit.s                        0x00000000   Number         0  libshutdown.o ABSOLUTE
    ../clib/libinit.s                        0x00000000   Number         0  libshutdown2.o ABSOLUTE
    ../clib/signal.c                         0x00000000   Number         0  defsig_general.o ABSOLUTE
    ../clib/signal.c                         0x00000000   Number         0  __raise.o ABSOLUTE
    ../clib/signal.c                         0x00000000   Number         0  defsig_rtmem_inner.o ABSOLUTE
    ../clib/signal.c                         0x00000000   Number         0  defsig_exit.o ABSOLUTE
    ../clib/signal.c                         0x00000000   Number         0  defsig_other.o ABSOLUTE
    ../clib/signal.c                         0x00000000   Number         0  defsig_segv_inner.o ABSOLUTE
    ../clib/signal.c                         0x00000000   Number         0  defsig_stak_inner.o ABSOLUTE
    ../clib/signal.c                         0x00000000   Number         0  defsig_rtred_inner.o ABSOLUTE
    ../clib/signal.c                         0x00000000   Number         0  defsig_pvfn_inner.o ABSOLUTE
    ../clib/signal.c                         0x00000000   Number         0  defsig_fpe_inner.o ABSOLUTE
    ../clib/signal.c                         0x00000000   Number         0  defsig_rtmem_formal.o ABSOLUTE
    ../clib/signal.c                         0x00000000   Number         0  defsig_abrt_inner.o ABSOLUTE
    ../clib/signal.c                         0x00000000   Number         0  defsig_cppl_inner.o ABSOLUTE
    ../clib/signal.c                         0x00000000   Number         0  defsig_rtmem_outer.o ABSOLUTE
    ../clib/signal.s                         0x00000000   Number         0  defsig.o ABSOLUTE
    ../clib/stdlib.c                         0x00000000   Number         0  exit.o ABSOLUTE
    ../fplib/daddsub.s                       0x00000000   Number         0  daddsub_clz.o ABSOLUTE
    ../fplib/dcmpi.s                         0x00000000   Number         0  dcmpi.o ABSOLUTE
    ../fplib/ddiv.s                          0x00000000   Number         0  ddiv.o ABSOLUTE
    ../fplib/dfix.s                          0x00000000   Number         0  dfix.o ABSOLUTE
    ../fplib/dflt.s                          0x00000000   Number         0  dflt_clz.o ABSOLUTE
    ../fplib/dleqf.s                         0x00000000   Number         0  dleqf.o ABSOLUTE
    ../fplib/dmul.s                          0x00000000   Number         0  dmul.o ABSOLUTE
    ../fplib/dnaninf.s                       0x00000000   Number         0  dnaninf.o ABSOLUTE
    ../fplib/dretinf.s                       0x00000000   Number         0  dretinf.o ABSOLUTE
    ../fplib/dsqrt.s                         0x00000000   Number         0  dsqrt_umaal.o ABSOLUTE
    ../fplib/fpinit.s                        0x00000000   Number         0  fpinit.o ABSOLUTE
    ../fplib/usenofp.s                       0x00000000   Number         0  usenofp.o ABSOLUTE
    ../mathlib/sqrt.c                        0x00000000   Number         0  sqrt_x.o ABSOLUTE
    ../mathlib/sqrt.c                        0x00000000   Number         0  sqrt.o ABSOLUTE
    ..\\inc\\BSP.c                           0x00000000   Number         0  bsp.o ABSOLUTE
    ..\inc\BSP.c                             0x00000000   Number         0  bsp.o ABSOLUTE
    ..\inc\Profile.c                         0x00000000   Number         0  profile.o ABSOLUTE
    FFT.c                                    0x00000000   Number         0  fft.o ABSOLUTE
    RTE\Device\TM4C123GH6PM\startup_TM4C123.s 0x00000000   Number         0  startup_tm4c123.o ABSOLUTE
    RTE\Device\TM4C123GH6PM\system_TM4C123.c 0x00000000   Number         0  system_tm4c123.o ABSOLUTE
    RTE\\Device\\TM4C123GH6PM\\system_TM4C123.c 0x00000000   Number         0  system_tm4c123.o ABSOLUTE
    Spectrum.c                               0x00000000   Number         0  spectrum.o ABSOLUTE
    Texas.c                                  0x00000000   Number         0  texas.o ABSOLUTE
    dc.s                                     0x00000000   Number         0  dc.o ABSOLUTE
    !!!main                                  0x0000026c   Section        8  __main.o(!!!main)
    !!!scatter                               0x00000274   Section       52  __scatter.o(!!!scatter)
    !!dczerorl2                              0x000002a8   Section       90  __dczerorl2.o(!!dczerorl2)
    !!handler_zi                             0x00000304   Section       28  __scatter_zi.o(!!handler_zi)
    .ARM.Collect$$libinit$$00000000          0x00000320   Section        2  libinit.o(.ARM.Collect$$libinit$$00000000)
    .ARM.Collect$$libinit$$00000002          0x00000322   Section        0  libinit2.o(.ARM.Collect$$libinit$$00000002)
    .ARM.Collect$$libinit$$00000004          0x00000322   Section        0  libinit2.o(.ARM.Collect$$libinit$$00000004)
    .ARM.Collect$$libinit$$0000000A          0x00000322   Section        0  libinit2.o(.ARM.Collect$$libinit$$0000000A)
    .ARM.Collect$$libinit$$0000000C          0x00000322   Section        0  libinit2.o(.ARM.Collect$$libinit$$0000000C)
    .ARM.Collect$$libinit$$0000000E          0x00000322   Section        0  libinit2.o(.ARM.Collect$$libinit$$0000000E)
    .ARM.Collect$$libinit$$00000011          0x00000322   Section        0  libinit2.o(.ARM.Collect$$libinit$$00000011)
    .ARM.Collect$$libinit$$00000013          0x00000322   Section        0  libinit2.o(.ARM.Collect$$libinit$$00000013)
    .ARM.Collect$$libinit$$00000015          0x00000322   Section        0  libinit2.o(.ARM.Collect$$libinit$$00000015)
    .ARM.Collect$$libinit$$00000017          0x00000322   Section        0  libinit2.o(.ARM.Collect$$libinit$$00000017)
    .ARM.Collect$$libinit$$00000019          0x00000322   Section        0  libinit2.o(.ARM.Collect$$libinit$$00000019)
    .ARM.Collect$$libinit$$0000001B          0x00000322   Section        0  libinit2.o(.ARM.Collect$$libinit$$0000001B)
    .ARM.Collect$$libinit$$0000001D          0x00000322   Section        0  libinit2.o(.ARM.Collect$$libinit$$0000001D)
    .ARM.Collect$$libinit$$0000001F          0x00000322   Section        0  libinit2.o(.ARM.Collect$$libinit$$0000001F)
    .ARM.Collect$$libinit$$00000021          0x00000322   Section        0  libinit2.o(.ARM.Collect$$libinit$$00000021)
    .ARM.Collect$$libinit$$00000023          0x00000322   Section        0  libinit2.o(.ARM.Collect$$libinit$$00000023)
    .ARM.Collect$$libinit$$00000025          0x00000322   Section        0  libinit2.o(.ARM.Collect$$libinit$$00000025)
    .ARM.Collect$$libinit$$0000002C          0x00000322   Section        0  libinit2.o(.ARM.Collect$$libinit$$0000002C)
    .ARM.Collect$$libinit$$0000002E          0x00000322   Section        0  libinit2.o(.ARM.Collect$$libinit$$0000002E)
    .ARM.Collect$$libinit$$00000030          0x00000322   Section        0  libinit2.o(.ARM.Collect$$libinit$$00000030)
    .ARM.Collect$$libinit$$00000032          0x00000322   Section        0  libinit2.o(.ARM.Collect$$libinit$$00000032)
    .ARM.Collect$$libinit$$00000033          0x00000322   Section        2  libinit2.o(.ARM.Collect$$libinit$$00000033)
    .ARM.Collect$$libshutdown$$00000000      0x00000324   Section        2  libshutdown.o(.ARM.Collect$$libshutdown$$00000000)
    .ARM.Collect$$libshutdown$$00000002      0x00000326   Section        0  libshutdown2.o(.ARM.Collect$$libshutdown$$00000002)
    .ARM.Collect$$libshutdown$$00000004      0x00000326   Section        0  libshutdown2.o(.ARM.Collect$$libshutdown$$00000004)
    .ARM.Collect$$libshutdown$$00000007      0x00000326   Section        0  libshutdown2.o(.ARM.Collect$$libshutdown$$00000007)
    .ARM.Collect$$libshutdown$$0000000A      0x00000326   Section        0  libshutdown2.o(.ARM.Collect$$libshutdown$$0000000A)
    .ARM.Collect$$libshutdown$$0000000C      0x00000326   Section        0  libshutdown2.o(.ARM.Collect$$libshutdown$$0000000C)
    .ARM.Collect$$libshutdown$$0000000F      0x00000326   Section        0  libshutdown2.o(.ARM.Collect$$libshutdown$$0000000F)
    .ARM.Collect$$libshutdown$$00000010      0x00000326   Section        2  libshutdown2.o(.ARM.Collect$$libshutdown$$00000010)
    .ARM.Collect$$rtentry$$00000000          0x00000328   Section        0  __rtentry.o(.ARM.Collect$$rtentry$$00000000)
    .ARM.Collect$$rtentry$$00000002          0x00000328   Section        0  __rtentry2.o(.ARM.Collect$$rtentry$$00000002)
    .ARM.Collect$$rtentry$$00000004          0x00000328   Section        6  __rtentry4.o(.ARM.Collect$$rtentry$$00000004)
    .ARM.Collect$$rtentry$$00000009          0x0000032e   Section        0  __rtentry2.o(.ARM.Collect$$rtentry$$00000009)
    .ARM.Collect$$rtentry$$0000000A          0x0000032e   Section        4  __rtentry2.o(.ARM.Collect$$rtentry$$0000000A)
    .ARM.Collect$$rtentry$$0000000C          0x00000332   Section        0  __rtentry2.o(.ARM.Collect$$rtentry$$0000000C)
    .ARM.Collect$$rtentry$$0000000D          0x00000332   Section        8  __rtentry2.o(.ARM.Collect$$rtentry$$0000000D)
    .ARM.Collect$$rtexit$$00000000           0x0000033a   Section        2  rtexit.o(.ARM.Collect$$rtexit$$00000000)
    .ARM.Collect$$rtexit$$00000002           0x0000033c   Section        0  rtexit2.o(.ARM.Collect$$rtexit$$00000002)
    .ARM.Collect$$rtexit$$00000003           0x0000033c   Section        4  rtexit2.o(.ARM.Collect$$rtexit$$00000003)
    .ARM.Collect$$rtexit$$00000004           0x00000340   Section        6  rtexit2.o(.ARM.Collect$$rtexit$$00000004)
    .emb_text                                0x00000348   Section        6  bsp.o(.emb_text)
    .text                                    0x00000350   Section      292  startup_tm4c123.o(.text)
    .text                                    0x00000474   Section        0  heapauxi.o(.text)
    .text                                    0x0000047a   Section        0  _rserrno.o(.text)
    .text                                    0x00000490   Section        8  rt_errno_addr_intlibspace.o(.text)
    .text                                    0x00000498   Section        8  libspace.o(.text)
    .text                                    0x000004a0   Section       74  sys_stackheap_outer.o(.text)
    .text                                    0x000004ea   Section        0  exit.o(.text)
    .text                                    0x000004fc   Section        0  sys_exit.o(.text)
    .text                                    0x00000508   Section        2  use_no_semi.o(.text)
    .text                                    0x0000050a   Section        0  indicate_semi.o(.text)
    i.BSP_Button1_Init                       0x0000050c   Section        0  bsp.o(i.BSP_Button1_Init)
    i.BSP_Button1_Input                      0x0000058c   Section        0  bsp.o(i.BSP_Button1_Input)
    i.BSP_Button2_Init                       0x00000598   Section        0  bsp.o(i.BSP_Button2_Init)
    i.BSP_Button2_Input                      0x00000628   Section        0  bsp.o(i.BSP_Button2_Input)
    i.BSP_Clock_GetFreq                      0x00000634   Section        0  bsp.o(i.BSP_Clock_GetFreq)
    i.BSP_Clock_InitFastest                  0x00000640   Section        0  bsp.o(i.BSP_Clock_InitFastest)
    i.BSP_Delay1ms                           0x000006cc   Section        0  bsp.o(i.BSP_Delay1ms)
    i.BSP_LCD_Color565                       0x000006e2   Section        0  bsp.o(i.BSP_LCD_Color565)
    i.BSP_LCD_DrawChar                       0x000006fc   Section        0  bsp.o(i.BSP_LCD_DrawChar)
    i.BSP_LCD_DrawFastHLine                  0x0000080c   Section        0  bsp.o(i.BSP_LCD_DrawFastHLine)
    i.BSP_LCD_DrawFastVLine                  0x00000888   Section        0  bsp.o(i.BSP_LCD_DrawFastVLine)
    i.BSP_LCD_DrawPixel                      0x00000904   Section        0  bsp.o(i.BSP_LCD_DrawPixel)
    i.BSP_LCD_DrawString                     0x0000094c   Section        0  bsp.o(i.BSP_LCD_DrawString)
    i.BSP_LCD_Drawaxes                       0x000009a4   Section        0  bsp.o(i.BSP_LCD_Drawaxes)
    i.BSP_LCD_FillRect                       0x00000ac8   Section        0  bsp.o(i.BSP_LCD_FillRect)
    i.BSP_LCD_FillScreen                     0x00000b74   Section        0  bsp.o(i.BSP_LCD_FillScreen)
    i.BSP_LCD_Init                           0x00000b98   Section        0  bsp.o(i.BSP_LCD_Init)
    i.BSP_LCD_OutUDec                        0x00000ba4   Section        0  bsp.o(i.BSP_LCD_OutUDec)
    i.BSP_LCD_PlotIncrement                  0x00000c34   Section        0  bsp.o(i.BSP_LCD_PlotIncrement)
    i.BSP_LCD_PlotPoint                      0x00000c6c   Section        0  bsp.o(i.BSP_LCD_PlotPoint)
    i.BSP_LCD_SetCursor                      0x00000cd0   Section        0  bsp.o(i.BSP_LCD_SetCursor)
    i.BSP_Microphone_Init                    0x00000cf0   Section        0  bsp.o(i.BSP_Microphone_Init)
    i.BSP_Microphone_Input                   0x00000d9c   Section        0  bsp.o(i.BSP_Microphone_Input)
    i.BSP_Time_Get                           0x00000dc8   Section        0  bsp.o(i.BSP_Time_Get)
    i.BSP_Time_Init                          0x00000dd8   Section        0  bsp.o(i.BSP_Time_Init)
    i.Encrypt                                0x00000e44   Section        0  texas.o(i.Encrypt)
    Encrypt                                  0x00000e45   Thumb Code    86  texas.o(i.Encrypt)
    i.FFT                                    0x00000eac   Section        0  fft.o(i.FFT)
    i.Grader                                 0x00001198   Section        0  texas.o(i.Grader)
    i.LogicAnalyzer                          0x000016a4   Section        0  texas.o(i.LogicAnalyzer)
    i.PeriodicTask2_Init                     0x000016b8   Section        0  texas.o(i.PeriodicTask2_Init)
    i.PeriodicTask2_Stop                     0x00001774   Section        0  texas.o(i.PeriodicTask2_Stop)
    i.Profile_Init                           0x00001798   Section        0  profile.o(i.Profile_Init)
    i.ST7735_InitR                           0x0000196c   Section        0  bsp.o(i.ST7735_InitR)
    ST7735_InitR                             0x0000196d   Thumb Code    86  bsp.o(i.ST7735_InitR)
    i.SetGrade                               0x000019e0   Section        0  texas.o(i.SetGrade)
    SetGrade                                 0x000019e1   Thumb Code   196  texas.o(i.SetGrade)
    i.TExaS_Init                             0x00001aac   Section        0  texas.o(i.TExaS_Init)
    i.TExaS_Stop                             0x00001c00   Section        0  texas.o(i.TExaS_Stop)
    i.TExaS_Task1                            0x00001c08   Section        0  texas.o(i.TExaS_Task1)
    i.TExaS_Task3                            0x00001c74   Section        0  texas.o(i.TExaS_Task3)
    i.TExaS_Task4                            0x00001ce0   Section        0  texas.o(i.TExaS_Task4)
    i.TIMER5A_Handler                        0x00001d4c   Section        0  texas.o(i.TIMER5A_Handler)
    i.Task0                                  0x00001d64   Section        0  spectrum.o(i.Task0)
    i.Task0_Init                             0x00002034   Section        0  spectrum.o(i.Task0_Init)
    i.Task1                                  0x0000203c   Section        0  spectrum.o(i.Task1)
    i.Task3                                  0x0000217c   Section        0  spectrum.o(i.Task3)
    i.Task3_Init                             0x00002274   Section        0  spectrum.o(i.Task3_Init)
    i.Task4                                  0x00002280   Section        0  spectrum.o(i.Task4)
    i.Task4_Init                             0x0000241c   Section        0  spectrum.o(i.Task4_Init)
    i.UART_Init                              0x00002444   Section        0  texas.o(i.UART_Init)
    i.UART_OutChar                           0x000024e8   Section        0  texas.o(i.UART_OutChar)
    i.UART_OutString                         0x00002500   Section        0  texas.o(i.UART_OutString)
    i.UART_OutUDec                           0x00002518   Section        0  texas.o(i.UART_OutUDec)
    i.UART_OutUDec5                          0x00002544   Section        0  texas.o(i.UART_OutUDec5)
    i.UART_OutUDec7                          0x00002588   Section        0  texas.o(i.UART_OutUDec7)
    i.UART_OutUFix1                          0x000025cc   Section        0  texas.o(i.UART_OutUFix1)
    i.WideTimer3A_Handler                    0x000025fc   Section        0  bsp.o(i.WideTimer3A_Handler)
    i.WideTimer4A_Handler                    0x00002614   Section        0  bsp.o(i.WideTimer4A_Handler)
    i.WideTimer5A_Handler                    0x0000262c   Section        0  bsp.o(i.WideTimer5A_Handler)
    i.adcinit                                0x00002644   Section        0  bsp.o(i.adcinit)
    adcinit                                  0x00002645   Thumb Code    58  bsp.o(i.adcinit)
    i.commandList                            0x00002690   Section        0  bsp.o(i.commandList)
    commandList                              0x00002691   Thumb Code    86  bsp.o(i.commandList)
    i.commonInit                             0x000026e8   Section        0  bsp.o(i.commonInit)
    commonInit                               0x000026e9   Thumb Code   452  bsp.o(i.commonInit)
    i.drawaxes                               0x000028ec   Section        0  spectrum.o(i.drawaxes)
    i.fillmessage                            0x00002984   Section        0  bsp.o(i.fillmessage)
    fillmessage                              0x00002985   Thumb Code    64  bsp.o(i.fillmessage)
    i.fillmessage5b                          0x000029cc   Section        0  texas.o(i.fillmessage5b)
    fillmessage5b                            0x000029cd   Thumb Code   116  texas.o(i.fillmessage5b)
    i.fillmessage7b                          0x00002a4c   Section        0  texas.o(i.fillmessage7b)
    fillmessage7b                            0x00002a4d   Thumb Code   174  texas.o(i.fillmessage7b)
    i.fillmessageb                           0x00002b10   Section        0  texas.o(i.fillmessageb)
    fillmessageb                             0x00002b11   Thumb Code    64  texas.o(i.fillmessageb)
    i.main                                   0x00002b58   Section        0  spectrum.o(i.main)
    i.pushColor                              0x00002bc8   Section        0  bsp.o(i.pushColor)
    pushColor                                0x00002bc9   Thumb Code    18  bsp.o(i.pushColor)
    i.setAddrWindow                          0x00002bdc   Section        0  bsp.o(i.setAddrWindow)
    setAddrWindow                            0x00002bdd   Thumb Code   106  bsp.o(i.setAddrWindow)
    i.sqrt                                   0x00002c50   Section        0  sqrt.o(i.sqrt)
    i.writecommand                           0x00002c9c   Section        0  bsp.o(i.writecommand)
    writecommand                             0x00002c9d   Thumb Code    62  bsp.o(i.writecommand)
    i.writedata                              0x00002ce4   Section        0  bsp.o(i.writedata)
    writedata                                0x00002ce5   Thumb Code    64  bsp.o(i.writedata)
    x$fpl$dadd                               0x00002d2c   Section      336  daddsub_clz.o(x$fpl$dadd)
    _dadd1                                   0x00002d3d   Thumb Code     0  daddsub_clz.o(x$fpl$dadd)
    x$fpl$dcmpinf                            0x00002e7c   Section       24  dcmpi.o(x$fpl$dcmpinf)
    x$fpl$ddiv                               0x00002e94   Section      688  ddiv.o(x$fpl$ddiv)
    ddiv_entry                               0x00002e9b   Thumb Code     0  ddiv.o(x$fpl$ddiv)
    x$fpl$dfix                               0x00003144   Section       94  dfix.o(x$fpl$dfix)
    x$fpl$dflt                               0x000031a2   Section       46  dflt_clz.o(x$fpl$dflt)
    x$fpl$dfltu                              0x000031d0   Section       38  dflt_clz.o(x$fpl$dfltu)
    x$fpl$dleqf                              0x000031f8   Section      120  dleqf.o(x$fpl$dleqf)
    x$fpl$dmul                               0x00003270   Section      340  dmul.o(x$fpl$dmul)
    x$fpl$dnaninf                            0x000033c4   Section      156  dnaninf.o(x$fpl$dnaninf)
    x$fpl$dretinf                            0x00003460   Section       12  dretinf.o(x$fpl$dretinf)
    x$fpl$dsqrt                              0x0000346c   Section      408  dsqrt_umaal.o(x$fpl$dsqrt)
    x$fpl$dsub                               0x00003604   Section      468  daddsub_clz.o(x$fpl$dsub)
    _dsub1                                   0x00003615   Thumb Code     0  daddsub_clz.o(x$fpl$dsub)
    .constdata                               0x000037d8   Section     1403  bsp.o(.constdata)
    x$fpl$usenofp                            0x000037d8   Section        0  usenofp.o(x$fpl$usenofp)
    Font                                     0x000037d8   Data        1275  bsp.o(.constdata)
    Rcmd1                                    0x00003cd3   Data          59  bsp.o(.constdata)
    Rcmd2green                               0x00003d0e   Data          13  bsp.o(.constdata)
    Rcmd2red                                 0x00003d1b   Data          13  bsp.o(.constdata)
    Rcmd3                                    0x00003d28   Data          43  bsp.o(.constdata)
    .constdata                               0x00003d54   Section       72  texas.o(.constdata)
    .data                                    0x20000000   Section      106  spectrum.o(.data)
    prev1                                    0x20000068   Data           1  spectrum.o(.data)
    prev2                                    0x20000069   Data           1  spectrum.o(.data)
    .data                                    0x2000006c   Section       68  bsp.o(.data)
    ClockFrequency                           0x2000006c   Data           4  bsp.o(.data)
    PWMCycles                                0x20000070   Data           2  bsp.o(.data)
    ColStart                                 0x2000007e   Data           1  bsp.o(.data)
    RowStart                                 0x2000007f   Data           1  bsp.o(.data)
    _width                                   0x20000080   Data           2  bsp.o(.data)
    _height                                  0x20000082   Data           2  bsp.o(.data)
    .data                                    0x200000b0   Section      148  texas.o(.data)
    count                                    0x20000140   Data           4  texas.o(.data)
    .bss                                     0x20000148   Section    10192  spectrum.o(.bss)
    .bss                                     0x20002918   Section       12  bsp.o(.bss)
    .bss                                     0x20002924   Section       20  texas.o(.bss)
    .bss                                     0x20002938   Section       96  libspace.o(.bss)
    HEAP                                     0x20002998   Section        0  startup_tm4c123.o(HEAP)
    STACK                                    0x20002998   Section      512  startup_tm4c123.o(STACK)
    Heap_Mem                                 0x20002998   Data           0  startup_tm4c123.o(HEAP)
    Stack_Mem                                0x20002998   Data         512  startup_tm4c123.o(STACK)
    __initial_sp                             0x20002b98   Data           0  startup_tm4c123.o(STACK)

    Global Symbols

    Symbol Name                              Value     Ov Type        Size  Object(Section)

    BuildAttributes$$THM_ISAv4$E$P$D$K$B$S$7EM$PE$A:L22UL41UL21$X:L11$S22US41US21$IEEE1$IW$USESV6$~STKCKD$USESV7$~SHL$OTIME$ROPI$IEEEJ$EBA8$UX$STANDARDLIB$REQ8$PRES8$EABIv2 0x00000000   Number         0  anon$$obj.o ABSOLUTE
    __ARM_use_no_argv                        0x00000000   Number         0  spectrum.o ABSOLUTE
    __Vectors                                0x00000000   Data           4  startup_tm4c123.o(RESET)
    __ARM_exceptions_init                     - Undefined Weak Reference
    __alloca_initialize                       - Undefined Weak Reference
    __arm_preinit_                            - Undefined Weak Reference
    __cpp_initialize__aeabi_                  - Undefined Weak Reference
    __cxa_finalize                            - Undefined Weak Reference
    __rt_locale                               - Undefined Weak Reference
    __sigvec_lookup                           - Undefined Weak Reference
    _atexit_init                              - Undefined Weak Reference
    _call_atexit_fns                          - Undefined Weak Reference
    _clock_init                               - Undefined Weak Reference
    _fp_trap_init                             - Undefined Weak Reference
    _fp_trap_shutdown                         - Undefined Weak Reference
    _get_lc_collate                           - Undefined Weak Reference
    _get_lc_ctype                             - Undefined Weak Reference
    _get_lc_monetary                          - Undefined Weak Reference
    _get_lc_numeric                           - Undefined Weak Reference
    _get_lc_time                              - Undefined Weak Reference
    _getenv_init                              - Undefined Weak Reference
    _handle_redirection                       - Undefined Weak Reference
    _init_alloc                               - Undefined Weak Reference
    _init_user_alloc                          - Undefined Weak Reference
    _initio                                   - Undefined Weak Reference
    _rand_init                                - Undefined Weak Reference
    _signal_finish                            - Undefined Weak Reference
    _signal_init                              - Undefined Weak Reference
    _terminate_alloc                          - Undefined Weak Reference
    _terminate_user_alloc                     - Undefined Weak Reference
    _terminateio                              - Undefined Weak Reference
    __Vectors_End                            0x0000026c   Data           0  startup_tm4c123.o(RESET)
    __Vectors_Size                           0x0000026c   Number         0  startup_tm4c123.o ABSOLUTE
    __main                                   0x0000026d   Thumb Code     8  __main.o(!!!main)
    __scatterload                            0x00000275   Thumb Code     0  __scatter.o(!!!scatter)
    __scatterload_rt2                        0x00000275   Thumb Code    44  __scatter.o(!!!scatter)
    __scatterload_rt2_thumb_only             0x00000275   Thumb Code     0  __scatter.o(!!!scatter)
    __scatterload_null                       0x00000283   Thumb Code     0  __scatter.o(!!!scatter)
    __decompress                             0x000002a9   Thumb Code    90  __dczerorl2.o(!!dczerorl2)
    __decompress1                            0x000002a9   Thumb Code     0  __dczerorl2.o(!!dczerorl2)
    __scatterload_zeroinit                   0x00000305   Thumb Code    28  __scatter_zi.o(!!handler_zi)
    __rt_lib_init                            0x00000321   Thumb Code     0  libinit.o(.ARM.Collect$$libinit$$00000000)
    __rt_lib_init_alloca_1                   0x00000323   Thumb Code     0  libinit2.o(.ARM.Collect$$libinit$$0000002E)
    __rt_lib_init_argv_1                     0x00000323   Thumb Code     0  libinit2.o(.ARM.Collect$$libinit$$0000002C)
    __rt_lib_init_atexit_1                   0x00000323   Thumb Code     0  libinit2.o(.ARM.Collect$$libinit$$0000001B)
    __rt_lib_init_clock_1                    0x00000323   Thumb Code     0  libinit2.o(.ARM.Collect$$libinit$$00000021)
    __rt_lib_init_cpp_1                      0x00000323   Thumb Code     0  libinit2.o(.ARM.Collect$$libinit$$00000032)
    __rt_lib_init_exceptions_1               0x00000323   Thumb Code     0  libinit2.o(.ARM.Collect$$libinit$$00000030)
    __rt_lib_init_fp_1                       0x00000323   Thumb Code     0  libinit2.o(.ARM.Collect$$libinit$$00000002)
    __rt_lib_init_fp_trap_1                  0x00000323   Thumb Code     0  libinit2.o(.ARM.Collect$$libinit$$0000001F)
    __rt_lib_init_getenv_1                   0x00000323   Thumb Code     0  libinit2.o(.ARM.Collect$$libinit$$00000023)
    __rt_lib_init_heap_1                     0x00000323   Thumb Code     0  libinit2.o(.ARM.Collect$$libinit$$0000000A)
    __rt_lib_init_lc_collate_1               0x00000323   Thumb Code     0  libinit2.o(.ARM.Collect$$libinit$$00000011)
    __rt_lib_init_lc_ctype_1                 0x00000323   Thumb Code     0  libinit2.o(.ARM.Collect$$libinit$$00000013)
    __rt_lib_init_lc_monetary_1              0x00000323   Thumb Code     0  libinit2.o(.ARM.Collect$$libinit$$00000015)
    __rt_lib_init_lc_numeric_1               0x00000323   Thumb Code     0  libinit2.o(.ARM.Collect$$libinit$$00000017)
    __rt_lib_init_lc_time_1                  0x00000323   Thumb Code     0  libinit2.o(.ARM.Collect$$libinit$$00000019)
    __rt_lib_init_preinit_1                  0x00000323   Thumb Code     0  libinit2.o(.ARM.Collect$$libinit$$00000004)
    __rt_lib_init_rand_1                     0x00000323   Thumb Code     0  libinit2.o(.ARM.Collect$$libinit$$0000000E)
    __rt_lib_init_return                     0x00000323   Thumb Code     0  libinit2.o(.ARM.Collect$$libinit$$00000033)
    __rt_lib_init_signal_1                   0x00000323   Thumb Code     0  libinit2.o(.ARM.Collect$$libinit$$0000001D)
    __rt_lib_init_stdio_1                    0x00000323   Thumb Code     0  libinit2.o(.ARM.Collect$$libinit$$00000025)
    __rt_lib_init_user_alloc_1               0x00000323   Thumb Code     0  libinit2.o(.ARM.Collect$$libinit$$0000000C)
    __rt_lib_shutdown                        0x00000325   Thumb Code     0  libshutdown.o(.ARM.Collect$$libshutdown$$00000000)
    __rt_lib_shutdown_cpp_1                  0x00000327   Thumb Code     0  libshutdown2.o(.ARM.Collect$$libshutdown$$00000002)
    __rt_lib_shutdown_fp_trap_1              0x00000327   Thumb Code     0  libshutdown2.o(.ARM.Collect$$libshutdown$$00000007)
    __rt_lib_shutdown_heap_1                 0x00000327   Thumb Code     0  libshutdown2.o(.ARM.Collect$$libshutdown$$0000000F)
    __rt_lib_shutdown_return                 0x00000327   Thumb Code     0  libshutdown2.o(.ARM.Collect$$libshutdown$$00000010)
    __rt_lib_shutdown_signal_1               0x00000327   Thumb Code     0  libshutdown2.o(.ARM.Collect$$libshutdown$$0000000A)
    __rt_lib_shutdown_stdio_1                0x00000327   Thumb Code     0  libshutdown2.o(.ARM.Collect$$libshutdown$$00000004)
    __rt_lib_shutdown_user_alloc_1           0x00000327   Thumb Code     0  libshutdown2.o(.ARM.Collect$$libshutdown$$0000000C)
    __rt_entry                               0x00000329   Thumb Code     0  __rtentry.o(.ARM.Collect$$rtentry$$00000000)
    __rt_entry_presh_1                       0x00000329   Thumb Code     0  __rtentry2.o(.ARM.Collect$$rtentry$$00000002)
    __rt_entry_sh                            0x00000329   Thumb Code     0  __rtentry4.o(.ARM.Collect$$rtentry$$00000004)
    __rt_entry_li                            0x0000032f   Thumb Code     0  __rtentry2.o(.ARM.Collect$$rtentry$$0000000A)
    __rt_entry_postsh_1                      0x0000032f   Thumb Code     0  __rtentry2.o(.ARM.Collect$$rtentry$$00000009)
    __rt_entry_main                          0x00000333   Thumb Code     0  __rtentry2.o(.ARM.Collect$$rtentry$$0000000D)
    __rt_entry_postli_1                      0x00000333   Thumb Code     0  __rtentry2.o(.ARM.Collect$$rtentry$$0000000C)
    __rt_exit                                0x0000033b   Thumb Code     0  rtexit.o(.ARM.Collect$$rtexit$$00000000)
    __rt_exit_ls                             0x0000033d   Thumb Code     0  rtexit2.o(.ARM.Collect$$rtexit$$00000003)
    __rt_exit_prels_1                        0x0000033d   Thumb Code     0  rtexit2.o(.ARM.Collect$$rtexit$$00000002)
    __rt_exit_exit                           0x00000341   Thumb Code     0  rtexit2.o(.ARM.Collect$$rtexit$$00000004)
    parrotdelay                              0x00000349   Thumb Code     6  bsp.o(.emb_text)
    Reset_Handler                            0x00000351   Thumb Code     4  startup_tm4c123.o(.text)
    NMI_Handler                              0x00000355   Thumb Code     2  startup_tm4c123.o(.text)
    HardFault_Handler                        0x00000357   Thumb Code     2  startup_tm4c123.o(.text)
    MemManage_Handler                        0x00000359   Thumb Code     2  startup_tm4c123.o(.text)
    BusFault_Handler                         0x0000035b   Thumb Code     2  startup_tm4c123.o(.text)
    UsageFault_Handler                       0x0000035d   Thumb Code     2  startup_tm4c123.o(.text)
    SVC_Handler                              0x0000035f   Thumb Code     2  startup_tm4c123.o(.text)
    DebugMon_Handler                         0x00000361   Thumb Code     2  startup_tm4c123.o(.text)
    PendSV_Handler                           0x00000363   Thumb Code     2  startup_tm4c123.o(.text)
    SysTick_Handler                          0x00000365   Thumb Code     2  startup_tm4c123.o(.text)
    GPIOPortA_Handler                        0x00000367   Thumb Code     2  startup_tm4c123.o(.text)
    GPIOPortB_Handler                        0x00000369   Thumb Code     2  startup_tm4c123.o(.text)
    GPIOPortC_Handler                        0x0000036b   Thumb Code     2  startup_tm4c123.o(.text)
    GPIOPortD_Handler                        0x0000036d   Thumb Code     2  startup_tm4c123.o(.text)
    GPIOPortE_Handler                        0x0000036f   Thumb Code     2  startup_tm4c123.o(.text)
    UART0_Handler                            0x00000371   Thumb Code     2  startup_tm4c123.o(.text)
    UART1_Handler                            0x00000373   Thumb Code     2  startup_tm4c123.o(.text)
    SSI0_Handler                             0x00000375   Thumb Code     2  startup_tm4c123.o(.text)
    I2C0_Handler                             0x00000377   Thumb Code     2  startup_tm4c123.o(.text)
    PMW0_FAULT_Handler                       0x00000379   Thumb Code     2  startup_tm4c123.o(.text)
    PWM0Generator0_Handler                   0x0000037b   Thumb Code     2  startup_tm4c123.o(.text)
    PWM0Generator1_Handler                   0x0000037d   Thumb Code     2  startup_tm4c123.o(.text)
    PWM0Generator2_Handler                   0x0000037f   Thumb Code     2  startup_tm4c123.o(.text)
    Quadrature0_Handler                      0x00000381   Thumb Code     2  startup_tm4c123.o(.text)
    ADC0Seq0_Handler                         0x00000383   Thumb Code     2  startup_tm4c123.o(.text)
    ADC0Seq1_Handler                         0x00000385   Thumb Code     2  startup_tm4c123.o(.text)
    ADC0Seq2_Handler                         0x00000387   Thumb Code     2  startup_tm4c123.o(.text)
    ADC0Seq3_Handler                         0x00000389   Thumb Code     2  startup_tm4c123.o(.text)
    WDT_Handler                              0x0000038b   Thumb Code     2  startup_tm4c123.o(.text)
    TIMER0A_Handler                          0x0000038d   Thumb Code     2  startup_tm4c123.o(.text)
    TIMER0B_Handler                          0x0000038f   Thumb Code     2  startup_tm4c123.o(.text)
    TIMER1A_Handler                          0x00000391   Thumb Code     2  startup_tm4c123.o(.text)
    TIMER1B_Handler                          0x00000393   Thumb Code     2  startup_tm4c123.o(.text)
    TIMER2A_Handler                          0x00000395   Thumb Code     2  startup_tm4c123.o(.text)
    TIMER2B_Handler                          0x00000397   Thumb Code     2  startup_tm4c123.o(.text)
    COMP0_Handler                            0x00000399   Thumb Code     2  startup_tm4c123.o(.text)
    COMP1_Handler                            0x0000039b   Thumb Code     2  startup_tm4c123.o(.text)
    COMP2_Handler                            0x0000039d   Thumb Code     2  startup_tm4c123.o(.text)
    SYSCTL_Handler                           0x0000039f   Thumb Code     2  startup_tm4c123.o(.text)
    FlashCtl_Handler                         0x000003a1   Thumb Code     2  startup_tm4c123.o(.text)
    GPIOPortF_Handler                        0x000003a3   Thumb Code     2  startup_tm4c123.o(.text)
    GPIOPortG_Handler                        0x000003a5   Thumb Code     2  startup_tm4c123.o(.text)
    GPIOPortH_Handler                        0x000003a7   Thumb Code     2  startup_tm4c123.o(.text)
    UART2_Handler                            0x000003a9   Thumb Code     2  startup_tm4c123.o(.text)
    SSI1_Handler                             0x000003ab   Thumb Code     2  startup_tm4c123.o(.text)
    TIMER3A_Handler                          0x000003ad   Thumb Code     2  startup_tm4c123.o(.text)
    TIMER3B_Handler                          0x000003af   Thumb Code     2  startup_tm4c123.o(.text)
    I2C1_Handler                             0x000003b1   Thumb Code     2  startup_tm4c123.o(.text)
    Quadrature1_Handler                      0x000003b3   Thumb Code     2  startup_tm4c123.o(.text)
    CAN0_Handler                             0x000003b5   Thumb Code     2  startup_tm4c123.o(.text)
    CAN1_Handler                             0x000003b7   Thumb Code     2  startup_tm4c123.o(.text)
    CAN2_Handler                             0x000003b9   Thumb Code     2  startup_tm4c123.o(.text)
    Hibernate_Handler                        0x000003bb   Thumb Code     2  startup_tm4c123.o(.text)
    USB0_Handler                             0x000003bd   Thumb Code     2  startup_tm4c123.o(.text)
    PWM0Generator3_Handler                   0x000003bf   Thumb Code     2  startup_tm4c123.o(.text)
    UDMA_Handler                             0x000003c1   Thumb Code     2  startup_tm4c123.o(.text)
    UDMAERR_Handler                          0x000003c3   Thumb Code     2  startup_tm4c123.o(.text)
    ADC1Seq0_Handler                         0x000003c5   Thumb Code     2  startup_tm4c123.o(.text)
    ADC1Seq1_Handler                         0x000003c7   Thumb Code     2  startup_tm4c123.o(.text)
    ADC1Seq2_Handler                         0x000003c9   Thumb Code     2  startup_tm4c123.o(.text)
    ADC1Seq3_Handler                         0x000003cb   Thumb Code     2  startup_tm4c123.o(.text)
    GPIOPortJ_Handler                        0x000003cd   Thumb Code     2  startup_tm4c123.o(.text)
    GPIOPortK_Handler                        0x000003cf   Thumb Code     2  startup_tm4c123.o(.text)
    GPIOPortL_Handler                        0x000003d1   Thumb Code     2  startup_tm4c123.o(.text)
    SSI2_Handler                             0x000003d3   Thumb Code     2  startup_tm4c123.o(.text)
    SSI3_Handler                             0x000003d5   Thumb Code     2  startup_tm4c123.o(.text)
    UART3_Handler                            0x000003d7   Thumb Code     2  startup_tm4c123.o(.text)
    UART4_Handler                            0x000003d9   Thumb Code     2  startup_tm4c123.o(.text)
    UART5_Handler                            0x000003db   Thumb Code     2  startup_tm4c123.o(.text)
    UART6_Handler                            0x000003dd   Thumb Code     2  startup_tm4c123.o(.text)
    UART7_Handler                            0x000003df   Thumb Code     2  startup_tm4c123.o(.text)
    I2C2_Handler                             0x000003e1   Thumb Code     2  startup_tm4c123.o(.text)
    I2C3_Handler                             0x000003e3   Thumb Code     2  startup_tm4c123.o(.text)
    TIMER4A_Handler                          0x000003e5   Thumb Code     2  startup_tm4c123.o(.text)
    TIMER4B_Handler                          0x000003e7   Thumb Code     2  startup_tm4c123.o(.text)
    TIMER5B_Handler                          0x000003eb   Thumb Code     2  startup_tm4c123.o(.text)
    WideTimer0A_Handler                      0x000003ed   Thumb Code     2  startup_tm4c123.o(.text)
    WideTimer0B_Handler                      0x000003ef   Thumb Code     2  startup_tm4c123.o(.text)
    WideTimer1A_Handler                      0x000003f1   Thumb Code     2  startup_tm4c123.o(.text)
    WideTimer1B_Handler                      0x000003f3   Thumb Code     2  startup_tm4c123.o(.text)
    WideTimer2A_Handler                      0x000003f5   Thumb Code     2  startup_tm4c123.o(.text)
    WideTimer2B_Handler                      0x000003f7   Thumb Code     2  startup_tm4c123.o(.text)
    WideTimer3B_Handler                      0x000003fb   Thumb Code     2  startup_tm4c123.o(.text)
    WideTimer4B_Handler                      0x000003ff   Thumb Code     2  startup_tm4c123.o(.text)
    WideTimer5B_Handler                      0x00000403   Thumb Code     2  startup_tm4c123.o(.text)
    FPU_Handler                              0x00000405   Thumb Code     2  startup_tm4c123.o(.text)
    I2C4_Handler                             0x00000407   Thumb Code     2  startup_tm4c123.o(.text)
    I2C5_Handler                             0x00000409   Thumb Code     2  startup_tm4c123.o(.text)
    GPIOPortM_Handler                        0x0000040b   Thumb Code     2  startup_tm4c123.o(.text)
    GPIOPortN_Handler                        0x0000040d   Thumb Code     2  startup_tm4c123.o(.text)
    QEI2_Handler                             0x0000040f   Thumb Code     2  startup_tm4c123.o(.text)
    GPIOPortP0_Handler                       0x00000411   Thumb Code     2  startup_tm4c123.o(.text)
    GPIOPortP1_Handler                       0x00000413   Thumb Code     2  startup_tm4c123.o(.text)
    GPIOPortP2_Handler                       0x00000415   Thumb Code     2  startup_tm4c123.o(.text)
    GPIOPortP3_Handler                       0x00000417   Thumb Code     2  startup_tm4c123.o(.text)
    GPIOPortP4_Handler                       0x00000419   Thumb Code     2  startup_tm4c123.o(.text)
    GPIOPortP5_Handler                       0x0000041b   Thumb Code     2  startup_tm4c123.o(.text)
    GPIOPortP6_Handler                       0x0000041d   Thumb Code     2  startup_tm4c123.o(.text)
    GPIOPortP7_Handler                       0x0000041f   Thumb Code     2  startup_tm4c123.o(.text)
    GPIOPortQ0_Handler                       0x00000421   Thumb Code     2  startup_tm4c123.o(.text)
    GPIOPortQ1_Handler                       0x00000423   Thumb Code     2  startup_tm4c123.o(.text)
    GPIOPortQ2_Handler                       0x00000425   Thumb Code     2  startup_tm4c123.o(.text)
    GPIOPortQ3_Handler                       0x00000427   Thumb Code     2  startup_tm4c123.o(.text)
    GPIOPortQ4_Handler                       0x00000429   Thumb Code     2  startup_tm4c123.o(.text)
    GPIOPortQ5_Handler                       0x0000042b   Thumb Code     2  startup_tm4c123.o(.text)
    GPIOPortQ6_Handler                       0x0000042d   Thumb Code     2  startup_tm4c123.o(.text)
    GPIOPortQ7_Handler                       0x0000042f   Thumb Code     2  startup_tm4c123.o(.text)
    GPIOPortR_Handler                        0x00000431   Thumb Code     2  startup_tm4c123.o(.text)
    GPIOPortS_Handler                        0x00000433   Thumb Code     2  startup_tm4c123.o(.text)
    PWM1Generator0_Handler                   0x00000435   Thumb Code     2  startup_tm4c123.o(.text)
    PWM1Generator1_Handler                   0x00000437   Thumb Code     2  startup_tm4c123.o(.text)
    PWM1Generator2_Handler                   0x00000439   Thumb Code     2  startup_tm4c123.o(.text)
    PWM1Generator3_Handler                   0x0000043b   Thumb Code     2  startup_tm4c123.o(.text)
    PWM1Fault_Handler                        0x0000043d   Thumb Code     2  startup_tm4c123.o(.text)
    DisableInterrupts                        0x00000445   Thumb Code     0  startup_tm4c123.o(.text)
    EnableInterrupts                         0x00000449   Thumb Code     0  startup_tm4c123.o(.text)
    StartCritical                            0x0000044d   Thumb Code     0  startup_tm4c123.o(.text)
    EndCritical                              0x00000455   Thumb Code     0  startup_tm4c123.o(.text)
    WaitForInterrupt                         0x0000045b   Thumb Code     0  startup_tm4c123.o(.text)
    __user_initial_stackheap                 0x0000045f   Thumb Code     0  startup_tm4c123.o(.text)
    __use_two_region_memory                  0x00000475   Thumb Code     2  heapauxi.o(.text)
    __rt_heap_escrow$2region                 0x00000477   Thumb Code     2  heapauxi.o(.text)
    __rt_heap_expand$2region                 0x00000479   Thumb Code     2  heapauxi.o(.text)
    __read_errno                             0x0000047b   Thumb Code    10  _rserrno.o(.text)
    __set_errno                              0x00000485   Thumb Code    12  _rserrno.o(.text)
    __aeabi_errno_addr                       0x00000491   Thumb Code     8  rt_errno_addr_intlibspace.o(.text)
    __errno$intlibspace                      0x00000491   Thumb Code     0  rt_errno_addr_intlibspace.o(.text)
    __rt_errno_addr$intlibspace              0x00000491   Thumb Code     0  rt_errno_addr_intlibspace.o(.text)
    __user_libspace                          0x00000499   Thumb Code     8  libspace.o(.text)
    __user_perproc_libspace                  0x00000499   Thumb Code     0  libspace.o(.text)
    __user_perthread_libspace                0x00000499   Thumb Code     0  libspace.o(.text)
    __user_setup_stackheap                   0x000004a1   Thumb Code    74  sys_stackheap_outer.o(.text)
    exit                                     0x000004eb   Thumb Code    18  exit.o(.text)
    _sys_exit                                0x000004fd   Thumb Code     8  sys_exit.o(.text)
    __I$use$semihosting                      0x00000509   Thumb Code     0  use_no_semi.o(.text)
    __use_no_semihosting_swi                 0x00000509   Thumb Code     2  use_no_semi.o(.text)
    __semihosting_library_function           0x0000050b   Thumb Code     0  indicate_semi.o(.text)
    BSP_Button1_Init                         0x0000050d   Thumb Code   112  bsp.o(i.BSP_Button1_Init)
    BSP_Button1_Input                        0x0000058d   Thumb Code     8  bsp.o(i.BSP_Button1_Input)
    BSP_Button2_Init                         0x00000599   Thumb Code   124  bsp.o(i.BSP_Button2_Init)
    BSP_Button2_Input                        0x00000629   Thumb Code     8  bsp.o(i.BSP_Button2_Input)
    BSP_Clock_GetFreq                        0x00000635   Thumb Code     6  bsp.o(i.BSP_Clock_GetFreq)
    BSP_Clock_InitFastest                    0x00000641   Thumb Code   126  bsp.o(i.BSP_Clock_InitFastest)
    BSP_Delay1ms                             0x000006cd   Thumb Code    22  bsp.o(i.BSP_Delay1ms)
    BSP_LCD_Color565                         0x000006e3   Thumb Code    24  bsp.o(i.BSP_LCD_Color565)
    BSP_LCD_DrawChar                         0x000006fd   Thumb Code   260  bsp.o(i.BSP_LCD_DrawChar)
    BSP_LCD_DrawFastHLine                    0x0000080d   Thumb Code   116  bsp.o(i.BSP_LCD_DrawFastHLine)
    BSP_LCD_DrawFastVLine                    0x00000889   Thumb Code   116  bsp.o(i.BSP_LCD_DrawFastVLine)
    BSP_LCD_DrawPixel                        0x00000905   Thumb Code    64  bsp.o(i.BSP_LCD_DrawPixel)
    BSP_LCD_DrawString                       0x0000094d   Thumb Code    86  bsp.o(i.BSP_LCD_DrawString)
    BSP_LCD_Drawaxes                         0x000009a5   Thumb Code   272  bsp.o(i.BSP_LCD_Drawaxes)
    BSP_LCD_FillRect                         0x00000ac9   Thumb Code   164  bsp.o(i.BSP_LCD_FillRect)
    BSP_LCD_FillScreen                       0x00000b75   Thumb Code    28  bsp.o(i.BSP_LCD_FillScreen)
    BSP_LCD_Init                             0x00000b99   Thumb Code    10  bsp.o(i.BSP_LCD_Init)
    BSP_LCD_OutUDec                          0x00000ba5   Thumb Code   120  bsp.o(i.BSP_LCD_OutUDec)
    BSP_LCD_PlotIncrement                    0x00000c35   Thumb Code    46  bsp.o(i.BSP_LCD_PlotIncrement)
    BSP_LCD_PlotPoint                        0x00000c6d   Thumb Code    86  bsp.o(i.BSP_LCD_PlotPoint)
    BSP_LCD_SetCursor                        0x00000cd1   Thumb Code    22  bsp.o(i.BSP_LCD_SetCursor)
    BSP_Microphone_Init                      0x00000cf1   Thumb Code   152  bsp.o(i.BSP_Microphone_Init)
    BSP_Microphone_Input                     0x00000d9d   Thumb Code    40  bsp.o(i.BSP_Microphone_Input)
    BSP_Time_Get                             0x00000dc9   Thumb Code    10  bsp.o(i.BSP_Time_Get)
    BSP_Time_Init                            0x00000dd9   Thumb Code    94  bsp.o(i.BSP_Time_Init)
    FFT                                      0x00000ead   Thumb Code   740  fft.o(i.FFT)
    Grader                                   0x00001199   Thumb Code   956  texas.o(i.Grader)
    LogicAnalyzer                            0x000016a5   Thumb Code    12  texas.o(i.LogicAnalyzer)
    PeriodicTask2_Init                       0x000016b9   Thumb Code   164  texas.o(i.PeriodicTask2_Init)
    PeriodicTask2_Stop                       0x00001775   Thumb Code    24  texas.o(i.PeriodicTask2_Stop)
    Profile_Init                             0x00001799   Thumb Code   418  profile.o(i.Profile_Init)
    TExaS_Init                               0x00001aad   Thumb Code   170  texas.o(i.TExaS_Init)
    TExaS_Stop                               0x00001c01   Thumb Code     8  texas.o(i.TExaS_Stop)
    TExaS_Task1                              0x00001c09   Thumb Code    84  texas.o(i.TExaS_Task1)
    TExaS_Task3                              0x00001c75   Thumb Code    84  texas.o(i.TExaS_Task3)
    TExaS_Task4                              0x00001ce1   Thumb Code    84  texas.o(i.TExaS_Task4)
    TIMER5A_Handler                          0x00001d4d   Thumb Code    16  texas.o(i.TIMER5A_Handler)
    Task0                                    0x00001d65   Thumb Code   684  spectrum.o(i.Task0)
    Task0_Init                               0x00002035   Thumb Code     8  spectrum.o(i.Task0_Init)
    Task1                                    0x0000203d   Thumb Code   282  spectrum.o(i.Task1)
    Task3                                    0x0000217d   Thumb Code   228  spectrum.o(i.Task3)
    Task3_Init                               0x00002275   Thumb Code    12  spectrum.o(i.Task3_Init)
    Task4                                    0x00002281   Thumb Code   358  spectrum.o(i.Task4)
    Task4_Init                               0x0000241d   Thumb Code    34  spectrum.o(i.Task4_Init)
    UART_Init                                0x00002445   Thumb Code   148  texas.o(i.UART_Init)
    UART_OutChar                             0x000024e9   Thumb Code    20  texas.o(i.UART_OutChar)
    UART_OutString                           0x00002501   Thumb Code    24  texas.o(i.UART_OutString)
    UART_OutUDec                             0x00002519   Thumb Code    42  texas.o(i.UART_OutUDec)
    UART_OutUDec5                            0x00002545   Thumb Code    48  texas.o(i.UART_OutUDec5)
    UART_OutUDec7                            0x00002589   Thumb Code    48  texas.o(i.UART_OutUDec7)
    UART_OutUFix1                            0x000025cd   Thumb Code    46  texas.o(i.UART_OutUFix1)
    WideTimer3A_Handler                      0x000025fd   Thumb Code    16  bsp.o(i.WideTimer3A_Handler)
    WideTimer4A_Handler                      0x00002615   Thumb Code    16  bsp.o(i.WideTimer4A_Handler)
    WideTimer5A_Handler                      0x0000262d   Thumb Code    16  bsp.o(i.WideTimer5A_Handler)
    drawaxes                                 0x000028ed   Thumb Code   112  spectrum.o(i.drawaxes)
    main                                     0x00002b59   Thumb Code    96  spectrum.o(i.main)
    sqrt                                     0x00002c51   Thumb Code    76  sqrt.o(i.sqrt)
    __aeabi_dadd                             0x00002d2d   Thumb Code     0  daddsub_clz.o(x$fpl$dadd)
    _dadd                                    0x00002d2d   Thumb Code   332  daddsub_clz.o(x$fpl$dadd)
    __fpl_dcmp_Inf                           0x00002e7d   Thumb Code    24  dcmpi.o(x$fpl$dcmpinf)
    __aeabi_ddiv                             0x00002e95   Thumb Code     0  ddiv.o(x$fpl$ddiv)
    _ddiv                                    0x00002e95   Thumb Code   552  ddiv.o(x$fpl$ddiv)
    __aeabi_d2iz                             0x00003145   Thumb Code     0  dfix.o(x$fpl$dfix)
    _dfix                                    0x00003145   Thumb Code    94  dfix.o(x$fpl$dfix)
    __aeabi_i2d                              0x000031a3   Thumb Code     0  dflt_clz.o(x$fpl$dflt)
    _dflt                                    0x000031a3   Thumb Code    46  dflt_clz.o(x$fpl$dflt)
    __aeabi_ui2d                             0x000031d1   Thumb Code     0  dflt_clz.o(x$fpl$dfltu)
    _dfltu                                   0x000031d1   Thumb Code    38  dflt_clz.o(x$fpl$dfltu)
    __aeabi_cdcmple                          0x000031f9   Thumb Code     0  dleqf.o(x$fpl$dleqf)
    _dcmple                                  0x000031f9   Thumb Code   120  dleqf.o(x$fpl$dleqf)
    __fpl_dcmple_InfNaN                      0x0000325b   Thumb Code     0  dleqf.o(x$fpl$dleqf)
    __aeabi_dmul                             0x00003271   Thumb Code     0  dmul.o(x$fpl$dmul)
    _dmul                                    0x00003271   Thumb Code   332  dmul.o(x$fpl$dmul)
    __fpl_dnaninf                            0x000033c5   Thumb Code   156  dnaninf.o(x$fpl$dnaninf)
    __fpl_dretinf                            0x00003461   Thumb Code    12  dretinf.o(x$fpl$dretinf)
    _dsqrt                                   0x0000346d   Thumb Code   404  dsqrt_umaal.o(x$fpl$dsqrt)
    __aeabi_dsub                             0x00003605   Thumb Code     0  daddsub_clz.o(x$fpl$dsub)
    _dsub                                    0x00003605   Thumb Code   464  daddsub_clz.o(x$fpl$dsub)
    __I$use$fp                               0x000037d8   Number         0  usenofp.o(x$fpl$usenofp)
    Key                                      0x00003d54   Data           8  texas.o(.constdata)
    Scramble                                 0x00003d5c   Data          32  texas.o(.constdata)
    DeScramble                               0x00003d7c   Data          32  texas.o(.constdata)
    Region$$Table$$Base                      0x00003d9c   Number         0  anon$$obj.o(Region$$Table)
    Region$$Table$$Limit                     0x00003dbc   Number         0  anon$$obj.o(Region$$Table)
    SoundData                                0x20000000   Data           2  spectrum.o(.data)
    ReDrawAxes                               0x20000004   Data           4  spectrum.o(.data)
    PlotState                                0x20000008   Data           1  spectrum.o(.data)
    kfft                                     0x2000000c   Data           4  spectrum.o(.data)
    V                                        0x20000010   Data          80  spectrum.o(.data)
    sampleTime                               0x20000060   Data           4  spectrum.o(.data)
    FFTtime                                  0x20000064   Data           4  spectrum.o(.data)
    StX                                      0x20000074   Data           4  bsp.o(.data)
    StY                                      0x20000078   Data           4  bsp.o(.data)
    StTextColor                              0x2000007c   Data           2  bsp.o(.data)
    Messageindex                             0x20000084   Data           4  bsp.o(.data)
    TimeIndex                                0x20000088   Data           4  bsp.o(.data)
    Ymax                                     0x2000008c   Data           4  bsp.o(.data)
    Ymin                                     0x20000090   Data           4  bsp.o(.data)
    Yrange                                   0x20000094   Data           4  bsp.o(.data)
    PlotBGColor                              0x20000098   Data           2  bsp.o(.data)
    PeriodicTask                             0x2000009c   Data           4  bsp.o(.data)
    PeriodicTaskB                            0x200000a0   Data           4  bsp.o(.data)
    PeriodicTaskC                            0x200000a4   Data           4  bsp.o(.data)
    LightBusy                                0x200000a8   Data           4  bsp.o(.data)
    TempBusy                                 0x200000ac   Data           4  bsp.o(.data)
    LogicData                                0x200000b0   Data           1  texas.o(.data)
    Id                                       0x200000b4   Data           4  texas.o(.data)
    Index0                                   0x200000b8   Data           4  texas.o(.data)
    Index1                                   0x200000bc   Data           4  texas.o(.data)
    Index2                                   0x200000c0   Data           4  texas.o(.data)
    Index3                                   0x200000c4   Data           4  texas.o(.data)
    Index4                                   0x200000c8   Data           4  texas.o(.data)
    Index5                                   0x200000cc   Data           4  texas.o(.data)
    Sum0                                     0x200000d0   Data           4  texas.o(.data)
    Sum1                                     0x200000d4   Data           4  texas.o(.data)
    Sum2                                     0x200000d8   Data           4  texas.o(.data)
    Sum3                                     0x200000dc   Data           4  texas.o(.data)
    Sum4                                     0x200000e0   Data           4  texas.o(.data)
    Sum5                                     0x200000e4   Data           4  texas.o(.data)
    Max0                                     0x200000e8   Data           4  texas.o(.data)
    Max1                                     0x200000ec   Data           4  texas.o(.data)
    Max2                                     0x200000f0   Data           4  texas.o(.data)
    Max3                                     0x200000f4   Data           4  texas.o(.data)
    Max4                                     0x200000f8   Data           4  texas.o(.data)
    Max5                                     0x200000fc   Data           4  texas.o(.data)
    Min0                                     0x20000100   Data           4  texas.o(.data)
    Min1                                     0x20000104   Data           4  texas.o(.data)
    Min2                                     0x20000108   Data           4  texas.o(.data)
    Min3                                     0x2000010c   Data           4  texas.o(.data)
    Min4                                     0x20000110   Data           4  texas.o(.data)
    Min5                                     0x20000114   Data           4  texas.o(.data)
    Last0                                    0x20000118   Data           4  texas.o(.data)
    Last1                                    0x2000011c   Data           4  texas.o(.data)
    Last2                                    0x20000120   Data           4  texas.o(.data)
    Last3                                    0x20000124   Data           4  texas.o(.data)
    Last4                                    0x20000128   Data           4  texas.o(.data)
    Last5                                    0x2000012c   Data           4  texas.o(.data)
    PeriodicTask2                            0x20000130   Data           4  texas.o(.data)
    Messageindexb                            0x20000134   Data           4  texas.o(.data)
    Messageb                                 0x20000138   Data           8  texas.o(.data)
    SoundArray                               0x20000148   Data        2000  spectrum.o(.bss)
    real                                     0x20000918   Data        4096  spectrum.o(.bss)
    imag                                     0x20001918   Data        4096  spectrum.o(.bss)
    Message                                  0x20002918   Data          12  bsp.o(.bss)
    MagicCode                                0x20002924   Data          10  texas.o(.bss)
    EncriptedMagicCode                       0x2000292e   Data          10  texas.o(.bss)
    __libspace_start                         0x20002938   Data          96  libspace.o(.bss)
    __temporary_stack_top$libspace           0x20002998   Data           0  libspace.o(.bss)



==============================================================================

Memory Map of the image

  Image Entry point : 0x00000351

  Load Region LR_1 (Base: 0x00000000, Size: 0x00003f00, Max: 0xffffffff, ABSOLUTE, COMPRESSED[0x00003de4])

    Execution Region ER_RO (Exec base: 0x00000000, Load base: 0x00000000, Size: 0x00003dbc, Max: 0xffffffff, ABSOLUTE)

    Exec Addr    Load Addr    Size         Type   Attr      Idx    E Section Name        Object

    0x00000000   0x00000000   0x0000026c   Data   RO          843    RESET               startup_tm4c123.o
    0x0000026c   0x0000026c   0x00000008   Code   RO          909  * !!!main             c_w.l(__main.o)
    0x00000274   0x00000274   0x00000034   Code   RO         1116    !!!scatter          c_w.l(__scatter.o)
    0x000002a8   0x000002a8   0x0000005a   Code   RO         1114    !!dczerorl2         c_w.l(__dczerorl2.o)
    0x00000302   0x00000302   0x00000002   PAD
    0x00000304   0x00000304   0x0000001c   Code   RO         1118    !!handler_zi        c_w.l(__scatter_zi.o)
    0x00000320   0x00000320   0x00000002   Code   RO          987    .ARM.Collect$$libinit$$00000000  c_w.l(libinit.o)
    0x00000322   0x00000322   0x00000000   Code   RO          991    .ARM.Collect$$libinit$$00000002  c_w.l(libinit2.o)
    0x00000322   0x00000322   0x00000000   Code   RO          993    .ARM.Collect$$libinit$$00000004  c_w.l(libinit2.o)
    0x00000322   0x00000322   0x00000000   Code   RO          996    .ARM.Collect$$libinit$$0000000A  c_w.l(libinit2.o)
    0x00000322   0x00000322   0x00000000   Code   RO          998    .ARM.Collect$$libinit$$0000000C  c_w.l(libinit2.o)
    0x00000322   0x00000322   0x00000000   Code   RO         1000    .ARM.Collect$$libinit$$0000000E  c_w.l(libinit2.o)
    0x00000322   0x00000322   0x00000000   Code   RO         1003    .ARM.Collect$$libinit$$00000011  c_w.l(libinit2.o)
    0x00000322   0x00000322   0x00000000   Code   RO         1005    .ARM.Collect$$libinit$$00000013  c_w.l(libinit2.o)
    0x00000322   0x00000322   0x00000000   Code   RO         1007    .ARM.Collect$$libinit$$00000015  c_w.l(libinit2.o)
    0x00000322   0x00000322   0x00000000   Code   RO         1009    .ARM.Collect$$libinit$$00000017  c_w.l(libinit2.o)
    0x00000322   0x00000322   0x00000000   Code   RO         1011    .ARM.Collect$$libinit$$00000019  c_w.l(libinit2.o)
    0x00000322   0x00000322   0x00000000   Code   RO         1013    .ARM.Collect$$libinit$$0000001B  c_w.l(libinit2.o)
    0x00000322   0x00000322   0x00000000   Code   RO         1015    .ARM.Collect$$libinit$$0000001D  c_w.l(libinit2.o)
    0x00000322   0x00000322   0x00000000   Code   RO         1017    .ARM.Collect$$libinit$$0000001F  c_w.l(libinit2.o)
    0x00000322   0x00000322   0x00000000   Code   RO         1019    .ARM.Collect$$libinit$$00000021  c_w.l(libinit2.o)
    0x00000322   0x00000322   0x00000000   Code   RO         1021    .ARM.Collect$$libinit$$00000023  c_w.l(libinit2.o)
    0x00000322   0x00000322   0x00000000   Code   RO         1023    .ARM.Collect$$libinit$$00000025  c_w.l(libinit2.o)
    0x00000322   0x00000322   0x00000000   Code   RO         1027    .ARM.Collect$$libinit$$0000002C  c_w.l(libinit2.o)
    0x00000322   0x00000322   0x00000000   Code   RO         1029    .ARM.Collect$$libinit$$0000002E  c_w.l(libinit2.o)
    0x00000322   0x00000322   0x00000000   Code   RO         1031    .ARM.Collect$$libinit$$00000030  c_w.l(libinit2.o)
    0x00000322   0x00000322   0x00000000   Code   RO         1033    .ARM.Collect$$libinit$$00000032  c_w.l(libinit2.o)
    0x00000322   0x00000322   0x00000002   Code   RO         1034    .ARM.Collect$$libinit$$00000033  c_w.l(libinit2.o)
    0x00000324   0x00000324   0x00000002   Code   RO         1054    .ARM.Collect$$libshutdown$$00000000  c_w.l(libshutdown.o)
    0x00000326   0x00000326   0x00000000   Code   RO         1067    .ARM.Collect$$libshutdown$$00000002  c_w.l(libshutdown2.o)
    0x00000326   0x00000326   0x00000000   Code   RO         1069    .ARM.Collect$$libshutdown$$00000004  c_w.l(libshutdown2.o)
    0x00000326   0x00000326   0x00000000   Code   RO         1072    .ARM.Collect$$libshutdown$$00000007  c_w.l(libshutdown2.o)
    0x00000326   0x00000326   0x00000000   Code   RO         1075    .ARM.Collect$$libshutdown$$0000000A  c_w.l(libshutdown2.o)
    0x00000326   0x00000326   0x00000000   Code   RO         1077    .ARM.Collect$$libshutdown$$0000000C  c_w.l(libshutdown2.o)
    0x00000326   0x00000326   0x00000000   Code   RO         1080    .ARM.Collect$$libshutdown$$0000000F  c_w.l(libshutdown2.o)
    0x00000326   0x00000326   0x00000002   Code   RO         1081    .ARM.Collect$$libshutdown$$00000010  c_w.l(libshutdown2.o)
    0x00000328   0x00000328   0x00000000   Code   RO          943    .ARM.Collect$$rtentry$$00000000  c_w.l(__rtentry.o)
    0x00000328   0x00000328   0x00000000   Code   RO          956    .ARM.Collect$$rtentry$$00000002  c_w.l(__rtentry2.o)
    0x00000328   0x00000328   0x00000006   Code   RO          968    .ARM.Collect$$rtentry$$00000004  c_w.l(__rtentry4.o)
    0x0000032e   0x0000032e   0x00000000   Code   RO          958    .ARM.Collect$$rtentry$$00000009  c_w.l(__rtentry2.o)
    0x0000032e   0x0000032e   0x00000004   Code   RO          959    .ARM.Collect$$rtentry$$0000000A  c_w.l(__rtentry2.o)
    0x00000332   0x00000332   0x00000000   Code   RO          961    .ARM.Collect$$rtentry$$0000000C  c_w.l(__rtentry2.o)
    0x00000332   0x00000332   0x00000008   Code   RO          962    .ARM.Collect$$rtentry$$0000000D  c_w.l(__rtentry2.o)
    0x0000033a   0x0000033a   0x00000002   Code   RO          988    .ARM.Collect$$rtexit$$00000000  c_w.l(rtexit.o)
    0x0000033c   0x0000033c   0x00000000   Code   RO         1036    .ARM.Collect$$rtexit$$00000002  c_w.l(rtexit2.o)
    0x0000033c   0x0000033c   0x00000004   Code   RO         1037    .ARM.Collect$$rtexit$$00000003  c_w.l(rtexit2.o)
    0x00000340   0x00000340   0x00000006   Code   RO         1038    .ARM.Collect$$rtexit$$00000004  c_w.l(rtexit2.o)
    0x00000346   0x00000346   0x00000002   PAD
    0x00000348   0x00000348   0x00000006   Code   RO           96    .emb_text           bsp.o
    0x0000034e   0x0000034e   0x00000002   PAD
    0x00000350   0x00000350   0x00000124   Code   RO          844  * .text               startup_tm4c123.o
    0x00000474   0x00000474   0x00000006   Code   RO          907    .text               c_w.l(heapauxi.o)
    0x0000047a   0x0000047a   0x00000016   Code   RO          944    .text               c_w.l(_rserrno.o)
    0x00000490   0x00000490   0x00000008   Code   RO          973    .text               c_w.l(rt_errno_addr_intlibspace.o)
    0x00000498   0x00000498   0x00000008   Code   RO          975    .text               c_w.l(libspace.o)
    0x000004a0   0x000004a0   0x0000004a   Code   RO          978    .text               c_w.l(sys_stackheap_outer.o)
    0x000004ea   0x000004ea   0x00000012   Code   RO          980    .text               c_w.l(exit.o)
    0x000004fc   0x000004fc   0x0000000c   Code   RO         1046    .text               c_w.l(sys_exit.o)
    0x00000508   0x00000508   0x00000002   Code   RO         1057    .text               c_w.l(use_no_semi.o)
    0x0000050a   0x0000050a   0x00000000   Code   RO         1059    .text               c_w.l(indicate_semi.o)
    0x0000050a   0x0000050a   0x00000002   PAD
    0x0000050c   0x0000050c   0x00000080   Code   RO           99    i.BSP_Button1_Init  bsp.o
    0x0000058c   0x0000058c   0x0000000c   Code   RO          100    i.BSP_Button1_Input  bsp.o
    0x00000598   0x00000598   0x00000090   Code   RO          101    i.BSP_Button2_Init  bsp.o
    0x00000628   0x00000628   0x0000000c   Code   RO          102    i.BSP_Button2_Input  bsp.o
    0x00000634   0x00000634   0x0000000c   Code   RO          105    i.BSP_Clock_GetFreq  bsp.o
    0x00000640   0x00000640   0x0000008c   Code   RO          106    i.BSP_Clock_InitFastest  bsp.o
    0x000006cc   0x000006cc   0x00000016   Code   RO          107    i.BSP_Delay1ms      bsp.o
    0x000006e2   0x000006e2   0x00000018   Code   RO          110    i.BSP_LCD_Color565  bsp.o
    0x000006fa   0x000006fa   0x00000002   PAD
    0x000006fc   0x000006fc   0x00000110   Code   RO          112    i.BSP_LCD_DrawChar  bsp.o
    0x0000080c   0x0000080c   0x0000007c   Code   RO          114    i.BSP_LCD_DrawFastHLine  bsp.o
    0x00000888   0x00000888   0x0000007c   Code   RO          115    i.BSP_LCD_DrawFastVLine  bsp.o
    0x00000904   0x00000904   0x00000048   Code   RO          116    i.BSP_LCD_DrawPixel  bsp.o
    0x0000094c   0x0000094c   0x00000056   Code   RO          117    i.BSP_LCD_DrawString  bsp.o
    0x000009a2   0x000009a2   0x00000002   PAD
    0x000009a4   0x000009a4   0x00000124   Code   RO          118    i.BSP_LCD_Drawaxes  bsp.o
    0x00000ac8   0x00000ac8   0x000000ac   Code   RO          119    i.BSP_LCD_FillRect  bsp.o
    0x00000b74   0x00000b74   0x00000024   Code   RO          120    i.BSP_LCD_FillScreen  bsp.o
    0x00000b98   0x00000b98   0x0000000a   Code   RO          121    i.BSP_LCD_Init      bsp.o
    0x00000ba2   0x00000ba2   0x00000002   PAD
    0x00000ba4   0x00000ba4   0x00000090   Code   RO          122    i.BSP_LCD_OutUDec   bsp.o
    0x00000c34   0x00000c34   0x00000038   Code   RO          127    i.BSP_LCD_PlotIncrement  bsp.o
    0x00000c6c   0x00000c6c   0x00000064   Code   RO          128    i.BSP_LCD_PlotPoint  bsp.o
    0x00000cd0   0x00000cd0   0x00000020   Code   RO          129    i.BSP_LCD_SetCursor  bsp.o
    0x00000cf0   0x00000cf0   0x000000ac   Code   RO          135    i.BSP_Microphone_Init  bsp.o
    0x00000d9c   0x00000d9c   0x0000002c   Code   RO          136    i.BSP_Microphone_Input  bsp.o
    0x00000dc8   0x00000dc8   0x00000010   Code   RO          153    i.BSP_Time_Get      bsp.o
    0x00000dd8   0x00000dd8   0x0000006c   Code   RO          154    i.BSP_Time_Init     bsp.o
    0x00000e44   0x00000e44   0x00000068   Code   RO          619    i.Encrypt           texas.o
    0x00000eac   0x00000eac   0x000002ec   Code   RO          607    i.FFT               fft.o
    0x00001198   0x00001198   0x0000050c   Code   RO          620    i.Grader            texas.o
    0x000016a4   0x000016a4   0x00000014   Code   RO          621    i.LogicAnalyzer     texas.o
    0x000016b8   0x000016b8   0x000000bc   Code   RO          622    i.PeriodicTask2_Init  texas.o
    0x00001774   0x00001774   0x00000024   Code   RO          623    i.PeriodicTask2_Stop  texas.o
    0x00001798   0x00001798   0x000001d4   Code   RO          590    i.Profile_Init      profile.o
    0x0000196c   0x0000196c   0x00000074   Code   RO          158    i.ST7735_InitR      bsp.o
    0x000019e0   0x000019e0   0x000000cc   Code   RO          624    i.SetGrade          texas.o
    0x00001aac   0x00001aac   0x00000154   Code   RO          625    i.TExaS_Init        texas.o
    0x00001c00   0x00001c00   0x00000008   Code   RO          626    i.TExaS_Stop        texas.o
    0x00001c08   0x00001c08   0x0000006c   Code   RO          628    i.TExaS_Task1       texas.o
    0x00001c74   0x00001c74   0x0000006c   Code   RO          630    i.TExaS_Task3       texas.o
    0x00001ce0   0x00001ce0   0x0000006c   Code   RO          631    i.TExaS_Task4       texas.o
    0x00001d4c   0x00001d4c   0x00000018   Code   RO          633    i.TIMER5A_Handler   texas.o
    0x00001d64   0x00001d64   0x000002d0   Code   RO            1    i.Task0             spectrum.o
    0x00002034   0x00002034   0x00000008   Code   RO            2    i.Task0_Init        spectrum.o
    0x0000203c   0x0000203c   0x00000140   Code   RO            3    i.Task1             spectrum.o
    0x0000217c   0x0000217c   0x000000f8   Code   RO            4    i.Task3             spectrum.o
    0x00002274   0x00002274   0x0000000c   Code   RO            5    i.Task3_Init        spectrum.o
    0x00002280   0x00002280   0x0000019c   Code   RO            6    i.Task4             spectrum.o
    0x0000241c   0x0000241c   0x00000028   Code   RO            7    i.Task4_Init        spectrum.o
    0x00002444   0x00002444   0x000000a4   Code   RO          639    i.UART_Init         texas.o
    0x000024e8   0x000024e8   0x00000018   Code   RO          640    i.UART_OutChar      texas.o
    0x00002500   0x00002500   0x00000018   Code   RO          642    i.UART_OutString    texas.o
    0x00002518   0x00002518   0x0000002a   Code   RO          643    i.UART_OutUDec      texas.o
    0x00002542   0x00002542   0x00000002   PAD
    0x00002544   0x00002544   0x00000044   Code   RO          645    i.UART_OutUDec5     texas.o
    0x00002588   0x00002588   0x00000044   Code   RO          646    i.UART_OutUDec7     texas.o
    0x000025cc   0x000025cc   0x0000002e   Code   RO          647    i.UART_OutUFix1     texas.o
    0x000025fa   0x000025fa   0x00000002   PAD
    0x000025fc   0x000025fc   0x00000018   Code   RO          159    i.WideTimer3A_Handler  bsp.o
    0x00002614   0x00002614   0x00000018   Code   RO          160    i.WideTimer4A_Handler  bsp.o
    0x0000262c   0x0000262c   0x00000018   Code   RO          161    i.WideTimer5A_Handler  bsp.o
    0x00002644   0x00002644   0x0000004c   Code   RO          162    i.adcinit           bsp.o
    0x00002690   0x00002690   0x00000056   Code   RO          163    i.commandList       bsp.o
    0x000026e6   0x000026e6   0x00000002   PAD
    0x000026e8   0x000026e8   0x00000204   Code   RO          164    i.commonInit        bsp.o
    0x000028ec   0x000028ec   0x00000098   Code   RO            8    i.drawaxes          spectrum.o
    0x00002984   0x00002984   0x00000048   Code   RO          165    i.fillmessage       bsp.o
    0x000029cc   0x000029cc   0x00000080   Code   RO          650    i.fillmessage5b     texas.o
    0x00002a4c   0x00002a4c   0x000000c4   Code   RO          651    i.fillmessage7b     texas.o
    0x00002b10   0x00002b10   0x00000048   Code   RO          652    i.fillmessageb      texas.o
    0x00002b58   0x00002b58   0x00000070   Code   RO            9    i.main              spectrum.o
    0x00002bc8   0x00002bc8   0x00000012   Code   RO          173    i.pushColor         bsp.o
    0x00002bda   0x00002bda   0x00000002   PAD
    0x00002bdc   0x00002bdc   0x00000074   Code   RO          174    i.setAddrWindow     bsp.o
    0x00002c50   0x00002c50   0x0000004c   Code   RO          936    i.sqrt              m_ws.l(sqrt.o)
    0x00002c9c   0x00002c9c   0x00000048   Code   RO          177    i.writecommand      bsp.o
    0x00002ce4   0x00002ce4   0x00000048   Code   RO          178    i.writedata         bsp.o
    0x00002d2c   0x00002d2c   0x00000150   Code   RO          911    x$fpl$dadd          fz_ws.l(daddsub_clz.o)
    0x00002e7c   0x00002e7c   0x00000018   Code   RO          946    x$fpl$dcmpinf       fz_ws.l(dcmpi.o)
    0x00002e94   0x00002e94   0x000002b0   Code   RO          918    x$fpl$ddiv          fz_ws.l(ddiv.o)
    0x00003144   0x00003144   0x0000005e   Code   RO          921    x$fpl$dfix          fz_ws.l(dfix.o)
    0x000031a2   0x000031a2   0x0000002e   Code   RO          926    x$fpl$dflt          fz_ws.l(dflt_clz.o)
    0x000031d0   0x000031d0   0x00000026   Code   RO          925    x$fpl$dfltu         fz_ws.l(dflt_clz.o)
    0x000031f6   0x000031f6   0x00000002   PAD
    0x000031f8   0x000031f8   0x00000078   Code   RO          931    x$fpl$dleqf         fz_ws.l(dleqf.o)
    0x00003270   0x00003270   0x00000154   Code   RO          933    x$fpl$dmul          fz_ws.l(dmul.o)
    0x000033c4   0x000033c4   0x0000009c   Code   RO          948    x$fpl$dnaninf       fz_ws.l(dnaninf.o)
    0x00003460   0x00003460   0x0000000c   Code   RO          950    x$fpl$dretinf       fz_ws.l(dretinf.o)
    0x0000346c   0x0000346c   0x00000198   Code   RO          952    x$fpl$dsqrt         fz_ws.l(dsqrt_umaal.o)
    0x00003604   0x00003604   0x000001d4   Code   RO          913    x$fpl$dsub          fz_ws.l(daddsub_clz.o)
    0x000037d8   0x000037d8   0x00000000   Code   RO          954    x$fpl$usenofp       fz_ws.l(usenofp.o)
    0x000037d8   0x000037d8   0x0000057b   Data   RO          180    .constdata          bsp.o
    0x00003d53   0x00003d53   0x00000001   PAD
    0x00003d54   0x00003d54   0x00000048   Data   RO          654    .constdata          texas.o
    0x00003d9c   0x00003d9c   0x00000020   Data   RO         1112    Region$$Table       anon$$obj.o


    Execution Region ER_RW (Exec base: 0x20000000, Load base: 0x00003dbc, Size: 0x00000144, Max: 0xffffffff, ABSOLUTE, COMPRESSED[0x00000028])

    Exec Addr    Load Addr    Size         Type   Attr      Idx    E Section Name        Object

    0x20000000   COMPRESSED   0x0000006a   Data   RW           13    .data               spectrum.o
    0x2000006a   COMPRESSED   0x00000002   PAD
    0x2000006c   COMPRESSED   0x00000044   Data   RW          181    .data               bsp.o
    0x200000b0   COMPRESSED   0x00000094   Data   RW          655    .data               texas.o


    Execution Region ER_ZI (Exec base: 0x20000144, Load base: 0x00003de4, Size: 0x00002a54, Max: 0xffffffff, ABSOLUTE)

    Exec Addr    Load Addr    Size         Type   Attr      Idx    E Section Name        Object

    0x20000144   0x00003de4   0x00000004   PAD
    0x20000148        -       0x000027d0   Zero   RW           12    .bss                spectrum.o
    0x20002918        -       0x0000000c   Zero   RW          179    .bss                bsp.o
    0x20002924        -       0x00000014   Zero   RW          653    .bss                texas.o
    0x20002938        -       0x00000060   Zero   RW          976    .bss                c_w.l(libspace.o)
    0x20002998        -       0x00000000   Zero   RW          842    HEAP                startup_tm4c123.o
    0x20002998        -       0x00000200   Zero   RW          841    STACK               startup_tm4c123.o


==============================================================================

Image component sizes


      Code (inc. data)   RO Data    RW Data    ZI Data      Debug   Object Name

      3576        410       1403         68         12      23444   bsp.o
       748          8          0          0          0       1346   fft.o
       468         50          0          0          0        527   profile.o
      2024        210          0        106      10192      10485   spectrum.o
       292         18        620          0        512       5668   startup_tm4c123.o
      3372        758         72        148         20      16849   texas.o

    ----------------------------------------------------------------------
     10496       1454       2128        324      10740      58319   Object Totals
         0          0         32          0          0          0   (incl. Generated)
        16          0          1          2          4          0   (incl. Padding)

    ----------------------------------------------------------------------

      Code (inc. data)   RO Data    RW Data    ZI Data      Debug   Library Member Name

        90          0          0          0          0          0   __dczerorl2.o
         8          0          0          0          0         68   __main.o
         0          0          0          0          0          0   __rtentry.o
        12          0          0          0          0          0   __rtentry2.o
         6          0          0          0          0          0   __rtentry4.o
        52          8          0          0          0          0   __scatter.o
        28          0          0          0          0          0   __scatter_zi.o
        22          0          0          0          0        100   _rserrno.o
        18          0          0          0          0         80   exit.o
         6          0          0          0          0        152   heapauxi.o
         0          0          0          0          0          0   indicate_semi.o
         2          0          0          0          0          0   libinit.o
         2          0          0          0          0          0   libinit2.o
         2          0          0          0          0          0   libshutdown.o
         2          0          0          0          0          0   libshutdown2.o
         8          4          0          0         96         68   libspace.o
         8          4          0          0          0         68   rt_errno_addr_intlibspace.o
         2          0          0          0          0          0   rtexit.o
        10          0          0          0          0          0   rtexit2.o
        12          4          0          0          0         68   sys_exit.o
        74          0          0          0          0         80   sys_stackheap_outer.o
         2          0          0          0          0         68   use_no_semi.o
       804         16          0          0          0        272   daddsub_clz.o
        24          0          0          0          0         68   dcmpi.o
       688        140          0          0          0        208   ddiv.o
        94          4          0          0          0         92   dfix.o
        84          0          0          0          0        136   dflt_clz.o
       120          4          0          0          0         92   dleqf.o
       340         12          0          0          0        104   dmul.o
       156          4          0          0          0         92   dnaninf.o
        12          0          0          0          0         68   dretinf.o
       408         56          0          0          0        120   dsqrt_umaal.o
         0          0          0          0          0          0   usenofp.o
        76          0          0          0          0         84   sqrt.o

    ----------------------------------------------------------------------
      3180        256          0          0         96       2088   Library Totals
         8          0          0          0          0          0   (incl. Padding)

    ----------------------------------------------------------------------

      Code (inc. data)   RO Data    RW Data    ZI Data      Debug   Library Name

       366         20          0          0         96        752   c_w.l
      2730        236          0          0          0       1252   fz_ws.l
        76          0          0          0          0         84   m_ws.l

    ----------------------------------------------------------------------
      3180        256          0          0         96       2088   Library Totals

    ----------------------------------------------------------------------

==============================================================================


      Code (inc. data)   RO Data    RW Data    ZI Data      Debug   

     13676       1710       2128        324      10836      55983   Grand Totals
     13676       1710       2128         40      10836      55983   ELF Image Totals (compressed)
     13676       1710       2128         40          0          0   ROM Totals

==============================================================================

    Total RO  Size (Code + RO Data)                15804 (  15.43kB)
    Total RW  Size (RW Data + ZI Data)             11160 (  10.90kB)
    Total ROM Size (Code + RO Data + RW Data)      15844 (  15.47kB)

==============================================================================

